Archive member included because of file (symbol)

C:/NXP/S32DS_ARM_v2018.R1/S32DS/arm_ewl2/lib/armv7e-m\libc99.a(printf.o)
                              ./Sources/main.o (printf)
C:/NXP/S32DS_ARM_v2018.R1/S32DS/arm_ewl2/lib/armv7e-m\libc99.a(exit.o)
                              C:/NXP/S32DS_ARM_v2018.R1/S32DS/arm_ewl2/lib/armv7e-m/__arm_start-hosted.o (exit)
C:/NXP/S32DS_ARM_v2018.R1/S32DS/arm_ewl2/lib/armv7e-m\libc99.a(memset.o)
                              C:/NXP/S32DS_ARM_v2018.R1/S32DS/arm_ewl2/lib/armv7e-m/__arm_start-hosted.o (memset)
C:/NXP/S32DS_ARM_v2018.R1/S32DS/arm_ewl2/lib/armv7e-m\libc99.a(fgetwc.o)
                              C:/NXP/S32DS_ARM_v2018.R1/S32DS/arm_ewl2/lib/armv7e-m\libc99.a(printf.o) (getwc)
C:/NXP/S32DS_ARM_v2018.R1/S32DS/arm_ewl2/lib/armv7e-m\libc99.a(fwide.o)
                              C:/NXP/S32DS_ARM_v2018.R1/S32DS/arm_ewl2/lib/armv7e-m\libc99.a(printf.o) (fwide)
C:/NXP/S32DS_ARM_v2018.R1/S32DS/arm_ewl2/lib/armv7e-m\libc99.a(__wgetchar.o)
                              C:/NXP/S32DS_ARM_v2018.R1/S32DS/arm_ewl2/lib/armv7e-m\libc99.a(fgetwc.o) (__fgetwc)
C:/NXP/S32DS_ARM_v2018.R1/S32DS/arm_ewl2/lib/armv7e-m\libc99.a(__printformat.o)
                              C:/NXP/S32DS_ARM_v2018.R1/S32DS/arm_ewl2/lib/armv7e-m\libc99.a(printf.o) (__pformatter)
C:/NXP/S32DS_ARM_v2018.R1/S32DS/arm_ewl2/lib/armv7e-m\libc99.a(ctype_aeabi.o)
                              C:/NXP/S32DS_ARM_v2018.R1/S32DS/arm_ewl2/lib/armv7e-m\libc99.a(__printformat.o) (isupper)
C:/NXP/S32DS_ARM_v2018.R1/S32DS/arm_ewl2/lib/armv7e-m\libc99.a(secure_error.o)
                              C:/NXP/S32DS_ARM_v2018.R1/S32DS/arm_ewl2/lib/armv7e-m\libc99.a(__printformat.o) (__ewl_runtime_constraint_violation_s)
C:/NXP/S32DS_ARM_v2018.R1/S32DS/arm_ewl2/lib/armv7e-m\libc99.a(ansi_files.o)
                              C:/NXP/S32DS_ARM_v2018.R1/S32DS/arm_ewl2/lib/armv7e-m\libc99.a(printf.o) (__files)
C:/NXP/S32DS_ARM_v2018.R1/S32DS/arm_ewl2/lib/armv7e-m\libc99.a(fflush.o)
                              C:/NXP/S32DS_ARM_v2018.R1/S32DS/arm_ewl2/lib/armv7e-m\libc99.a(ansi_files.o) (fflush)
C:/NXP/S32DS_ARM_v2018.R1/S32DS/arm_ewl2/lib/armv7e-m\libc99.a(fread.o)
                              C:/NXP/S32DS_ARM_v2018.R1/S32DS/arm_ewl2/lib/armv7e-m\libc99.a(__wgetchar.o) (__fread)
C:/NXP/S32DS_ARM_v2018.R1/S32DS/arm_ewl2/lib/armv7e-m\libc99.a(fwrite.o)
                              C:/NXP/S32DS_ARM_v2018.R1/S32DS/arm_ewl2/lib/armv7e-m\libc99.a(printf.o) (__FileWrite)
C:/NXP/S32DS_ARM_v2018.R1/S32DS/arm_ewl2/lib/armv7e-m\libc99.a(abort.o)
                              C:/NXP/S32DS_ARM_v2018.R1/S32DS/arm_ewl2/lib/armv7e-m\libc99.a(secure_error.o) (abort)
C:/NXP/S32DS_ARM_v2018.R1/S32DS/arm_ewl2/lib/armv7e-m\libc99.a(mbstowcs_s.o)
                              C:/NXP/S32DS_ARM_v2018.R1/S32DS/arm_ewl2/lib/armv7e-m\libc99.a(__printformat.o) (wcstombs)
C:/NXP/S32DS_ARM_v2018.R1/S32DS/arm_ewl2/lib/armv7e-m\libc99.a(mbtowc.o)
                              C:/NXP/S32DS_ARM_v2018.R1/S32DS/arm_ewl2/lib/armv7e-m\libc99.a(__wgetchar.o) (mbtowc)
C:/NXP/S32DS_ARM_v2018.R1/S32DS/arm_ewl2/lib/armv7e-m\libc99.a(wctomb.o)
                              C:/NXP/S32DS_ARM_v2018.R1/S32DS/arm_ewl2/lib/armv7e-m\libc99.a(mbstowcs_s.o) (wctomb)
C:/NXP/S32DS_ARM_v2018.R1/S32DS/arm_ewl2/lib/armv7e-m\libc99.a(__filll_mem.o)
                              C:/NXP/S32DS_ARM_v2018.R1/S32DS/arm_ewl2/lib/armv7e-m\libc99.a(memset.o) (__fill_mem)
C:/NXP/S32DS_ARM_v2018.R1/S32DS/arm_ewl2/lib/armv7e-m\libc99.a(memchr.o)
                              C:/NXP/S32DS_ARM_v2018.R1/S32DS/arm_ewl2/lib/armv7e-m\libc99.a(__printformat.o) (memchr)
C:/NXP/S32DS_ARM_v2018.R1/S32DS/arm_ewl2/lib/armv7e-m\libc99.a(memcpy.o)
                              C:/NXP/S32DS_ARM_v2018.R1/S32DS/arm_ewl2/lib/armv7e-m\libc99.a(fread.o) (memcpy)
C:/NXP/S32DS_ARM_v2018.R1/S32DS/arm_ewl2/lib/armv7e-m\libc99.a(__memrchr.o)
                              C:/NXP/S32DS_ARM_v2018.R1/S32DS/arm_ewl2/lib/armv7e-m\libc99.a(fwrite.o) (__memrchr)
C:/NXP/S32DS_ARM_v2018.R1/S32DS/arm_ewl2/lib/armv7e-m\libc99.a(strchr.o)
                              C:/NXP/S32DS_ARM_v2018.R1/S32DS/arm_ewl2/lib/armv7e-m\libc99.a(__printformat.o) (strchr)
C:/NXP/S32DS_ARM_v2018.R1/S32DS/arm_ewl2/lib/armv7e-m\libc99.a(strcpy.o)
                              C:/NXP/S32DS_ARM_v2018.R1/S32DS/arm_ewl2/lib/armv7e-m\libc99.a(__printformat.o) (strcpy)
C:/NXP/S32DS_ARM_v2018.R1/S32DS/arm_ewl2/lib/armv7e-m\libc99.a(strlen.o)
                              C:/NXP/S32DS_ARM_v2018.R1/S32DS/arm_ewl2/lib/armv7e-m\libc99.a(__printformat.o) (strlen)
C:/NXP/S32DS_ARM_v2018.R1/S32DS/arm_ewl2/lib/armv7e-m\libc99.a(strncpy.o)
                              C:/NXP/S32DS_ARM_v2018.R1/S32DS/arm_ewl2/lib/armv7e-m\libc99.a(mbstowcs_s.o) (strncpy)
C:/NXP/S32DS_ARM_v2018.R1/S32DS/arm_ewl2/lib/armv7e-m\libc99.a(strnlen_s.o)
                              C:/NXP/S32DS_ARM_v2018.R1/S32DS/arm_ewl2/lib/armv7e-m\libc99.a(mbstowcs_s.o) (strnlen_s)
[...]
Memory Configuration

Name             Origin             Length             Attributes
m_interrupts     0x1fff8000         0x00000400         xr
m_text           0x1fff8400         0x0000c000         xr
m_data           0x20004400         0x00002c00         rw
*default*        0x00000000         0xffffffff

Linker script and memory map

LOAD C:/NXP/S32DS_ARM_v2018.R1/S32DS/arm_ewl2/lib/armv7e-m/__arm_start-hosted.o
LOAD ./Sources/pc_communication.o
LOAD ./Sources/main.o
LOAD ./Sources/bootloader.o
LOAD ./SDK/rtos/osif/osif_baremetal.o
LOAD ./SDK/platform/drivers/src/pins/pins_port_hw_access.o
LOAD ./SDK/platform/drivers/src/pins/pins_driver.o
LOAD ./SDK/platform/drivers/src/lpuart/lpuart_irq.o
LOAD ./SDK/platform/drivers/src/lpuart/lpuart_hw_access.o
LOAD ./SDK/platform/drivers/src/lpuart/lpuart_driver.o
LOAD ./SDK/platform/drivers/src/lptmr/lptmr_hw_access.o
LOAD ./SDK/platform/drivers/src/lptmr/lptmr_driver.o
LOAD ./SDK/platform/drivers/src/lpspi/lpspi_slave_driver.o
LOAD ./SDK/platform/drivers/src/lpspi/lpspi_shared_function.o
LOAD ./SDK/platform/drivers/src/lpspi/lpspi_master_driver.o
LOAD ./SDK/platform/drivers/src/lpspi/lpspi_irq.o
LOAD ./SDK/platform/drivers/src/lpspi/lpspi_hw_access.o
LOAD ./SDK/platform/drivers/src/lpit/lpit_driver.o
LOAD ./SDK/platform/drivers/src/interrupt/interrupt_manager.o
LOAD ./SDK/platform/drivers/src/flash/flash_driver.o
LOAD ./SDK/platform/drivers/src/edma/edma_irq.o
LOAD ./SDK/platform/drivers/src/edma/edma_hw_access.o
LOAD ./SDK/platform/drivers/src/edma/edma_driver.o
LOAD ./SDK/platform/drivers/src/clock/clock_manager.o
LOAD ./SDK/platform/drivers/src/clock/S32K1xx/clock_S32K1xx.o
LOAD ./SDK/platform/devices/startup.o
LOAD ./SDK/platform/devices/S32K144/startup/system_S32K144.o
LOAD ./Project_Settings/Startup_Code/startup_S32K144.o
LOAD ./Generated_Code/pin_mux.o
LOAD ./Generated_Code/lpuart0.o
LOAD ./Generated_Code/lpspi2_dac.o
LOAD ./Generated_Code/lpspi0_adc.o
LOAD ./Generated_Code/lpit1.o
LOAD ./Generated_Code/lpTmr1.o
LOAD ./Generated_Code/dmaController1.o
LOAD ./Generated_Code/clockManager1.o
LOAD ./Generated_Code/Flash.o
LOAD ./Generated_Code/Cpu.o
START GROUP
LOAD C:/NXP/S32DS_ARM_v2018.R1/S32DS/arm_ewl2/lib/armv7e-m\libc99.a
LOAD C:/NXP/S32DS_ARM_v2018.R1/S32DS/arm_ewl2/lib/armv7e-m\libm.a
LOAD c:/nxp/s32ds_arm_v2018.r1/cross_tools/gcc-arm-none-eabi-4_9/bin/../lib/gcc/arm-none-eabi/4.9.3/armv7e-m\libgcc.a
LOAD C:/NXP/S32DS_ARM_v2018.R1/S32DS/arm_ewl2/lib/armv7e-m\librt.a
LOAD C:/NXP/S32DS_ARM_v2018.R1/S32DS/arm_ewl2/lib/armv7e-m\libhosted.a
END GROUP
LOAD C:/NXP/S32DS_ARM_v2018.R1/S32DS/arm_ewl2/lib/armv7e-m/__arm_end-hosted.o
                0x00000400                HEAP_SIZE = DEFINED (__heap_size__)?__heap_size__:0x400
                0x00000400                STACK_SIZE = DEFINED (__stack_size__)?__stack_size__:0x400

.interrupts     0x1fff8000      0x400
                0x1fff8000                __VECTOR_TABLE = .
                0x1fff8000                . = ALIGN (0x4)
 *(.isr_vector)
 .isr_vector    0x1fff8000      0x400 ./Project_Settings/Startup_Code/startup_S32K144.o
                0x1fff8000                __isr_vector
                0x1fff8400                . = ALIGN (0x4)
                0x1fff8000                __VECTOR_RAM = __VECTOR_TABLE
                0x00000000                __RAM_VECTOR_TABLE_SIZE = 0x0

.text           0x1fff8400     0x7b98
                0x1fff8400                . = ALIGN (0x4)
 *(.text)
 .text          0x1fff8400       0x44 ./Project_Settings/Startup_Code/startup_S32K144.o
                0x1fff8400                Reset_Handler
                0x1fff8440                DebugMon_Handler
                0x1fff8440                Reserved88_IRQHandler
                0x1fff8440                CAN0_ORed_IRQHandler
                0x1fff8440                HardFault_Handler
                0x1fff8440                Reserved86_IRQHandler
                0x1fff8440                Reserved103_IRQHandler
                0x1fff8440                FTM2_Ovf_Reload_IRQHandler
                0x1fff8440                Reserved50_IRQHandler
                0x1fff8440                FTFC_Fault_IRQHandler
                0x1fff8440                FTM0_Ch6_Ch7_IRQHandler
                0x1fff8440                Reserved114_IRQHandler
                0x1fff8440                PendSV_Handler
                0x1fff8440                NMI_Handler
                0x1fff8440                Reserved89_IRQHandler
                0x1fff8440                ERM_double_fault_IRQHandler
                0x1fff8440                Reserved59_IRQHandler
                0x1fff8440                LPIT0_Ch0_IRQHandler
                0x1fff8440                Reserved99_IRQHandler
                0x1fff8440                FTM3_Ch6_Ch7_IRQHandler
                0x1fff8440                CAN2_ORed_0_15_MB_IRQHandler
                0x1fff8440                LPIT0_Ch3_IRQHandler
                0x1fff8440                Reserved92_IRQHandler
                0x1fff8440                FTM0_Ch4_Ch5_IRQHandler
                0x1fff8440                CAN1_Error_IRQHandler
                0x1fff8440                FTM3_Ch0_Ch1_IRQHandler
                0x1fff8440                SWI_IRQHandler
                0x1fff8440                ADC0_IRQHandler
                0x1fff8440                FTM2_Ch4_Ch5_IRQHandler
                0x1fff8440                UsageFault_Handler
                0x1fff8440                FTM0_Ovf_Reload_IRQHandler
                0x1fff8440                DefaultISR
                0x1fff8440                Reserved58_IRQHandler
                0x1fff8440                CAN1_ORed_0_15_MB_IRQHandler
                0x1fff8440                FTM1_Ch2_Ch3_IRQHandler
                0x1fff8440                Reserved82_IRQHandler
                0x1fff8440                CAN0_ORed_16_31_MB_IRQHandler
                0x1fff8440                LPI2C0_Slave_IRQHandler
                0x1fff8440                Reserved71_IRQHandler
                0x1fff8440                PORTD_IRQHandler
                0x1fff8440                Reserved69_IRQHandler
                0x1fff8440                PORTB_IRQHandler
                0x1fff8440                Reserved70_IRQHandler
                0x1fff8440                ADC1_IRQHandler
                0x1fff8440                FTM2_Ch2_Ch3_IRQHandler
                0x1fff8440                Reserved53_IRQHandler
                0x1fff8440                RTC_IRQHandler
                0x1fff8440                PDB0_IRQHandler
                0x1fff8440                Reserved54_IRQHandler
                0x1fff8440                FTM2_Ch6_Ch7_IRQHandler
                0x1fff8440                FTM3_Ch2_Ch3_IRQHandler
                0x1fff8440                FTM2_Ch0_Ch1_IRQHandler
                0x1fff8440                LPUART1_RxTx_IRQHandler
                0x1fff8440                RTC_Seconds_IRQHandler
                0x1fff8440                CAN2_ORed_IRQHandler
                0x1fff8440                Reserved72_IRQHandler
                0x1fff8440                Reserved110_IRQHandler
                0x1fff8440                Reserved107_IRQHandler
                0x1fff8440                Read_Collision_IRQHandler
                0x1fff8440                CAN2_Error_IRQHandler
                0x1fff8440                FTFC_IRQHandler
                0x1fff8440                FTM1_Ch6_Ch7_IRQHandler
                0x1fff8440                Reserved105_IRQHandler
                0x1fff8440                LPIT0_Ch1_IRQHandler
                0x1fff8440                FTM1_Ch4_Ch5_IRQHandler
                0x1fff8440                FTM3_Ovf_Reload_IRQHandler
                0x1fff8440                LPUART2_RxTx_IRQHandler
                0x1fff8440                WDOG_EWM_IRQHandler
                0x1fff8440                MemManage_Handler
                0x1fff8440                Reserved90_IRQHandler
                0x1fff8440                Reserved83_IRQHandler
                0x1fff8440                FTM0_Fault_IRQHandler
                0x1fff8440                Reserved48_IRQHandler
                0x1fff8440                SVC_Handler
                0x1fff8440                ERM_single_fault_IRQHandler
                0x1fff8440                FTM2_Fault_IRQHandler
                0x1fff8440                FTM0_Ch2_Ch3_IRQHandler
                0x1fff8440                FTM0_Ch0_Ch1_IRQHandler
                0x1fff8440                FTM3_Fault_IRQHandler
                0x1fff8440                RCM_IRQHandler
                0x1fff8440                Reserved100_IRQHandler
                0x1fff8440                Reserved91_IRQHandler
                0x1fff8440                CAN1_ORed_IRQHandler
                0x1fff8440                SCG_IRQHandler
                0x1fff8440                PDB1_IRQHandler
                0x1fff8440                Reserved81_IRQHandler
                0x1fff8440                Reserved46_IRQHandler
                0x1fff8440                Reserved45_IRQHandler
                0x1fff8440                CAN0_Error_IRQHandler
                0x1fff8440                Reserved112_IRQHandler
                0x1fff8440                LPI2C0_Master_IRQHandler
                0x1fff8440                FTM1_Fault_IRQHandler
                0x1fff8440                Reserved106_IRQHandler
                0x1fff8440                LVD_LVW_IRQHandler
                0x1fff8440                LPIT0_Ch2_IRQHandler
                0x1fff8440                PORTA_IRQHandler
                0x1fff8440                MCM_IRQHandler
                0x1fff8440                FTM3_Ch4_Ch5_IRQHandler
                0x1fff8440                CAN0_ORed_0_15_MB_IRQHandler
                0x1fff8440                PORTE_IRQHandler
                0x1fff8440                LPUART0_RxTx_IRQHandler
                0x1fff8440                LPTMR0_IRQHandler
                0x1fff8440                BusFault_Handler
                0x1fff8440                Reserved87_IRQHandler
                0x1fff8440                FTM1_Ovf_Reload_IRQHandler
                0x1fff8440                Reserved93_IRQHandler
                0x1fff8440                CAN0_Wake_Up_IRQHandler
                0x1fff8440                CMP0_IRQHandler
                0x1fff8440                Reserved52_IRQHandler
                0x1fff8440                PORTC_IRQHandler
                0x1fff8440                FTM1_Ch0_Ch1_IRQHandler
                0x1fff8440                FLEXIO_IRQHandler
                0x1fff8440                Reserved113_IRQHandler
 .text          0x1fff8444      0x370 c:/nxp/s32ds_arm_v2018.r1/cross_tools/gcc-arm-none-eabi-4_9/bin/../lib/gcc/arm-none-eabi/4.9.3/armv7e-m\libgcc.a(_arm_addsubdf3.o)
                0x1fff8444                __aeabi_drsub
                0x1fff844c                __aeabi_dsub
                0x1fff844c                __subdf3
                0x1fff8450                __aeabi_dadd
                0x1fff8450                __adddf3
                0x1fff86c8                __floatunsidf
                0x1fff86c8                __aeabi_ui2d
                0x1fff86e8                __floatsidf
                0x1fff86e8                __aeabi_i2d
                0x1fff870c                __aeabi_f2d
                0x1fff870c                __extendsfdf2
                0x1fff8748                __floatundidf
                0x1fff8748                __aeabi_ul2d
                0x1fff8758                __floatdidf
                0x1fff8758                __aeabi_l2d
 .text          0x1fff87b4      0x424 c:/nxp/s32ds_arm_v2018.r1/cross_tools/gcc-arm-none-eabi-4_9/bin/../lib/gcc/arm-none-eabi/4.9.3/armv7e-m\libgcc.a(_arm_muldivdf3.o)
                0x1fff87b4                __aeabi_dmul
                0x1fff87b4                __muldf3
                0x1fff8a08                __divdf3
                0x1fff8a08                __aeabi_ddiv
 .text          0x1fff8bd8      0x110 c:/nxp/s32ds_arm_v2018.r1/cross_tools/gcc-arm-none-eabi-4_9/bin/../lib/gcc/arm-none-eabi/4.9.3/armv7e-m\libgcc.a(_arm_cmpdf2.o)
                0x1fff8bd8                __gtdf2
                0x1fff8bd8                __gedf2
                0x1fff8be0                __ltdf2
                0x1fff8be0                __ledf2
                0x1fff8be8                __nedf2
                0x1fff8be8                __eqdf2
                0x1fff8be8                __cmpdf2
                0x1fff8c64                __aeabi_cdrcmple
                0x1fff8c74                __aeabi_cdcmpeq
                0x1fff8c74                __aeabi_cdcmple
                0x1fff8c84                __aeabi_dcmpeq
                0x1fff8c98                __aeabi_dcmplt
                0x1fff8cac                __aeabi_dcmple
                0x1fff8cc0                __aeabi_dcmpge
                0x1fff8cd4                __aeabi_dcmpgt
 .text          0x1fff8ce8       0x50 c:/nxp/s32ds_arm_v2018.r1/cross_tools/gcc-arm-none-eabi-4_9/bin/../lib/gcc/arm-none-eabi/4.9.3/armv7e-m\libgcc.a(_arm_fixdfsi.o)
                0x1fff8ce8                __aeabi_d2iz
                0x1fff8ce8                __fixdfsi
 .text          0x1fff8d38       0x30 c:/nxp/s32ds_arm_v2018.r1/cross_tools/gcc-arm-none-eabi-4_9/bin/../lib/gcc/arm-none-eabi/4.9.3/armv7e-m\libgcc.a(_aeabi_uldivmod.o)
                0x1fff8d38                __aeabi_uldivmod
 .text          0x1fff8d68       0x60 c:/nxp/s32ds_arm_v2018.r1/cross_tools/gcc-arm-none-eabi-4_9/bin/../lib/gcc/arm-none-eabi/4.9.3/armv7e-m\libgcc.a(bpabi.o)
                0x1fff8d68                __gnu_ldivmod_helper
                0x1fff8d98                __gnu_uldivmod_helper
 .text          0x1fff8dc8        0x4 c:/nxp/s32ds_arm_v2018.r1/cross_tools/gcc-arm-none-eabi-4_9/bin/../lib/gcc/arm-none-eabi/4.9.3/armv7e-m\libgcc.a(_dvmd_tls.o)
                0x1fff8dc8                __aeabi_idiv0
                0x1fff8dc8                __aeabi_ldiv0
 .text          0x1fff8dcc      0x29c c:/nxp/s32ds_arm_v2018.r1/cross_tools/gcc-arm-none-eabi-4_9/bin/../lib/gcc/arm-none-eabi/4.9.3/armv7e-m\libgcc.a(_divdi3.o)
                0x1fff8dcc                __divdi3
 .text          0x1fff9068      0x26c c:/nxp/s32ds_arm_v2018.r1/cross_tools/gcc-arm-none-eabi-4_9/bin/../lib/gcc/arm-none-eabi/4.9.3/armv7e-m\libgcc.a(_udivdi3.o)
                0x1fff9068                __udivdi3
 *(.text*)
 .text.main     0x1fff92d4       0x78 ./Sources/main.o
                0x1fff92d4                main
 .text.uart_bluetooth_test
                0x1fff934c       0x3c ./Sources/main.o
                0x1fff934c                uart_bluetooth_test
 .text.flash_test
                0x1fff9388      0x19c ./Sources/main.o
                0x1fff9388                flash_test
 .text.osif_Tick
                0x1fff9524       0x1c ./SDK/rtos/osif/osif_baremetal.o
 .text.SysTick_Handler
                0x1fff9540        0xc ./SDK/rtos/osif/osif_baremetal.o
                0x1fff9540                SysTick_Handler
 .text.osif_DisableIrqGlobal
                0x1fff954c        0xc ./SDK/rtos/osif/osif_baremetal.o
 .text.osif_EnableIrqGlobal
                0x1fff9558        0xc ./SDK/rtos/osif/osif_baremetal.o
 .text.OSIF_SemaPost
                0x1fff9564       0x3c ./SDK/rtos/osif/osif_baremetal.o
                0x1fff9564                OSIF_SemaPost
 .text.OSIF_SemaCreate
                0x1fff95a0       0x24 ./SDK/rtos/osif/osif_baremetal.o
                0x1fff95a0                OSIF_SemaCreate
 .text.PINS_GPIO_WritePin
                0x1fff95c4       0x44 ./SDK/platform/drivers/src/pins/pins_port_hw_access.o
 .text.PINS_Init
                0x1fff9608      0x1a0 ./SDK/platform/drivers/src/pins/pins_port_hw_access.o
                0x1fff9608                PINS_Init
 .text.PINS_GPIO_TogglePins
                0x1fff97a8       0x1c ./SDK/platform/drivers/src/pins/pins_driver.o
 .text.PINS_DRV_Init
                0x1fff97c4       0x50 ./SDK/platform/drivers/src/pins/pins_driver.o
                0x1fff97c4                PINS_DRV_Init
 .text.PINS_DRV_TogglePins
                0x1fff9814       0x18 ./SDK/platform/drivers/src/pins/pins_driver.o
                0x1fff9814                PINS_DRV_TogglePins
 .text.LPUART0_IrqHandler
                0x1fff982c        0xc ./SDK/platform/drivers/src/lpuart/lpuart_irq.o
                0x1fff982c                LPUART0_IrqHandler
 .text.LPUART1_IrqHandler
                0x1fff9838        0xc ./SDK/platform/drivers/src/lpuart/lpuart_irq.o
                0x1fff9838                LPUART1_IrqHandler
 .text.LPUART2_IrqHandler
                0x1fff9844        0xc ./SDK/platform/drivers/src/lpuart/lpuart_irq.o
                0x1fff9844                LPUART2_IrqHandler
 .text.LPUART_Init
                0x1fff9850       0x48 ./SDK/platform/drivers/src/lpuart/lpuart_hw_access.o
                0x1fff9850                LPUART_Init
 .text.LPUART_SetBitCountPerChar
                0x1fff9898       0x48 ./SDK/platform/drivers/src/lpuart/lpuart_hw_access.o
                0x1fff9898                LPUART_SetBitCountPerChar
 .text.LPUART_SetParityMode
                0x1fff98e0       0x40 ./SDK/platform/drivers/src/lpuart/lpuart_hw_access.o
                0x1fff98e0                LPUART_SetParityMode
 .text.LPUART_Putchar9
                0x1fff9920       0x44 ./SDK/platform/drivers/src/lpuart/lpuart_hw_access.o
                0x1fff9920                LPUART_Putchar9
 .text.LPUART_Putchar10
                0x1fff9964       0x68 ./SDK/platform/drivers/src/lpuart/lpuart_hw_access.o
                0x1fff9964                LPUART_Putchar10
 .text.LPUART_Getchar9
                0x1fff99cc       0x40 ./SDK/platform/drivers/src/lpuart/lpuart_hw_access.o
                0x1fff99cc                LPUART_Getchar9
 .text.LPUART_Getchar10
                0x1fff9a0c       0x5c ./SDK/platform/drivers/src/lpuart/lpuart_hw_access.o
                0x1fff9a0c                LPUART_Getchar10
 .text.LPUART_SetIntMode
                0x1fff9a68      0x188 ./SDK/platform/drivers/src/lpuart/lpuart_hw_access.o
                0x1fff9a68                LPUART_SetIntMode
 .text.LPUART_GetIntMode
                0x1fff9bf0      0x108 ./SDK/platform/drivers/src/lpuart/lpuart_hw_access.o
                0x1fff9bf0                LPUART_GetIntMode
 .text.LPUART_GetStatusFlag
                0x1fff9cf8      0x108 ./SDK/platform/drivers/src/lpuart/lpuart_hw_access.o
                0x1fff9cf8                LPUART_GetStatusFlag
 .text.LPUART_ClearStatusFlag
                0x1fff9e00      0x1a8 ./SDK/platform/drivers/src/lpuart/lpuart_hw_access.o
                0x1fff9e00                LPUART_ClearStatusFlag
 .text.LPUART_SetTransmitterCmd
                0x1fff9fa8       0x50 ./SDK/platform/drivers/src/lpuart/lpuart_driver.o
 .text.LPUART_SetReceiverCmd
                0x1fff9ff8       0x50 ./SDK/platform/drivers/src/lpuart/lpuart_driver.o
 .text.LPUART_SetBaudRateDivisor
                0x1fffa048       0x38 ./SDK/platform/drivers/src/lpuart/lpuart_driver.o
 .text.LPUART_SetOversamplingRatio
                0x1fffa080       0x38 ./SDK/platform/drivers/src/lpuart/lpuart_driver.o
 .text.LPUART_SetBothEdgeSamplingCmd
                0x1fffa0b8       0x34 ./SDK/platform/drivers/src/lpuart/lpuart_driver.o
 .text.LPUART_SetStopBitCount
                0x1fffa0ec       0x28 ./SDK/platform/drivers/src/lpuart/lpuart_driver.o
 .text.LPUART_Putchar
                0x1fffa114       0x24 ./SDK/platform/drivers/src/lpuart/lpuart_driver.o
 .text.LPUART_Getchar
                0x1fffa138       0x20 ./SDK/platform/drivers/src/lpuart/lpuart_driver.o
 .text.LPUART_DRV_Init
                0x1fffa158      0x13c ./SDK/platform/drivers/src/lpuart/lpuart_driver.o
                0x1fffa158                LPUART_DRV_Init
 .text.LPUART_DRV_SendDataPolling
                0x1fffa294       0x84 ./SDK/platform/drivers/src/lpuart/lpuart_driver.o
                0x1fffa294                LPUART_DRV_SendDataPolling
 .text.LPUART_DRV_ReceiveDataPolling
                0x1fffa318       0xbc ./SDK/platform/drivers/src/lpuart/lpuart_driver.o
                0x1fffa318                LPUART_DRV_ReceiveDataPolling
 .text.LPUART_DRV_SetBaudRate
                0x1fffa3d4      0x108 ./SDK/platform/drivers/src/lpuart/lpuart_driver.o
                0x1fffa3d4                LPUART_DRV_SetBaudRate
 .text.LPUART_DRV_IRQHandler
                0x1fffa4dc      0x190 ./SDK/platform/drivers/src/lpuart/lpuart_driver.o
                0x1fffa4dc                LPUART_DRV_IRQHandler
 .text.LPUART_DRV_CompleteSendDataUsingInt
                0x1fffa66c       0x58 ./SDK/platform/drivers/src/lpuart/lpuart_driver.o
 .text.LPUART_DRV_CompleteReceiveDataUsingInt
                0x1fffa6c4       0x68 ./SDK/platform/drivers/src/lpuart/lpuart_driver.o
 .text.LPUART_DRV_PutData
                0x1fffa72c       0x9c ./SDK/platform/drivers/src/lpuart/lpuart_driver.o
 .text.LPUART_DRV_GetData
                0x1fffa7c8       0x98 ./SDK/platform/drivers/src/lpuart/lpuart_driver.o
 .text.LPSPI_GetStatusFlag
                0x1fffa860       0x30 ./SDK/platform/drivers/src/lpspi/lpspi_slave_driver.o
 .text.LPSPI_SetIntMode
                0x1fffa890       0x4c ./SDK/platform/drivers/src/lpspi/lpspi_slave_driver.o
 .text.LPSPI_SetTxDmaCmd
                0x1fffa8dc       0x28 ./SDK/platform/drivers/src/lpspi/lpspi_slave_driver.o
 .text.LPSPI_SetRxDmaCmd
                0x1fffa904       0x28 ./SDK/platform/drivers/src/lpspi/lpspi_slave_driver.o
 .text.LPSPI_DRV_SlaveIRQHandler
                0x1fffa92c      0x11c ./SDK/platform/drivers/src/lpspi/lpspi_slave_driver.o
                0x1fffa92c                LPSPI_DRV_SlaveIRQHandler
 .text.LPSPI_DRV_SlaveAbortTransfer
                0x1fffaa48       0x98 ./SDK/platform/drivers/src/lpspi/lpspi_slave_driver.o
                0x1fffaa48                LPSPI_DRV_SlaveAbortTransfer
 .text.LPSPI_IsMaster
                0x1fffaae0       0x28 ./SDK/platform/drivers/src/lpspi/lpspi_shared_function.o
 .text.LPSPI_SetIntMode
                0x1fffab08       0x4c ./SDK/platform/drivers/src/lpspi/lpspi_shared_function.o
 .text.LPSPI_WriteData
                0x1fffab54       0x1c ./SDK/platform/drivers/src/lpspi/lpspi_shared_function.o
 .text.LPSPI_ReadData
                0x1fffab70       0x18 ./SDK/platform/drivers/src/lpspi/lpspi_shared_function.o
 .text.LPSPI_ReadTxCount
                0x1fffab88       0x1c ./SDK/platform/drivers/src/lpspi/lpspi_shared_function.o
 .text.LPSPI_ReadRxCount
                0x1fffaba4       0x20 ./SDK/platform/drivers/src/lpspi/lpspi_shared_function.o
 .text.LPSPI_ClearContCBit
                0x1fffabc4       0x20 ./SDK/platform/drivers/src/lpspi/lpspi_shared_function.o
 .text.LPSPI_DRV_IRQHandler
                0x1fffabe4       0x3c ./SDK/platform/drivers/src/lpspi/lpspi_shared_function.o
                0x1fffabe4                LPSPI_DRV_IRQHandler
 .text.LPSPI_DRV_FillupTxBuffer
                0x1fffac20      0x17c ./SDK/platform/drivers/src/lpspi/lpspi_shared_function.o
                0x1fffac20                LPSPI_DRV_FillupTxBuffer
 .text.LPSPI_DRV_ReadRXBuffer
                0x1fffad9c      0x17c ./SDK/platform/drivers/src/lpspi/lpspi_shared_function.o
                0x1fffad9c                LPSPI_DRV_ReadRXBuffer
 .text.LPSPI_DRV_DisableTEIEInterrupts
                0x1fffaf18       0x40 ./SDK/platform/drivers/src/lpspi/lpspi_shared_function.o
                0x1fffaf18                LPSPI_DRV_DisableTEIEInterrupts
 .text.LPSPI_GetStatusFlag
                0x1fffaf58       0x30 ./SDK/platform/drivers/src/lpspi/lpspi_master_driver.o
 .text.LPSPI_SetIntMode
                0x1fffaf88       0x4c ./SDK/platform/drivers/src/lpspi/lpspi_master_driver.o
 .text.LPSPI_SetTxDmaCmd
                0x1fffafd4       0x28 ./SDK/platform/drivers/src/lpspi/lpspi_master_driver.o
 .text.LPSPI_SetRxDmaCmd
                0x1fffaffc       0x28 ./SDK/platform/drivers/src/lpspi/lpspi_master_driver.o
 .text.LPSPI_DRV_MasterAbortTransfer
                0x1fffb024       0x3c ./SDK/platform/drivers/src/lpspi/lpspi_master_driver.o
                0x1fffb024                LPSPI_DRV_MasterAbortTransfer
 .text.LPSPI_DRV_MasterCompleteTransfer
                0x1fffb060       0xa8 ./SDK/platform/drivers/src/lpspi/lpspi_master_driver.o
 .text.LPSPI_DRV_MasterIRQHandler
                0x1fffb108       0xf8 ./SDK/platform/drivers/src/lpspi/lpspi_master_driver.o
                0x1fffb108                LPSPI_DRV_MasterIRQHandler
 .text.LPSPI0_IRQHandler
                0x1fffb200        0xc ./SDK/platform/drivers/src/lpspi/lpspi_irq.o
                0x1fffb200                LPSPI0_IRQHandler
 .text.LPSPI1_IRQHandler
                0x1fffb20c        0xc ./SDK/platform/drivers/src/lpspi/lpspi_irq.o
                0x1fffb20c                LPSPI1_IRQHandler
 .text.LPSPI2_IRQHandler
                0x1fffb218        0xc ./SDK/platform/drivers/src/lpspi/lpspi_irq.o
                0x1fffb218                LPSPI2_IRQHandler
 .text.LPSPI_SetFlushFifoCmd
                0x1fffb224       0x38 ./SDK/platform/drivers/src/lpspi/lpspi_hw_access.o
                0x1fffb224                LPSPI_SetFlushFifoCmd
 .text.LPSPI_ClearStatusFlag
                0x1fffb25c       0x58 ./SDK/platform/drivers/src/lpspi/lpspi_hw_access.o
                0x1fffb25c                LPSPI_ClearStatusFlag
 .text.INT_SYS_InstallHandler
                0x1fffb2b4       0x44 ./SDK/platform/drivers/src/interrupt/interrupt_manager.o
                0x1fffb2b4                INT_SYS_InstallHandler
 .text.INT_SYS_EnableIRQ
                0x1fffb2f8       0x30 ./SDK/platform/drivers/src/interrupt/interrupt_manager.o
                0x1fffb2f8                INT_SYS_EnableIRQ
 .text.INT_SYS_EnableIRQGlobal
                0x1fffb328       0x2c ./SDK/platform/drivers/src/interrupt/interrupt_manager.o
                0x1fffb328                INT_SYS_EnableIRQGlobal
 .text.INT_SYS_DisableIRQGlobal
                0x1fffb354       0x1c ./SDK/platform/drivers/src/interrupt/interrupt_manager.o
                0x1fffb354                INT_SYS_DisableIRQGlobal
 .text.FLASH_DRV_GetDEPartitionCode
                0x1fffb370      0x110 ./SDK/platform/drivers/src/flash/flash_driver.o
 .text.FLASH_DRV_Init
                0x1fffb480       0x74 ./SDK/platform/drivers/src/flash/flash_driver.o
                0x1fffb480                FLASH_DRV_Init
 .text.FLASH_DRV_GetPFlashProtection
                0x1fffb4f4       0x50 ./SDK/platform/drivers/src/flash/flash_driver.o
                0x1fffb4f4                FLASH_DRV_GetPFlashProtection
 .text.FLASH_DRV_EraseSector
                0x1fffb544      0x100 ./SDK/platform/drivers/src/flash/flash_driver.o
                0x1fffb544                FLASH_DRV_EraseSector
 .text.FLASH_DRV_Program
                0x1fffb644      0x114 ./SDK/platform/drivers/src/flash/flash_driver.o
                0x1fffb644                FLASH_DRV_Program
 .text.FLASH_DRV_ProgramCheck
                0x1fffb758      0x14c ./SDK/platform/drivers/src/flash/flash_driver.o
                0x1fffb758                FLASH_DRV_ProgramCheck
 .text.EDMA_GetErrorIntStatusFlag
                0x1fffb8a4       0x18 ./SDK/platform/drivers/src/edma/edma_irq.o
 .text.DMA0_IRQHandler
                0x1fffb8bc        0xc ./SDK/platform/drivers/src/edma/edma_irq.o
                0x1fffb8bc                DMA0_IRQHandler
 .text.DMA1_IRQHandler
                0x1fffb8c8        0xc ./SDK/platform/drivers/src/edma/edma_irq.o
                0x1fffb8c8                DMA1_IRQHandler
 .text.DMA2_IRQHandler
                0x1fffb8d4        0xc ./SDK/platform/drivers/src/edma/edma_irq.o
                0x1fffb8d4                DMA2_IRQHandler
 .text.DMA3_IRQHandler
                0x1fffb8e0        0xc ./SDK/platform/drivers/src/edma/edma_irq.o
                0x1fffb8e0                DMA3_IRQHandler
 .text.DMA4_IRQHandler
                0x1fffb8ec        0xc ./SDK/platform/drivers/src/edma/edma_irq.o
                0x1fffb8ec                DMA4_IRQHandler
 .text.DMA5_IRQHandler
                0x1fffb8f8        0xc ./SDK/platform/drivers/src/edma/edma_irq.o
                0x1fffb8f8                DMA5_IRQHandler
 .text.DMA6_IRQHandler
                0x1fffb904        0xc ./SDK/platform/drivers/src/edma/edma_irq.o
                0x1fffb904                DMA6_IRQHandler
 .text.DMA7_IRQHandler
                0x1fffb910        0xc ./SDK/platform/drivers/src/edma/edma_irq.o
                0x1fffb910                DMA7_IRQHandler
 .text.DMA8_IRQHandler
                0x1fffb91c        0xc ./SDK/platform/drivers/src/edma/edma_irq.o
                0x1fffb91c                DMA8_IRQHandler
 .text.DMA9_IRQHandler
                0x1fffb928        0xc ./SDK/platform/drivers/src/edma/edma_irq.o
                0x1fffb928                DMA9_IRQHandler
 .text.DMA10_IRQHandler
                0x1fffb934        0xc ./SDK/platform/drivers/src/edma/edma_irq.o
                0x1fffb934                DMA10_IRQHandler
 .text.DMA11_IRQHandler
                0x1fffb940        0xc ./SDK/platform/drivers/src/edma/edma_irq.o
                0x1fffb940                DMA11_IRQHandler
 .text.DMA12_IRQHandler
                0x1fffb94c        0xc ./SDK/platform/drivers/src/edma/edma_irq.o
                0x1fffb94c                DMA12_IRQHandler
 .text.DMA13_IRQHandler
                0x1fffb958        0xc ./SDK/platform/drivers/src/edma/edma_irq.o
                0x1fffb958                DMA13_IRQHandler
 .text.DMA14_IRQHandler
                0x1fffb964        0xc ./SDK/platform/drivers/src/edma/edma_irq.o
                0x1fffb964                DMA14_IRQHandler
 .text.DMA15_IRQHandler
                0x1fffb970        0xc ./SDK/platform/drivers/src/edma/edma_irq.o
                0x1fffb970                DMA15_IRQHandler
 .text.DMA_Error_IRQHandler
                0x1fffb97c       0x4c ./SDK/platform/drivers/src/edma/edma_irq.o
                0x1fffb97c                DMA_Error_IRQHandler
 .text.EDMA_SetDmaRequestCmd
                0x1fffb9c8       0x30 ./SDK/platform/drivers/src/edma/edma_hw_access.o
                0x1fffb9c8                EDMA_SetDmaRequestCmd
 .text.EDMA_SetHaltCmd
                0x1fffb9f8       0x3c ./SDK/platform/drivers/src/edma/edma_driver.o
 .text.EDMA_ClearErrorIntStatusFlag
                0x1fffba34       0x1c ./SDK/platform/drivers/src/edma/edma_driver.o
 .text.EDMA_ClearDoneStatusFlag
                0x1fffba50       0x1c ./SDK/platform/drivers/src/edma/edma_driver.o
 .text.EDMA_ClearIntStatusFlag
                0x1fffba6c       0x1c ./SDK/platform/drivers/src/edma/edma_driver.o
 .text.EDMA_DRV_ClearIntStatus
                0x1fffba88       0x3c ./SDK/platform/drivers/src/edma/edma_driver.o
 .text.EDMA_DRV_IRQHandler
                0x1fffbac4       0x4c ./SDK/platform/drivers/src/edma/edma_driver.o
                0x1fffbac4                EDMA_DRV_IRQHandler
 .text.EDMA_DRV_ErrorIRQHandler
                0x1fffbb10       0x84 ./SDK/platform/drivers/src/edma/edma_driver.o
                0x1fffbb10                EDMA_DRV_ErrorIRQHandler
 .text.EDMA_DRV_GetDmaRegBaseAddr
                0x1fffbb94       0x1c ./SDK/platform/drivers/src/edma/edma_driver.o
                0x1fffbb94                EDMA_DRV_GetDmaRegBaseAddr
 .text.SIM_GetRtcClkSrc
                0x1fffbbb0       0x20 ./SDK/platform/drivers/src/clock/S32K1xx/clock_S32K1xx.o
 .text.SIM_SetLpoClocks
                0x1fffbbd0       0x70 ./SDK/platform/drivers/src/clock/S32K1xx/clock_S32K1xx.o
 .text.SIM_SetEimClockGate
                0x1fffbc40       0x3c ./SDK/platform/drivers/src/clock/S32K1xx/clock_S32K1xx.o
 .text.SIM_GetEimClockGate
                0x1fffbc7c       0x30 ./SDK/platform/drivers/src/clock/S32K1xx/clock_S32K1xx.o
 .text.SIM_SetErmClockGate
                0x1fffbcac       0x3c ./SDK/platform/drivers/src/clock/S32K1xx/clock_S32K1xx.o
 .text.SIM_GetErmClockGate
                0x1fffbce8       0x30 ./SDK/platform/drivers/src/clock/S32K1xx/clock_S32K1xx.o
 .text.SIM_SetDmaClockGate
                0x1fffbd18       0x3c ./SDK/platform/drivers/src/clock/S32K1xx/clock_S32K1xx.o
 .text.SIM_GetDmaClockGate
                0x1fffbd54       0x30 ./SDK/platform/drivers/src/clock/S32K1xx/clock_S32K1xx.o
 .text.SIM_SetMpuClockGate
                0x1fffbd84       0x3c ./SDK/platform/drivers/src/clock/S32K1xx/clock_S32K1xx.o
 .text.SIM_GetMpuClockGate
                0x1fffbdc0       0x30 ./SDK/platform/drivers/src/clock/S32K1xx/clock_S32K1xx.o
 .text.SIM_SetMscmClockGate
                0x1fffbdf0       0x3c ./SDK/platform/drivers/src/clock/S32K1xx/clock_S32K1xx.o
 .text.SIM_GetMscmClockGate
                0x1fffbe2c       0x30 ./SDK/platform/drivers/src/clock/S32K1xx/clock_S32K1xx.o
 .text.SIM_GetFtm0ExternalClkPinMode
                0x1fffbe5c       0x20 ./SDK/platform/drivers/src/clock/S32K1xx/clock_S32K1xx.o
 .text.SIM_GetFtm1ExternalClkPinMode
                0x1fffbe7c       0x20 ./SDK/platform/drivers/src/clock/S32K1xx/clock_S32K1xx.o
 .text.SIM_GetFtm2ExternalClkPinMode
                0x1fffbe9c       0x20 ./SDK/platform/drivers/src/clock/S32K1xx/clock_S32K1xx.o
 .text.SIM_GetFtm3ExternalClkPinMode
                0x1fffbebc       0x1c ./SDK/platform/drivers/src/clock/S32K1xx/clock_S32K1xx.o
 .text.SIM_GetLpo32KStatus
                0x1fffbed8       0x28 ./SDK/platform/drivers/src/clock/S32K1xx/clock_S32K1xx.o
 .text.SIM_GetLpo1KStatus
                0x1fffbf00       0x28 ./SDK/platform/drivers/src/clock/S32K1xx/clock_S32K1xx.o
 .text.SIM_GetLpoClkSelectorValue
                0x1fffbf28       0x20 ./SDK/platform/drivers/src/clock/S32K1xx/clock_S32K1xx.o
 .text.SIM_GetClockoutStatus
                0x1fffbf48       0x28 ./SDK/platform/drivers/src/clock/S32K1xx/clock_S32K1xx.o
 .text.SIM_GetClockoutDividerValue
                0x1fffbf70       0x20 ./SDK/platform/drivers/src/clock/S32K1xx/clock_S32K1xx.o
 .text.SIM_GetClockoutSelectorValue
                0x1fffbf90       0x20 ./SDK/platform/drivers/src/clock/S32K1xx/clock_S32K1xx.o
 .text.SIM_SetClockout
                0x1fffbfb0       0x5c ./SDK/platform/drivers/src/clock/S32K1xx/clock_S32K1xx.o
 .text.SIM_SetTraceClockSource
                0x1fffc00c       0x38 ./SDK/platform/drivers/src/clock/S32K1xx/clock_S32K1xx.o
 .text.SIM_ClearTraceClockConfig
                0x1fffc044       0x1c ./SDK/platform/drivers/src/clock/S32K1xx/clock_S32K1xx.o
 .text.SIM_SetTraceClockConfig
                0x1fffc060       0x40 ./SDK/platform/drivers/src/clock/S32K1xx/clock_S32K1xx.o
 .text.SCG_GetClockoutSourceSel
                0x1fffc0a0       0x20 ./SDK/platform/drivers/src/clock/S32K1xx/clock_S32K1xx.o
 .text.SCG_GetCurrentSystemClockSource
                0x1fffc0c0       0x20 ./SDK/platform/drivers/src/clock/S32K1xx/clock_S32K1xx.o
 .text.SCG_GetCurrentCoreClockDividerRatio
                0x1fffc0e0       0x20 ./SDK/platform/drivers/src/clock/S32K1xx/clock_S32K1xx.o
 .text.SCG_GetCurrentBusClockDividerRatio
                0x1fffc100       0x20 ./SDK/platform/drivers/src/clock/S32K1xx/clock_S32K1xx.o
 .text.SCG_GetCurrentSlowClockDividerRatio
                0x1fffc120       0x1c ./SDK/platform/drivers/src/clock/S32K1xx/clock_S32K1xx.o
 .text.SCG_SetRunClockControl
                0x1fffc13c       0x44 ./SDK/platform/drivers/src/clock/S32K1xx/clock_S32K1xx.o
 .text.SCG_SetVlprClockControl
                0x1fffc180       0x44 ./SDK/platform/drivers/src/clock/S32K1xx/clock_S32K1xx.o
 .text.SCG_SetHsrunClockControl
                0x1fffc1c4       0x44 ./SDK/platform/drivers/src/clock/S32K1xx/clock_S32K1xx.o
 .text.SCG_GetFircFirstAsyncDivider
                0x1fffc208       0x20 ./SDK/platform/drivers/src/clock/S32K1xx/clock_S32K1xx.o
 .text.SCG_GetFircSecondAsyncDivider
                0x1fffc228       0x20 ./SDK/platform/drivers/src/clock/S32K1xx/clock_S32K1xx.o
 .text.SCG_SetFircAsyncConfig
                0x1fffc248       0x30 ./SDK/platform/drivers/src/clock/S32K1xx/clock_S32K1xx.o
 .text.SCG_GetSircFirstAsyncDivider
                0x1fffc278       0x20 ./SDK/platform/drivers/src/clock/S32K1xx/clock_S32K1xx.o
 .text.SCG_GetSircSecondAsyncDivider
                0x1fffc298       0x20 ./SDK/platform/drivers/src/clock/S32K1xx/clock_S32K1xx.o
 .text.SCG_SetSircAsyncConfig
                0x1fffc2b8       0x30 ./SDK/platform/drivers/src/clock/S32K1xx/clock_S32K1xx.o
 .text.SCG_GetSoscFirstAsyncDivider
                0x1fffc2e8       0x20 ./SDK/platform/drivers/src/clock/S32K1xx/clock_S32K1xx.o
 .text.SCG_GetSoscSecondAsyncDivider
                0x1fffc308       0x20 ./SDK/platform/drivers/src/clock/S32K1xx/clock_S32K1xx.o
 .text.SCG_SetSoscAsyncConfig
                0x1fffc328       0x30 ./SDK/platform/drivers/src/clock/S32K1xx/clock_S32K1xx.o
 .text.SCG_GetSpllFirstAsyncDivider
                0x1fffc358       0x20 ./SDK/platform/drivers/src/clock/S32K1xx/clock_S32K1xx.o
 .text.SCG_GetSpllSecondAsyncDivider
                0x1fffc378       0x20 ./SDK/platform/drivers/src/clock/S32K1xx/clock_S32K1xx.o
 .text.SCG_SetSpllAsyncConfig
                0x1fffc398       0x30 ./SDK/platform/drivers/src/clock/S32K1xx/clock_S32K1xx.o
 .text.SCG_SetClockoutSourceSel
                0x1fffc3c8       0x38 ./SDK/platform/drivers/src/clock/S32K1xx/clock_S32K1xx.o
 .text.SCG_GetSircSystemClockMode
                0x1fffc400       0x34 ./SDK/platform/drivers/src/clock/S32K1xx/clock_S32K1xx.o
 .text.SCG_GetSircStatus
                0x1fffc434       0x2c ./SDK/platform/drivers/src/clock/S32K1xx/clock_S32K1xx.o
 .text.SCG_GetSircRange
                0x1fffc460       0x20 ./SDK/platform/drivers/src/clock/S32K1xx/clock_S32K1xx.o
 .text.SCG_ClearSircLock
                0x1fffc480       0x24 ./SDK/platform/drivers/src/clock/S32K1xx/clock_S32K1xx.o
 .text.SCG_ClearSircControl
                0x1fffc4a4       0x1c ./SDK/platform/drivers/src/clock/S32K1xx/clock_S32K1xx.o
 .text.SCG_SetSircConfiguration
                0x1fffc4c0       0x24 ./SDK/platform/drivers/src/clock/S32K1xx/clock_S32K1xx.o
 .text.SCG_SetSircControl
                0x1fffc4e4       0x58 ./SDK/platform/drivers/src/clock/S32K1xx/clock_S32K1xx.o
 .text.SCG_GetFircSystemClockMode
                0x1fffc53c       0x34 ./SDK/platform/drivers/src/clock/S32K1xx/clock_S32K1xx.o
 .text.SCG_GetFircStatus
                0x1fffc570       0x2c ./SDK/platform/drivers/src/clock/S32K1xx/clock_S32K1xx.o
 .text.SCG_GetFircRange
                0x1fffc59c       0x20 ./SDK/platform/drivers/src/clock/S32K1xx/clock_S32K1xx.o
 .text.SCG_ClearFircLock
                0x1fffc5bc       0x24 ./SDK/platform/drivers/src/clock/S32K1xx/clock_S32K1xx.o
 .text.SCG_ClearFircControl
                0x1fffc5e0       0x1c ./SDK/platform/drivers/src/clock/S32K1xx/clock_S32K1xx.o
 .text.SCG_SetFircConfiguration
                0x1fffc5fc       0x24 ./SDK/platform/drivers/src/clock/S32K1xx/clock_S32K1xx.o
 .text.SCG_SetFircControl
                0x1fffc620       0x40 ./SDK/platform/drivers/src/clock/S32K1xx/clock_S32K1xx.o
 .text.SCG_GetSoscSystemClockMode
                0x1fffc660       0x34 ./SDK/platform/drivers/src/clock/S32K1xx/clock_S32K1xx.o
 .text.SCG_GetSoscStatus
                0x1fffc694       0x2c ./SDK/platform/drivers/src/clock/S32K1xx/clock_S32K1xx.o
 .text.SCG_ClearSoscLock
                0x1fffc6c0       0x24 ./SDK/platform/drivers/src/clock/S32K1xx/clock_S32K1xx.o
 .text.SCG_ClearSoscControl
                0x1fffc6e4       0x1c ./SDK/platform/drivers/src/clock/S32K1xx/clock_S32K1xx.o
 .text.SCG_SetSoscConfiguration
                0x1fffc700       0x3c ./SDK/platform/drivers/src/clock/S32K1xx/clock_S32K1xx.o
 .text.SCG_SetSoscControl
                0x1fffc73c       0x5c ./SDK/platform/drivers/src/clock/S32K1xx/clock_S32K1xx.o
 .text.SCG_GetSpllSystemClockMode
                0x1fffc798       0x34 ./SDK/platform/drivers/src/clock/S32K1xx/clock_S32K1xx.o
 .text.SCG_GetSpllStatus
                0x1fffc7cc       0x2c ./SDK/platform/drivers/src/clock/S32K1xx/clock_S32K1xx.o
 .text.SCG_GetSpllPredivider
                0x1fffc7f8       0x20 ./SDK/platform/drivers/src/clock/S32K1xx/clock_S32K1xx.o
 .text.SCG_GetSpllMultiplier
                0x1fffc818       0x20 ./SDK/platform/drivers/src/clock/S32K1xx/clock_S32K1xx.o
 .text.SCG_ClearSpllLock
                0x1fffc838       0x24 ./SDK/platform/drivers/src/clock/S32K1xx/clock_S32K1xx.o
 .text.SCG_ClearSpllControl
                0x1fffc85c       0x1c ./SDK/platform/drivers/src/clock/S32K1xx/clock_S32K1xx.o
 .text.SCG_SetSpllConfiguration
                0x1fffc878       0x34 ./SDK/platform/drivers/src/clock/S32K1xx/clock_S32K1xx.o
 .text.SCG_SetSpllControl
                0x1fffc8ac       0x5c ./SDK/platform/drivers/src/clock/S32K1xx/clock_S32K1xx.o
 .text.PCC_SetPeripheralClockControl
                0x1fffc908       0x60 ./SDK/platform/drivers/src/clock/S32K1xx/clock_S32K1xx.o
 .text.PCC_SetClockMode
                0x1fffc968       0x70 ./SDK/platform/drivers/src/clock/S32K1xx/clock_S32K1xx.o
 .text.PCC_GetClockMode
                0x1fffc9d8       0x44 ./SDK/platform/drivers/src/clock/S32K1xx/clock_S32K1xx.o
 .text.PCC_GetClockSourceSel
                0x1fffca1c       0x34 ./SDK/platform/drivers/src/clock/S32K1xx/clock_S32K1xx.o
 .text.PCC_GetFracValueSel
                0x1fffca50       0x34 ./SDK/platform/drivers/src/clock/S32K1xx/clock_S32K1xx.o
 .text.PCC_GetDividerSel
                0x1fffca84       0x30 ./SDK/platform/drivers/src/clock/S32K1xx/clock_S32K1xx.o
 .text.PMC_SetLpoMode
                0x1fffcab4       0x3c ./SDK/platform/drivers/src/clock/S32K1xx/clock_S32K1xx.o
 .text.PMC_GetLpoMode
                0x1fffcaf0       0x2c ./SDK/platform/drivers/src/clock/S32K1xx/clock_S32K1xx.o
 .text.PMC_SetLpoTrimValue
                0x1fffcb1c       0x58 ./SDK/platform/drivers/src/clock/S32K1xx/clock_S32K1xx.o
 .text.SMC_GetCurrentRunningMode
                0x1fffcb74       0x1c ./SDK/platform/drivers/src/clock/S32K1xx/clock_S32K1xx.o
 .text.CLOCK_SYS_SetConfiguration
                0x1fffcb90       0x70 ./SDK/platform/drivers/src/clock/S32K1xx/clock_S32K1xx.o
                0x1fffcb90                CLOCK_SYS_SetConfiguration
 .text.CLOCK_SYS_SetScgConfiguration
                0x1fffcc00       0xb4 ./SDK/platform/drivers/src/clock/S32K1xx/clock_S32K1xx.o
 .text.CLOCK_SYS_SetPccConfiguration
                0x1fffccb4       0xb4 ./SDK/platform/drivers/src/clock/S32K1xx/clock_S32K1xx.o
 .text.CLOCK_SYS_SetSimConfiguration
                0x1fffcd68      0x114 ./SDK/platform/drivers/src/clock/S32K1xx/clock_S32K1xx.o
 .text.CLOCK_SYS_SetPmcConfiguration
                0x1fffce7c       0x34 ./SDK/platform/drivers/src/clock/S32K1xx/clock_S32K1xx.o
 .text.CLOCK_SYS_GetDefaultConfiguration
                0x1fffceb0      0x24c ./SDK/platform/drivers/src/clock/S32K1xx/clock_S32K1xx.o
 .text.CLOCK_SYS_GetScgClockFreq
                0x1fffd0fc      0x144 ./SDK/platform/drivers/src/clock/S32K1xx/clock_S32K1xx.o
 .text.CLOCK_SYS_GetSimClockFreq
                0x1fffd240      0x20c ./SDK/platform/drivers/src/clock/S32K1xx/clock_S32K1xx.o
 .text.CLOCK_SYS_GetPccClockFreq
                0x1fffd44c      0x140 ./SDK/platform/drivers/src/clock/S32K1xx/clock_S32K1xx.o
 .text.CLOCK_SYS_GetFreq
                0x1fffd58c       0x5c ./SDK/platform/drivers/src/clock/S32K1xx/clock_S32K1xx.o
                0x1fffd58c                CLOCK_SYS_GetFreq
 .text.CLOCK_SYS_GetPeripheralClock
                0x1fffd5e8       0xd8 ./SDK/platform/drivers/src/clock/S32K1xx/clock_S32K1xx.o
 .text.CLOCK_SYS_GetCurrentRunMode
                0x1fffd6c0       0x44 ./SDK/platform/drivers/src/clock/S32K1xx/clock_S32K1xx.o
 .text.CLOCK_SYS_TransitionSystemClock
                0x1fffd704       0x60 ./SDK/platform/drivers/src/clock/S32K1xx/clock_S32K1xx.o
 .text.CLOCK_SYS_GetSimClkOutFreq
                0x1fffd764       0xdc ./SDK/platform/drivers/src/clock/S32K1xx/clock_S32K1xx.o
 .text.CLOCK_SYS_GetScgClkOutFreq
                0x1fffd840       0x74 ./SDK/platform/drivers/src/clock/S32K1xx/clock_S32K1xx.o
 .text.CLOCK_SYS_GetSimRtcClkFreq
                0x1fffd8b4       0x78 ./SDK/platform/drivers/src/clock/S32K1xx/clock_S32K1xx.o
 .text.CLOCK_SYS_ConfigureSIRC
                0x1fffd92c       0xcc ./SDK/platform/drivers/src/clock/S32K1xx/clock_S32K1xx.o
 .text.CLOCK_SYS_ConfigureFIRC
                0x1fffd9f8       0xd0 ./SDK/platform/drivers/src/clock/S32K1xx/clock_S32K1xx.o
 .text.CLOCK_SYS_ConfigureSOSC
                0x1fffdac8      0x128 ./SDK/platform/drivers/src/clock/S32K1xx/clock_S32K1xx.o
 .text.CLOCK_SYS_ConfigureSPLL
                0x1fffdbf0      0x120 ./SDK/platform/drivers/src/clock/S32K1xx/clock_S32K1xx.o
 .text.CLOCK_SYS_ConfigureTemporarySystemClock
                0x1fffdd10       0x5c ./SDK/platform/drivers/src/clock/S32K1xx/clock_S32K1xx.o
 .text.CLOCK_SYS_ConfigureModulesFromScg
                0x1fffdd6c      0x1ac ./SDK/platform/drivers/src/clock/S32K1xx/clock_S32K1xx.o
 .text.CLOCK_SYS_GetSystemClockFreq
                0x1fffdf18       0xc0 ./SDK/platform/drivers/src/clock/S32K1xx/clock_S32K1xx.o
 .text.CLOCK_SYS_SetSystemClockConfig
                0x1fffdfd8      0x1a0 ./SDK/platform/drivers/src/clock/S32K1xx/clock_S32K1xx.o
 .text.CLOCK_SYS_GetSysAsyncFreq
                0x1fffe178      0x11c ./SDK/platform/drivers/src/clock/S32K1xx/clock_S32K1xx.o
 .text.CLOCK_SYS_GetSysOscFreq
                0x1fffe294       0x30 ./SDK/platform/drivers/src/clock/S32K1xx/clock_S32K1xx.o
 .text.CLOCK_SYS_GetSircFreq
                0x1fffe2c4       0x44 ./SDK/platform/drivers/src/clock/S32K1xx/clock_S32K1xx.o
 .text.CLOCK_SYS_GetFircFreq
                0x1fffe308       0x3c ./SDK/platform/drivers/src/clock/S32K1xx/clock_S32K1xx.o
 .text.CLOCK_SYS_GetSysPllFreq
                0x1fffe344       0x64 ./SDK/platform/drivers/src/clock/S32K1xx/clock_S32K1xx.o
 .text.CLOCK_SYS_GetLpoFreq
                0x1fffe3a8       0x7c ./SDK/platform/drivers/src/clock/S32K1xx/clock_S32K1xx.o
 .text.CLOCK_DRV_Init
                0x1fffe424       0x18 ./SDK/platform/drivers/src/clock/S32K1xx/clock_S32K1xx.o
                0x1fffe424                CLOCK_DRV_Init
 .text.init_data_bss
                0x1fffe43c      0x110 ./SDK/platform/devices/startup.o
                0x1fffe43c                init_data_bss
 .text.SystemInit
                0x1fffe54c       0x30 ./SDK/platform/devices/S32K144/startup/system_S32K144.o
                0x1fffe54c                SystemInit
 .text.printf   0x1fffe57c       0x3c C:/NXP/S32DS_ARM_v2018.R1/S32DS/arm_ewl2/lib/armv7e-m\libc99.a(printf.o)
                0x1fffe57c                printf
 .text.fwide    0x1fffe5b8       0x34 C:/NXP/S32DS_ARM_v2018.R1/S32DS/arm_ewl2/lib/armv7e-m\libc99.a(fwide.o)
                0x1fffe5b8                fwide
 .text.long2str.isra.0
                0x1fffe5ec      0x19e C:/NXP/S32DS_ARM_v2018.R1/S32DS/arm_ewl2/lib/armv7e-m\libc99.a(__printformat.o)
 .text.longlong2str.isra.1
                0x1fffe78a      0x20e C:/NXP/S32DS_ARM_v2018.R1/S32DS/arm_ewl2/lib/armv7e-m\libc99.a(__printformat.o)
 .text.double2hex.isra.2
                0x1fffe998      0x234 C:/NXP/S32DS_ARM_v2018.R1/S32DS/arm_ewl2/lib/armv7e-m\libc99.a(__printformat.o)
 .text.__pformatter
                0x1fffebcc      0x9b8 C:/NXP/S32DS_ARM_v2018.R1/S32DS/arm_ewl2/lib/armv7e-m\libc99.a(__printformat.o)
                0x1fffebcc                __pformatter
 .text.isupper  0x1ffff584       0x1c C:/NXP/S32DS_ARM_v2018.R1/S32DS/arm_ewl2/lib/armv7e-m\libc99.a(ctype_aeabi.o)
                0x1ffff584                isupper
 .text.__ewl_runtime_constraint_violation_s
                0x1ffff5a0       0x10 C:/NXP/S32DS_ARM_v2018.R1/S32DS/arm_ewl2/lib/armv7e-m\libc99.a(secure_error.o)
                0x1ffff5a0                __ewl_runtime_constraint_violation_s
 .text.__fwrite
                0x1ffff5b0      0x16c C:/NXP/S32DS_ARM_v2018.R1/S32DS/arm_ewl2/lib/armv7e-m\libc99.a(fwrite.o)
                0x1ffff5b0                __fwrite
 .text.__FileWrite
                0x1ffff71c       0x1a C:/NXP/S32DS_ARM_v2018.R1/S32DS/arm_ewl2/lib/armv7e-m\libc99.a(fwrite.o)
                0x1ffff71c                __FileWrite
 .text.wcstombs
                0x1ffff736       0x42 C:/NXP/S32DS_ARM_v2018.R1/S32DS/arm_ewl2/lib/armv7e-m\libc99.a(mbstowcs_s.o)
                0x1ffff736                wcstombs
 .text.__wctomb_noconv
                0x1ffff778       0x12 C:/NXP/S32DS_ARM_v2018.R1/S32DS/arm_ewl2/lib/armv7e-m\libc99.a(wctomb.o)
                0x1ffff778                __wctomb_noconv
 .text.wctomb   0x1ffff78a        0x4 C:/NXP/S32DS_ARM_v2018.R1/S32DS/arm_ewl2/lib/armv7e-m\libc99.a(wctomb.o)
                0x1ffff78a                wctomb
 .text.memchr   0x1ffff78e       0x1c C:/NXP/S32DS_ARM_v2018.R1/S32DS/arm_ewl2/lib/armv7e-m\libc99.a(memchr.o)
                0x1ffff78e                memchr
 .text.memcpy   0x1ffff7aa       0x16 C:/NXP/S32DS_ARM_v2018.R1/S32DS/arm_ewl2/lib/armv7e-m\libc99.a(memcpy.o)
                0x1ffff7aa                memcpy
 .text.__memrchr
                0x1ffff7c0       0x1c C:/NXP/S32DS_ARM_v2018.R1/S32DS/arm_ewl2/lib/armv7e-m\libc99.a(__memrchr.o)
                0x1ffff7c0                __memrchr
 .text.strchr   0x1ffff7dc       0x1a C:/NXP/S32DS_ARM_v2018.R1/S32DS/arm_ewl2/lib/armv7e-m\libc99.a(strchr.o)
                0x1ffff7dc                strchr
 .text.strcpy   0x1ffff7f6       0x12 C:/NXP/S32DS_ARM_v2018.R1/S32DS/arm_ewl2/lib/armv7e-m\libc99.a(strcpy.o)
                0x1ffff7f6                strcpy
 .text.strlen   0x1ffff808        0xe C:/NXP/S32DS_ARM_v2018.R1/S32DS/arm_ewl2/lib/armv7e-m\libc99.a(strlen.o)
                0x1ffff808                strlen
 .text.strncpy  0x1ffff816       0x26 C:/NXP/S32DS_ARM_v2018.R1/S32DS/arm_ewl2/lib/armv7e-m\libc99.a(strncpy.o)
                0x1ffff816                strncpy
 .text.__prep_buffer
                0x1ffff83c       0x16 C:/NXP/S32DS_ARM_v2018.R1/S32DS/arm_ewl2/lib/armv7e-m\libc99.a(__buffer_io.o)
                0x1ffff83c                __prep_buffer
 .text.__flush_buffer
                0x1ffff852       0x34 C:/NXP/S32DS_ARM_v2018.R1/S32DS/arm_ewl2/lib/armv7e-m\libc99.a(__buffer_io.o)
                0x1ffff852                __flush_buffer
 *fill*         0x1ffff886        0x2 
 .text.__num2dec
                0x1ffff888      0x200 C:/NXP/S32DS_ARM_v2018.R1/S32DS/arm_ewl2/lib/armv7e-m\libm.a(ansi_fp.o)
                0x1ffff888                __num2dec
 .text.__round_decimal
                0x1ffffa88       0x98 C:/NXP/S32DS_ARM_v2018.R1/S32DS/arm_ewl2/lib/armv7e-m\libm.a(ansi_fp.o)
                0x1ffffa88                __round_decimal
 .text.__signbitd
                0x1ffffb20        0x4 C:/NXP/S32DS_ARM_v2018.R1/S32DS/arm_ewl2/lib/armv7e-m\libm.a(math_api.o)
                0x1ffffb20                __signbitd
 .text.__fpclassifyd
                0x1ffffb24       0x3c C:/NXP/S32DS_ARM_v2018.R1/S32DS/arm_ewl2/lib/armv7e-m\libm.a(math_api.o)
                0x1ffffb24                __fpclassifyd
 .text.frexp    0x1ffffb60       0x6c C:/NXP/S32DS_ARM_v2018.R1/S32DS/arm_ewl2/lib/armv7e-m\libm.a(s_frexp.o)
                0x1ffffb60                frexp
 .text.sys_writec
                0x1ffffbcc        0xe C:/NXP/S32DS_ARM_v2018.R1/S32DS/arm_ewl2/lib/armv7e-m\libhosted.a(semihosted_console_io.o)
                0x1ffffbcc                sys_writec
 .text.sys_readc
                0x1ffffbda       0x10 C:/NXP/S32DS_ARM_v2018.R1/S32DS/arm_ewl2/lib/armv7e-m\libhosted.a(semihosted_console_io.o)
                0x1ffffbda                sys_readc
 .text.__read_console
                0x1ffffbea       0x1a C:/NXP/S32DS_ARM_v2018.R1/S32DS/arm_ewl2/lib/armv7e-m\libhosted.a(semihosted_console_io.o)
                0x1ffffbea                __read_console
 .text.__write_console
                0x1ffffc04       0x18 C:/NXP/S32DS_ARM_v2018.R1/S32DS/arm_ewl2/lib/armv7e-m\libhosted.a(semihosted_console_io.o)
                0x1ffffc04                __write_console
 .text.__close_console
                0x1ffffc1c        0x4 C:/NXP/S32DS_ARM_v2018.R1/S32DS/arm_ewl2/lib/armv7e-m\libhosted.a(semihosted_console_io.o)
                0x1ffffc1c                __close_console
 .text.sys_write
                0x1ffffc20        0xe C:/NXP/S32DS_ARM_v2018.R1/S32DS/arm_ewl2/lib/armv7e-m\libhosted.a(semihosted_file_io.o)
                0x1ffffc20                sys_write
 .text.__write_file
                0x1ffffc2e       0x1e C:/NXP/S32DS_ARM_v2018.R1/S32DS/arm_ewl2/lib/armv7e-m\libhosted.a(semihosted_file_io.o)
                0x1ffffc2e                __write_file
 .text.sys_read
                0x1ffffc4c        0xe C:/NXP/S32DS_ARM_v2018.R1/S32DS/arm_ewl2/lib/armv7e-m\libhosted.a(semihosted_file_io.o)
                0x1ffffc4c                sys_read
 .text.__read_file
                0x1ffffc5a       0x34 C:/NXP/S32DS_ARM_v2018.R1/S32DS/arm_ewl2/lib/armv7e-m\libhosted.a(semihosted_file_io.o)
                0x1ffffc5a                __read_file
 *(.rodata)
 *fill*         0x1ffffc8e        0x2 
 .rodata        0x1ffffc90        0x8 ./Sources/main.o
 *(.rodata*)
 .rodata.s_lpuartBase
                0x1ffffc98        0xc ./SDK/platform/drivers/src/lpuart/lpuart_driver.o
 .rodata.s_lpuartRxTxIrqId
                0x1ffffca4        0x3 ./SDK/platform/drivers/src/lpuart/lpuart_driver.o
 *fill*         0x1ffffca7        0x1 
 .rodata.s_lpuartClkNames
                0x1ffffca8        0x3 ./SDK/platform/drivers/src/lpuart/lpuart_driver.o
 *fill*         0x1ffffcab        0x1 
 .rodata.clockNameMappings
                0x1ffffcac       0x9e ./SDK/platform/drivers/src/clock/S32K1xx/clock_S32K1xx.o
                0x1ffffcac                clockNameMappings
 *fill*         0x1ffffd4a        0x2 
 .rodata.peripheralFeaturesList
                0x1ffffd4c       0x4f ./SDK/platform/drivers/src/clock/S32K1xx/clock_S32K1xx.o
                0x1ffffd4c                peripheralFeaturesList
 *fill*         0x1ffffd9b        0x1 
 .rodata.maxClocksFreq.6397
                0x1ffffd9c       0x24 ./SDK/platform/drivers/src/clock/S32K1xx/clock_S32K1xx.o
 .rodata.fircFreq.6452
                0x1ffffdc0       0x10 ./SDK/platform/drivers/src/clock/S32K1xx/clock_S32K1xx.o
 .rodata.lpuart0_InitConfig0
                0x1ffffdd0        0xc ./Generated_Code/lpuart0.o
                0x1ffffdd0                lpuart0_InitConfig0
 .rodata.Flash_InitConfig0
                0x1ffffddc       0x14 ./Generated_Code/Flash.o
                0x1ffffddc                Flash_InitConfig0
 .rodata.str1.1
                0x1ffffdf0       0x14 C:/NXP/S32DS_ARM_v2018.R1/S32DS/arm_ewl2/lib/armv7e-m\libc99.a(__printformat.o)
                                 0x25 (size before relaxing)
 .rodata.str4.4
                0x1ffffe04        0x4 C:/NXP/S32DS_ARM_v2018.R1/S32DS/arm_ewl2/lib/armv7e-m\libc99.a(__printformat.o)
 .rodata.__aeabi_ctype_table_C
                0x1ffffe08      0x101 C:/NXP/S32DS_ARM_v2018.R1/S32DS/arm_ewl2/lib/armv7e-m\libc99.a(ctype_aeabi.o)
                0x1ffffe08                __aeabi_ctype_table_C
 *fill*         0x1fffff09        0x7 
 .rodata.digit_values
                0x1fffff10       0x40 C:/NXP/S32DS_ARM_v2018.R1/S32DS/arm_ewl2/lib/armv7e-m\libm.a(ansi_fp.o)
 .rodata.bit_values
                0x1fffff50       0x48 C:/NXP/S32DS_ARM_v2018.R1/S32DS/arm_ewl2/lib/armv7e-m\libm.a(ansi_fp.o)
 *(.glue_7)
 .glue_7        0x00000000        0x0 linker stubs
 *(.glue_7t)
 .glue_7t       0x00000000        0x0 linker stubs
 *(.eh_frame)
 *(.init)
 *(.fini)
                0x1fffff98                . = ALIGN (0x4)

.vfp11_veneer   0x1fffff98        0x0
 .vfp11_veneer  0x00000000        0x0 linker stubs

.v4_bx          0x1fffff98        0x0
 .v4_bx         0x00000000        0x0 linker stubs

.iplt           0x1fffff98        0x0
 .iplt          0x00000000        0x0 C:/NXP/S32DS_ARM_v2018.R1/S32DS/arm_ewl2/lib/armv7e-m/__arm_start-hosted.o

.code_ram       0x1fffff98       0x5c
                0x1fffff98                . = ALIGN (0x4)
                0x1fffff98                __CODE_RAM = .
 *(.code_ram)
 .code_ram      0x1fffff98       0x5c ./SDK/platform/drivers/src/flash/flash_driver.o
                0x1ffffff4                __CODE_ROM = .
                0x1ffffff4                __CODE_END = .
                0x1ffffff4                . = ALIGN (0x4)

.ARM.extab
 *(.ARM.extab* .gnu.linkonce.armextab.*)

.ARM            0x1ffffff4        0x8
                0x1ffffff4                __exidx_start = .
 *(.ARM.exidx*)
 .ARM.exidx     0x1ffffff4        0x8 c:/nxp/s32ds_arm_v2018.r1/cross_tools/gcc-arm-none-eabi-4_9/bin/../lib/gcc/arm-none-eabi/4.9.3/armv7e-m\libgcc.a(_divdi3.o)
 .ARM.exidx     0x1ffffffc        0x0 c:/nxp/s32ds_arm_v2018.r1/cross_tools/gcc-arm-none-eabi-4_9/bin/../lib/gcc/arm-none-eabi/4.9.3/armv7e-m\libgcc.a(_udivdi3.o)
                                  0x8 (size before relaxing)
                0x1ffffffc                __exidx_end = .

.rel.dyn        0x1ffffffc        0x0
 .rel.iplt      0x00000000        0x0 C:/NXP/S32DS_ARM_v2018.R1/S32DS/arm_ewl2/lib/armv7e-m/__arm_start-hosted.o

.ctors          0x1ffffffc        0x0
                0x1ffffffc                __CTOR_LIST__ = .
 *crtbegin.o(.ctors)
 *crtbegin?.o(.ctors)
 *(EXCLUDE_FILE(*crtend.o *crtend?.o) .ctors)
 *(SORT(.ctors.*))
 *(.ctors)
                0x1ffffffc                __CTOR_END__ = .

.dtors          0x1ffffffc        0x0
                0x1ffffffc                __DTOR_LIST__ = .
 *crtbegin.o(.dtors)
 *crtbegin?.o(.dtors)
 *(EXCLUDE_FILE(*crtend.o *crtend?.o) .dtors)
 *(SORT(.dtors.*))
 *(.dtors)
                0x1ffffffc                __DTOR_END__ = .

.preinit_array  0x1ffffffc        0x0
                0x1ffffffc                PROVIDE (__preinit_array_start, .)
 *(.preinit_array*)
                0x1ffffffc                PROVIDE (__preinit_array_end, .)

.init_array     0x1ffffffc        0x0
                0x1ffffffc                PROVIDE (__init_array_start, .)
 *(SORT(.init_array.*))
 *(.init_array*)
                0x1ffffffc                PROVIDE (__init_array_end, .)

.fini_array     0x1ffffffc        0x0
                0x1ffffffc                PROVIDE (__fini_array_start, .)
 *(SORT(.fini_array.*))
 *(.fini_array*)
                0x1ffffffc                PROVIDE (__fini_array_end, .)
                0x1ffffffc                __etext = .
                0x1ffffffc                __DATA_ROM = .
                0x1ffffffc                __DATA_END = __DATA_ROM

.customSectionBlock
 *(.customSection)

.data           0x20004400      0x7f0
                0x20004400                . = ALIGN (0x4)
                0x20004400                __DATA_RAM = .
                0x20004400                __data_start__ = .
 *(.data)
 *(.data*)
 .data.test_text
                0x20004400       0x22 ./Sources/main.o
                0x20004400                test_text
 *fill*         0x20004422        0x2 
 .data.g_lpuartIsr
                0x20004424        0xc ./SDK/platform/drivers/src/lpuart/lpuart_irq.o
                0x20004424                g_lpuartIsr
 .data.g_lpspiBase
                0x20004430        0xc ./SDK/platform/drivers/src/lpspi/lpspi_shared_function.o
                0x20004430                g_lpspiBase
 .data.peripheralClockConfig.6177
                0x2000443c       0xa0 ./SDK/platform/drivers/src/clock/S32K1xx/clock_S32K1xx.o
 .data.g_pin_mux_InitConfigArr
                0x200044dc      0x570 ./Generated_Code/pin_mux.o
                0x200044dc                g_pin_mux_InitConfigArr
 .data.peripheralClockConfig0
                0x20004a4c       0x46 ./Generated_Code/clockManager1.o
                0x20004a4c                peripheralClockConfig0
 *fill*         0x20004a92        0x2 
 .data.clockManager1_InitConfig0
                0x20004a94       0x78 ./Generated_Code/clockManager1.o
                0x20004a94                clockManager1_InitConfig0
 .data.__files  0x20004b0c       0xe4 C:/NXP/S32DS_ARM_v2018.R1/S32DS/arm_ewl2/lib/armv7e-m\libc99.a(ansi_files.o)
                0x20004b0c                __files
 *(.jcr*)
                0x20004bf0                . = ALIGN (0x4)
                0x20004bf0                __data_end__ = .

.igot.plt       0x20004bf0        0x0
 .igot.plt      0x00000000        0x0 C:/NXP/S32DS_ARM_v2018.R1/S32DS/arm_ewl2/lib/armv7e-m/__arm_start-hosted.o

.bss            0x20004bf0      0x154
                0x20004bf0                . = ALIGN (0x4)
                0x20004bf0                __BSS_START = .
                0x20004bf0                __bss_start__ = .
 *(.bss)
 *(.bss*)
 .bss.exit_code
                0x20004bf0        0x4 ./Sources/main.o
                0x20004bf0                exit_code
 .bss.rxData.7181
                0x20004bf4        0x1 ./Sources/main.o
 *fill*         0x20004bf5        0x3 
 .bss.s_osif_tick_cnt
                0x20004bf8        0x4 ./SDK/rtos/osif/osif_baremetal.o
 .bss.s_lpuartStatePtr
                0x20004bfc        0xc ./SDK/platform/drivers/src/lpuart/lpuart_driver.o
 .bss.g_lpspiStatePtr
                0x20004c08        0xc ./SDK/platform/drivers/src/lpspi/lpspi_shared_function.o
                0x20004c08                g_lpspiStatePtr
 .bss.g_interruptDisableCount
                0x20004c14        0x4 ./SDK/platform/drivers/src/interrupt/interrupt_manager.o
 .bss.s_virtEdmaState
                0x20004c18        0x4 ./SDK/platform/drivers/src/edma/edma_driver.o
 .bss.__ewl_constraint_handler
                0x20004c1c        0x4 C:/NXP/S32DS_ARM_v2018.R1/S32DS/arm_ewl2/lib/armv7e-m\libc99.a(secure_error.o)
 *(COMMON)
 COMMON         0x20004c20       0x1c ./Sources/main.o
                0x20004c20                flashSSDConfig
 COMMON         0x20004c3c       0x14 ./SDK/platform/drivers/src/clock/S32K1xx/clock_S32K1xx.o
                0x20004c3c                g_xtal0ClkFreq
                0x20004c40                g_RtcClkInFreq
                0x20004c44                g_TClkFreq
 COMMON         0x20004c50       0x34 ./Generated_Code/lpuart0.o
                0x20004c50                lpuart0_State
 COMMON         0x20004c84       0xc0 C:/NXP/S32DS_ARM_v2018.R1/S32DS/arm_ewl2/lib/armv7e-m\libc99.a(ansi_files.o)
                0x20004c84                stdout_buff
                0x20004cc4                stdin_buff
                0x20004d04                stderr_buff
                0x20004d44                . = ALIGN (0x4)
                0x20004d44                __bss_end__ = .
                0x20004d44                __BSS_END = .

.heap           0x20004d44      0x404
                0x20004d48                . = ALIGN (0x8)
 *fill*         0x20004d44        0x4 
                0x20004d48                __end__ = .
                0x20004d48                PROVIDE (end, .)
                0x20004d48                PROVIDE (_end, .)
                0x20004d48                PROVIDE (__end, .)
                0x20004d48                __HeapBase = .
                0x20005148                . = (. + HEAP_SIZE)
 *fill*         0x20004d48      0x400 
                0x20005148                __HeapLimit = .
                0x20005148                __heap_limit = .

.stack          0x20005148      0x400
                0x20005148                . = ALIGN (0x8)
                0x20005548                . = (. + STACK_SIZE)
 *fill*         0x20005148      0x400 
                0x20007000                __StackTop = (ORIGIN (m_data) + 0x2c00)
                0x20006c00                __StackLimit = (__StackTop - STACK_SIZE)
                0x20007000                PROVIDE (__stack, __StackTop)

.ARM.attributes
                0x00000000       0x31
 *(.ARM.attributes)
 .ARM.attributes
                0x00000000       0x33 ./Sources/main.o
 .ARM.attributes
                0x00000033       0x33 ./SDK/rtos/osif/osif_baremetal.o
 .ARM.attributes
                0x00000066       0x33 ./SDK/platform/drivers/src/pins/pins_port_hw_access.o
 .ARM.attributes
                0x00000099       0x33 ./SDK/platform/drivers/src/pins/pins_driver.o
 .ARM.attributes
                0x000000cc       0x33 ./SDK/platform/drivers/src/lpuart/lpuart_irq.o
 .ARM.attributes
                0x000000ff       0x33 ./SDK/platform/drivers/src/lpuart/lpuart_hw_access.o
 .ARM.attributes
                0x00000132       0x33 ./SDK/platform/drivers/src/lpuart/lpuart_driver.o
 .ARM.attributes
                0x00000165       0x33 ./SDK/platform/drivers/src/lpspi/lpspi_slave_driver.o
 .ARM.attributes
                0x00000198       0x33 ./SDK/platform/drivers/src/lpspi/lpspi_shared_function.o
 .ARM.attributes
                0x000001cb       0x33 ./SDK/platform/drivers/src/lpspi/lpspi_master_driver.o
 .ARM.attributes
                0x000001fe       0x33 ./SDK/platform/drivers/src/lpspi/lpspi_irq.o
 .ARM.attributes
                0x00000231       0x33 ./SDK/platform/drivers/src/lpspi/lpspi_hw_access.o
 .ARM.attributes
                0x00000264       0x33 ./SDK/platform/drivers/src/interrupt/interrupt_manager.o
 .ARM.attributes
                0x00000297       0x33 ./SDK/platform/drivers/src/flash/flash_driver.o
 .ARM.attributes
                0x000002ca       0x33 ./SDK/platform/drivers/src/edma/edma_irq.o
 .ARM.attributes
                0x000002fd       0x33 ./SDK/platform/drivers/src/edma/edma_hw_access.o
 .ARM.attributes
                0x00000330       0x33 ./SDK/platform/drivers/src/edma/edma_driver.o
 .ARM.attributes
                0x00000363       0x33 ./SDK/platform/drivers/src/clock/S32K1xx/clock_S32K1xx.o
 .ARM.attributes
                0x00000396       0x33 ./SDK/platform/devices/startup.o
 .ARM.attributes
                0x000003c9       0x33 ./SDK/platform/devices/S32K144/startup/system_S32K144.o
 .ARM.attributes
                0x000003fc       0x1b ./Project_Settings/Startup_Code/startup_S32K144.o
 .ARM.attributes
                0x00000417       0x33 ./Generated_Code/pin_mux.o
 .ARM.attributes
                0x0000044a       0x33 ./Generated_Code/lpuart0.o
 .ARM.attributes
                0x0000047d       0x33 ./Generated_Code/clockManager1.o
 .ARM.attributes
                0x000004b0       0x33 ./Generated_Code/Flash.o
 .ARM.attributes
                0x000004e3       0x33 C:/NXP/S32DS_ARM_v2018.R1/S32DS/arm_ewl2/lib/armv7e-m\libc99.a(printf.o)
 .ARM.attributes
                0x00000516       0x33 C:/NXP/S32DS_ARM_v2018.R1/S32DS/arm_ewl2/lib/armv7e-m\libc99.a(fwide.o)
 .ARM.attributes
                0x00000549       0x33 C:/NXP/S32DS_ARM_v2018.R1/S32DS/arm_ewl2/lib/armv7e-m\libc99.a(__printformat.o)
 .ARM.attributes
                0x0000057c       0x33 C:/NXP/S32DS_ARM_v2018.R1/S32DS/arm_ewl2/lib/armv7e-m\libc99.a(ctype_aeabi.o)
 .ARM.attributes
                0x000005af       0x33 C:/NXP/S32DS_ARM_v2018.R1/S32DS/arm_ewl2/lib/armv7e-m\libc99.a(secure_error.o)
 .ARM.attributes
                0x000005e2       0x33 C:/NXP/S32DS_ARM_v2018.R1/S32DS/arm_ewl2/lib/armv7e-m\libc99.a(ansi_files.o)
 .ARM.attributes
                0x00000615       0x33 C:/NXP/S32DS_ARM_v2018.R1/S32DS/arm_ewl2/lib/armv7e-m\libc99.a(fwrite.o)
 .ARM.attributes
                0x00000648       0x33 C:/NXP/S32DS_ARM_v2018.R1/S32DS/arm_ewl2/lib/armv7e-m\libc99.a(mbstowcs_s.o)
 .ARM.attributes
                0x0000067b       0x33 C:/NXP/S32DS_ARM_v2018.R1/S32DS/arm_ewl2/lib/armv7e-m\libc99.a(wctomb.o)
 .ARM.attributes
                0x000006ae       0x33 C:/NXP/S32DS_ARM_v2018.R1/S32DS/arm_ewl2/lib/armv7e-m\libc99.a(memchr.o)
 .ARM.attributes
                0x000006e1       0x33 C:/NXP/S32DS_ARM_v2018.R1/S32DS/arm_ewl2/lib/armv7e-m\libc99.a(memcpy.o)
 .ARM.attributes
                0x00000714       0x33 C:/NXP/S32DS_ARM_v2018.R1/S32DS/arm_ewl2/lib/armv7e-m\libc99.a(__memrchr.o)
 .ARM.attributes
                0x00000747       0x33 C:/NXP/S32DS_ARM_v2018.R1/S32DS/arm_ewl2/lib/armv7e-m\libc99.a(strchr.o)
 .ARM.attributes
                0x0000077a       0x33 C:/NXP/S32DS_ARM_v2018.R1/S32DS/arm_ewl2/lib/armv7e-m\libc99.a(strcpy.o)
 .ARM.attributes
                0x000007ad       0x33 C:/NXP/S32DS_ARM_v2018.R1/S32DS/arm_ewl2/lib/armv7e-m\libc99.a(strlen.o)
 .ARM.attributes
                0x000007e0       0x33 C:/NXP/S32DS_ARM_v2018.R1/S32DS/arm_ewl2/lib/armv7e-m\libc99.a(strncpy.o)
 .ARM.attributes
                0x00000813       0x33 C:/NXP/S32DS_ARM_v2018.R1/S32DS/arm_ewl2/lib/armv7e-m\libc99.a(__buffer_io.o)
 .ARM.attributes
                0x00000846       0x33 C:/NXP/S32DS_ARM_v2018.R1/S32DS/arm_ewl2/lib/armv7e-m\libm.a(ansi_fp.o)
 .ARM.attributes
                0x00000879       0x33 C:/NXP/S32DS_ARM_v2018.R1/S32DS/arm_ewl2/lib/armv7e-m\libm.a(math_api.o)
 .ARM.attributes
                0x000008ac       0x33 C:/NXP/S32DS_ARM_v2018.R1/S32DS/arm_ewl2/lib/armv7e-m\libm.a(s_frexp.o)
 .ARM.attributes
                0x000008df       0x1e c:/nxp/s32ds_arm_v2018.r1/cross_tools/gcc-arm-none-eabi-4_9/bin/../lib/gcc/arm-none-eabi/4.9.3/armv7e-m\libgcc.a(_arm_addsubdf3.o)
 .ARM.attributes
                0x000008fd       0x1e c:/nxp/s32ds_arm_v2018.r1/cross_tools/gcc-arm-none-eabi-4_9/bin/../lib/gcc/arm-none-eabi/4.9.3/armv7e-m\libgcc.a(_arm_muldivdf3.o)
 .ARM.attributes
                0x0000091b       0x1e c:/nxp/s32ds_arm_v2018.r1/cross_tools/gcc-arm-none-eabi-4_9/bin/../lib/gcc/arm-none-eabi/4.9.3/armv7e-m\libgcc.a(_arm_cmpdf2.o)
 .ARM.attributes
                0x00000939       0x1e c:/nxp/s32ds_arm_v2018.r1/cross_tools/gcc-arm-none-eabi-4_9/bin/../lib/gcc/arm-none-eabi/4.9.3/armv7e-m\libgcc.a(_arm_fixdfsi.o)
 .ARM.attributes
                0x00000957       0x1e c:/nxp/s32ds_arm_v2018.r1/cross_tools/gcc-arm-none-eabi-4_9/bin/../lib/gcc/arm-none-eabi/4.9.3/armv7e-m\libgcc.a(_aeabi_uldivmod.o)
 .ARM.attributes
                0x00000975       0x2e c:/nxp/s32ds_arm_v2018.r1/cross_tools/gcc-arm-none-eabi-4_9/bin/../lib/gcc/arm-none-eabi/4.9.3/armv7e-m\libgcc.a(bpabi.o)
 .ARM.attributes
                0x000009a3       0x1e c:/nxp/s32ds_arm_v2018.r1/cross_tools/gcc-arm-none-eabi-4_9/bin/../lib/gcc/arm-none-eabi/4.9.3/armv7e-m\libgcc.a(_dvmd_tls.o)
 .ARM.attributes
                0x000009c1       0x2e c:/nxp/s32ds_arm_v2018.r1/cross_tools/gcc-arm-none-eabi-4_9/bin/../lib/gcc/arm-none-eabi/4.9.3/armv7e-m\libgcc.a(_divdi3.o)
 .ARM.attributes
                0x000009ef       0x2e c:/nxp/s32ds_arm_v2018.r1/cross_tools/gcc-arm-none-eabi-4_9/bin/../lib/gcc/arm-none-eabi/4.9.3/armv7e-m\libgcc.a(_udivdi3.o)
 .ARM.attributes
                0x00000a1d       0x33 C:/NXP/S32DS_ARM_v2018.R1/S32DS/arm_ewl2/lib/armv7e-m\libhosted.a(semihosted_console_io.o)
 .ARM.attributes
                0x00000a50       0x33 C:/NXP/S32DS_ARM_v2018.R1/S32DS/arm_ewl2/lib/armv7e-m\libhosted.a(semihosted_file_io.o)
                0x00000001                ASSERT ((__StackLimit >= __HeapLimit), region m_data overflowed with stack and heap)

/DISCARD/
 *(.FlashConfig)
OUTPUT(AutoLivBootloader.elf elf32-littlearm)

.debug_info     0x00000000    0x1af1f
 .debug_info    0x00000000     0x1734 ./Sources/main.o
 .debug_info    0x00001734      0x889 ./SDK/rtos/osif/osif_baremetal.o
 .debug_info    0x00001fbd      0x7a5 ./SDK/platform/drivers/src/pins/pins_port_hw_access.o
 .debug_info    0x00002762     0x115b ./SDK/platform/drivers/src/pins/pins_driver.o
 .debug_info    0x000038bd       0xdd ./SDK/platform/drivers/src/lpuart/lpuart_irq.o
 .debug_info    0x0000399a      0x823 ./SDK/platform/drivers/src/lpuart/lpuart_hw_access.o
 .debug_info    0x000041bd     0x1a60 ./SDK/platform/drivers/src/lpuart/lpuart_driver.o
 .debug_info    0x00005c1d     0x12b9 ./SDK/platform/drivers/src/lpspi/lpspi_slave_driver.o
 .debug_info    0x00006ed6      0xbc9 ./SDK/platform/drivers/src/lpspi/lpspi_shared_function.o
 .debug_info    0x00007a9f     0x1694 ./SDK/platform/drivers/src/lpspi/lpspi_master_driver.o
 .debug_info    0x00009133       0xb1 ./SDK/platform/drivers/src/lpspi/lpspi_irq.o
 .debug_info    0x000091e4     0x108e ./SDK/platform/drivers/src/lpspi/lpspi_hw_access.o
 .debug_info    0x0000a272      0x8c1 ./SDK/platform/drivers/src/interrupt/interrupt_manager.o
 .debug_info    0x0000ab33     0x158a ./SDK/platform/drivers/src/flash/flash_driver.o
 .debug_info    0x0000c0bd      0x51b ./SDK/platform/drivers/src/edma/edma_irq.o
 .debug_info    0x0000c5d8      0x912 ./SDK/platform/drivers/src/edma/edma_hw_access.o
 .debug_info    0x0000ceea     0x2a0e ./SDK/platform/drivers/src/edma/edma_driver.o
 .debug_info    0x0000f8f8     0x37af ./SDK/platform/drivers/src/clock/S32K1xx/clock_S32K1xx.o
 .debug_info    0x000130a7      0x41d ./SDK/platform/devices/startup.o
 .debug_info    0x000134c4      0x500 ./SDK/platform/devices/S32K144/startup/system_S32K144.o
 .debug_info    0x000139c4       0x8b ./Project_Settings/Startup_Code/startup_S32K144.o
 .debug_info    0x00013a4f      0x3d2 ./Generated_Code/pin_mux.o
 .debug_info    0x00013e21      0x752 ./Generated_Code/lpuart0.o
 .debug_info    0x00014573     0x11c8 ./Generated_Code/clockManager1.o
 .debug_info    0x0001573b      0x2d7 ./Generated_Code/Flash.o
 .debug_info    0x00015a12      0x3e7 C:/NXP/S32DS_ARM_v2018.R1/S32DS/arm_ewl2/lib/armv7e-m\libc99.a(printf.o)
 .debug_info    0x00015df9      0x4cc C:/NXP/S32DS_ARM_v2018.R1/S32DS/arm_ewl2/lib/armv7e-m\libc99.a(fwide.o)
 .debug_info    0x000162c5      0xe0d C:/NXP/S32DS_ARM_v2018.R1/S32DS/arm_ewl2/lib/armv7e-m\libc99.a(__printformat.o)
 .debug_info    0x000170d2      0x306 C:/NXP/S32DS_ARM_v2018.R1/S32DS/arm_ewl2/lib/armv7e-m\libc99.a(ctype_aeabi.o)
 .debug_info    0x000173d8      0x248 C:/NXP/S32DS_ARM_v2018.R1/S32DS/arm_ewl2/lib/armv7e-m\libc99.a(secure_error.o)
 .debug_info    0x00017620      0x514 C:/NXP/S32DS_ARM_v2018.R1/S32DS/arm_ewl2/lib/armv7e-m\libc99.a(ansi_files.o)
 .debug_info    0x00017b34      0x659 C:/NXP/S32DS_ARM_v2018.R1/S32DS/arm_ewl2/lib/armv7e-m\libc99.a(fwrite.o)
 .debug_info    0x0001818d      0x570 C:/NXP/S32DS_ARM_v2018.R1/S32DS/arm_ewl2/lib/armv7e-m\libc99.a(mbstowcs_s.o)
 .debug_info    0x000186fd      0x3e5 C:/NXP/S32DS_ARM_v2018.R1/S32DS/arm_ewl2/lib/armv7e-m\libc99.a(wctomb.o)
 .debug_info    0x00018ae2      0x121 C:/NXP/S32DS_ARM_v2018.R1/S32DS/arm_ewl2/lib/armv7e-m\libc99.a(memchr.o)
 .debug_info    0x00018c03      0x111 C:/NXP/S32DS_ARM_v2018.R1/S32DS/arm_ewl2/lib/armv7e-m\libc99.a(memcpy.o)
 .debug_info    0x00018d14      0x116 C:/NXP/S32DS_ARM_v2018.R1/S32DS/arm_ewl2/lib/armv7e-m\libc99.a(__memrchr.o)
 .debug_info    0x00018e2a      0x106 C:/NXP/S32DS_ARM_v2018.R1/S32DS/arm_ewl2/lib/armv7e-m\libc99.a(strchr.o)
 .debug_info    0x00018f30      0x10e C:/NXP/S32DS_ARM_v2018.R1/S32DS/arm_ewl2/lib/armv7e-m\libc99.a(strcpy.o)
 .debug_info    0x0001903e       0xeb C:/NXP/S32DS_ARM_v2018.R1/S32DS/arm_ewl2/lib/armv7e-m\libc99.a(strlen.o)
 .debug_info    0x00019129      0x108 C:/NXP/S32DS_ARM_v2018.R1/S32DS/arm_ewl2/lib/armv7e-m\libc99.a(strncpy.o)
 .debug_info    0x00019231      0x492 C:/NXP/S32DS_ARM_v2018.R1/S32DS/arm_ewl2/lib/armv7e-m\libc99.a(__buffer_io.o)
 .debug_info    0x000196c3      0x51d C:/NXP/S32DS_ARM_v2018.R1/S32DS/arm_ewl2/lib/armv7e-m\libm.a(ansi_fp.o)
 .debug_info    0x00019be0      0x303 C:/NXP/S32DS_ARM_v2018.R1/S32DS/arm_ewl2/lib/armv7e-m\libm.a(math_api.o)
 .debug_info    0x00019ee3      0x1a1 C:/NXP/S32DS_ARM_v2018.R1/S32DS/arm_ewl2/lib/armv7e-m\libm.a(s_frexp.o)
 .debug_info    0x0001a084      0x232 C:/NXP/S32DS_ARM_v2018.R1/S32DS/arm_ewl2/lib/armv7e-m\libhosted.a(semihosted_console_io.o)
 .debug_info    0x0001a2b6      0xc69 C:/NXP/S32DS_ARM_v2018.R1/S32DS/arm_ewl2/lib/armv7e-m\libhosted.a(semihosted_file_io.o)

.debug_abbrev   0x00000000     0x3c1c
 .debug_abbrev  0x00000000      0x17d ./Sources/main.o
 .debug_abbrev  0x0000017d      0x1fc ./SDK/rtos/osif/osif_baremetal.o
 .debug_abbrev  0x00000379      0x144 ./SDK/platform/drivers/src/pins/pins_port_hw_access.o
 .debug_abbrev  0x000004bd      0x234 ./SDK/platform/drivers/src/pins/pins_driver.o
 .debug_abbrev  0x000006f1       0x85 ./SDK/platform/drivers/src/lpuart/lpuart_irq.o
 .debug_abbrev  0x00000776      0x156 ./SDK/platform/drivers/src/lpuart/lpuart_hw_access.o
 .debug_abbrev  0x000008cc      0x23e ./SDK/platform/drivers/src/lpuart/lpuart_driver.o
 .debug_abbrev  0x00000b0a      0x205 ./SDK/platform/drivers/src/lpspi/lpspi_slave_driver.o
 .debug_abbrev  0x00000d0f      0x1cb ./SDK/platform/drivers/src/lpspi/lpspi_shared_function.o
 .debug_abbrev  0x00000eda      0x21f ./SDK/platform/drivers/src/lpspi/lpspi_master_driver.o
 .debug_abbrev  0x000010f9       0x45 ./SDK/platform/drivers/src/lpspi/lpspi_irq.o
 .debug_abbrev  0x0000113e      0x215 ./SDK/platform/drivers/src/lpspi/lpspi_hw_access.o
 .debug_abbrev  0x00001353      0x18e ./SDK/platform/drivers/src/interrupt/interrupt_manager.o
 .debug_abbrev  0x000014e1      0x230 ./SDK/platform/drivers/src/flash/flash_driver.o
 .debug_abbrev  0x00001711      0x169 ./SDK/platform/drivers/src/edma/edma_irq.o
 .debug_abbrev  0x0000187a      0x1cc ./SDK/platform/drivers/src/edma/edma_hw_access.o
 .debug_abbrev  0x00001a46      0x28c ./SDK/platform/drivers/src/edma/edma_driver.o
 .debug_abbrev  0x00001cd2      0x238 ./SDK/platform/drivers/src/clock/S32K1xx/clock_S32K1xx.o
 .debug_abbrev  0x00001f0a      0x101 ./SDK/platform/devices/startup.o
 .debug_abbrev  0x0000200b      0x118 ./SDK/platform/devices/S32K144/startup/system_S32K144.o
 .debug_abbrev  0x00002123       0x14 ./Project_Settings/Startup_Code/startup_S32K144.o
 .debug_abbrev  0x00002137       0xbe ./Generated_Code/pin_mux.o
 .debug_abbrev  0x000021f5       0xb4 ./Generated_Code/lpuart0.o
 .debug_abbrev  0x000022a9      0x10a ./Generated_Code/clockManager1.o
 .debug_abbrev  0x000023b3       0x9d ./Generated_Code/Flash.o
 .debug_abbrev  0x00002450      0x12b C:/NXP/S32DS_ARM_v2018.R1/S32DS/arm_ewl2/lib/armv7e-m\libc99.a(printf.o)
 .debug_abbrev  0x0000257b      0x179 C:/NXP/S32DS_ARM_v2018.R1/S32DS/arm_ewl2/lib/armv7e-m\libc99.a(fwide.o)
 .debug_abbrev  0x000026f4      0x29d C:/NXP/S32DS_ARM_v2018.R1/S32DS/arm_ewl2/lib/armv7e-m\libc99.a(__printformat.o)
 .debug_abbrev  0x00002991       0x85 C:/NXP/S32DS_ARM_v2018.R1/S32DS/arm_ewl2/lib/armv7e-m\libc99.a(ctype_aeabi.o)
 .debug_abbrev  0x00002a16      0x140 C:/NXP/S32DS_ARM_v2018.R1/S32DS/arm_ewl2/lib/armv7e-m\libc99.a(secure_error.o)
 .debug_abbrev  0x00002b56      0x107 C:/NXP/S32DS_ARM_v2018.R1/S32DS/arm_ewl2/lib/armv7e-m\libc99.a(ansi_files.o)
 .debug_abbrev  0x00002c5d      0x181 C:/NXP/S32DS_ARM_v2018.R1/S32DS/arm_ewl2/lib/armv7e-m\libc99.a(fwrite.o)
 .debug_abbrev  0x00002dde      0x132 C:/NXP/S32DS_ARM_v2018.R1/S32DS/arm_ewl2/lib/armv7e-m\libc99.a(mbstowcs_s.o)
 .debug_abbrev  0x00002f10      0x126 C:/NXP/S32DS_ARM_v2018.R1/S32DS/arm_ewl2/lib/armv7e-m\libc99.a(wctomb.o)
 .debug_abbrev  0x00003036       0x95 C:/NXP/S32DS_ARM_v2018.R1/S32DS/arm_ewl2/lib/armv7e-m\libc99.a(memchr.o)
 .debug_abbrev  0x000030cb       0x95 C:/NXP/S32DS_ARM_v2018.R1/S32DS/arm_ewl2/lib/armv7e-m\libc99.a(memcpy.o)
 .debug_abbrev  0x00003160       0x95 C:/NXP/S32DS_ARM_v2018.R1/S32DS/arm_ewl2/lib/armv7e-m\libc99.a(__memrchr.o)
 .debug_abbrev  0x000031f5       0x89 C:/NXP/S32DS_ARM_v2018.R1/S32DS/arm_ewl2/lib/armv7e-m\libc99.a(strchr.o)
 .debug_abbrev  0x0000327e       0x96 C:/NXP/S32DS_ARM_v2018.R1/S32DS/arm_ewl2/lib/armv7e-m\libc99.a(strcpy.o)
 .debug_abbrev  0x00003314       0x7a C:/NXP/S32DS_ARM_v2018.R1/S32DS/arm_ewl2/lib/armv7e-m\libc99.a(strlen.o)
 .debug_abbrev  0x0000338e       0x89 C:/NXP/S32DS_ARM_v2018.R1/S32DS/arm_ewl2/lib/armv7e-m\libc99.a(strncpy.o)
 .debug_abbrev  0x00003417      0x142 C:/NXP/S32DS_ARM_v2018.R1/S32DS/arm_ewl2/lib/armv7e-m\libc99.a(__buffer_io.o)
 .debug_abbrev  0x00003559      0x15d C:/NXP/S32DS_ARM_v2018.R1/S32DS/arm_ewl2/lib/armv7e-m\libm.a(ansi_fp.o)
 .debug_abbrev  0x000036b6       0xe8 C:/NXP/S32DS_ARM_v2018.R1/S32DS/arm_ewl2/lib/armv7e-m\libm.a(math_api.o)
 .debug_abbrev  0x0000379e       0xce C:/NXP/S32DS_ARM_v2018.R1/S32DS/arm_ewl2/lib/armv7e-m\libm.a(s_frexp.o)
 .debug_abbrev  0x0000386c      0x137 C:/NXP/S32DS_ARM_v2018.R1/S32DS/arm_ewl2/lib/armv7e-m\libhosted.a(semihosted_console_io.o)
 .debug_abbrev  0x000039a3      0x279 C:/NXP/S32DS_ARM_v2018.R1/S32DS/arm_ewl2/lib/armv7e-m\libhosted.a(semihosted_file_io.o)

.debug_aranges  0x00000000     0x1638
 .debug_aranges
                0x00000000       0x30 ./Sources/main.o
 .debug_aranges
                0x00000030       0x98 ./SDK/rtos/osif/osif_baremetal.o
 .debug_aranges
                0x000000c8       0x38 ./SDK/platform/drivers/src/pins/pins_port_hw_access.o
 .debug_aranges
                0x00000100      0x190 ./SDK/platform/drivers/src/pins/pins_driver.o
 .debug_aranges
                0x00000290       0x30 ./SDK/platform/drivers/src/lpuart/lpuart_irq.o
 .debug_aranges
                0x000002c0       0x70 ./SDK/platform/drivers/src/lpuart/lpuart_hw_access.o
 .debug_aranges
                0x00000330      0x150 ./SDK/platform/drivers/src/lpuart/lpuart_driver.o
 .debug_aranges
                0x00000480       0x90 ./SDK/platform/drivers/src/lpspi/lpspi_slave_driver.o
 .debug_aranges
                0x00000510       0x70 ./SDK/platform/drivers/src/lpspi/lpspi_shared_function.o
 .debug_aranges
                0x00000580       0xe0 ./SDK/platform/drivers/src/lpspi/lpspi_master_driver.o
 .debug_aranges
                0x00000660       0x30 ./SDK/platform/drivers/src/lpspi/lpspi_irq.o
 .debug_aranges
                0x00000690       0xd8 ./SDK/platform/drivers/src/lpspi/lpspi_hw_access.o
 .debug_aranges
                0x00000768       0x70 ./SDK/platform/drivers/src/interrupt/interrupt_manager.o
 .debug_aranges
                0x000007d8      0x138 ./SDK/platform/drivers/src/flash/flash_driver.o
 .debug_aranges
                0x00000910       0xa8 ./SDK/platform/drivers/src/edma/edma_irq.o
 .debug_aranges
                0x000009b8       0x88 ./SDK/platform/drivers/src/edma/edma_hw_access.o
 .debug_aranges
                0x00000a40      0x218 ./SDK/platform/drivers/src/edma/edma_driver.o
 .debug_aranges
                0x00000c58      0x3f0 ./SDK/platform/drivers/src/clock/S32K1xx/clock_S32K1xx.o
 .debug_aranges
                0x00001048       0x20 ./SDK/platform/devices/startup.o
 .debug_aranges
                0x00001068       0x30 ./SDK/platform/devices/S32K144/startup/system_S32K144.o
 .debug_aranges
                0x00001098       0x20 ./Project_Settings/Startup_Code/startup_S32K144.o
 .debug_aranges
                0x000010b8       0x18 ./Generated_Code/pin_mux.o
 .debug_aranges
                0x000010d0       0x18 ./Generated_Code/lpuart0.o
 .debug_aranges
                0x000010e8       0x18 ./Generated_Code/clockManager1.o
 .debug_aranges
                0x00001100       0x18 ./Generated_Code/Flash.o
 .debug_aranges
                0x00001118       0x28 C:/NXP/S32DS_ARM_v2018.R1/S32DS/arm_ewl2/lib/armv7e-m\libc99.a(printf.o)
 .debug_aranges
                0x00001140       0x30 C:/NXP/S32DS_ARM_v2018.R1/S32DS/arm_ewl2/lib/armv7e-m\libc99.a(fwide.o)
 .debug_aranges
                0x00001170       0x48 C:/NXP/S32DS_ARM_v2018.R1/S32DS/arm_ewl2/lib/armv7e-m\libc99.a(__printformat.o)
 .debug_aranges
                0x000011b8       0x88 C:/NXP/S32DS_ARM_v2018.R1/S32DS/arm_ewl2/lib/armv7e-m\libc99.a(ctype_aeabi.o)
 .debug_aranges
                0x00001240       0x40 C:/NXP/S32DS_ARM_v2018.R1/S32DS/arm_ewl2/lib/armv7e-m\libc99.a(secure_error.o)
 .debug_aranges
                0x00001280       0x28 C:/NXP/S32DS_ARM_v2018.R1/S32DS/arm_ewl2/lib/armv7e-m\libc99.a(ansi_files.o)
 .debug_aranges
                0x000012a8       0x38 C:/NXP/S32DS_ARM_v2018.R1/S32DS/arm_ewl2/lib/armv7e-m\libc99.a(fwrite.o)
 .debug_aranges
                0x000012e0       0x38 C:/NXP/S32DS_ARM_v2018.R1/S32DS/arm_ewl2/lib/armv7e-m\libc99.a(mbstowcs_s.o)
 .debug_aranges
                0x00001318       0x30 C:/NXP/S32DS_ARM_v2018.R1/S32DS/arm_ewl2/lib/armv7e-m\libc99.a(wctomb.o)
 .debug_aranges
                0x00001348       0x20 C:/NXP/S32DS_ARM_v2018.R1/S32DS/arm_ewl2/lib/armv7e-m\libc99.a(memchr.o)
 .debug_aranges
                0x00001368       0x20 C:/NXP/S32DS_ARM_v2018.R1/S32DS/arm_ewl2/lib/armv7e-m\libc99.a(memcpy.o)
 .debug_aranges
                0x00001388       0x20 C:/NXP/S32DS_ARM_v2018.R1/S32DS/arm_ewl2/lib/armv7e-m\libc99.a(__memrchr.o)
 .debug_aranges
                0x000013a8       0x20 C:/NXP/S32DS_ARM_v2018.R1/S32DS/arm_ewl2/lib/armv7e-m\libc99.a(strchr.o)
 .debug_aranges
                0x000013c8       0x20 C:/NXP/S32DS_ARM_v2018.R1/S32DS/arm_ewl2/lib/armv7e-m\libc99.a(strcpy.o)
 .debug_aranges
                0x000013e8       0x20 C:/NXP/S32DS_ARM_v2018.R1/S32DS/arm_ewl2/lib/armv7e-m\libc99.a(strlen.o)
 .debug_aranges
                0x00001408       0x20 C:/NXP/S32DS_ARM_v2018.R1/S32DS/arm_ewl2/lib/armv7e-m\libc99.a(strncpy.o)
 .debug_aranges
                0x00001428       0x30 C:/NXP/S32DS_ARM_v2018.R1/S32DS/arm_ewl2/lib/armv7e-m\libc99.a(__buffer_io.o)
 .debug_aranges
                0x00001458       0x30 C:/NXP/S32DS_ARM_v2018.R1/S32DS/arm_ewl2/lib/armv7e-m\libm.a(ansi_fp.o)
 .debug_aranges
                0x00001488       0x60 C:/NXP/S32DS_ARM_v2018.R1/S32DS/arm_ewl2/lib/armv7e-m\libm.a(math_api.o)
 .debug_aranges
                0x000014e8       0x20 C:/NXP/S32DS_ARM_v2018.R1/S32DS/arm_ewl2/lib/armv7e-m\libm.a(s_frexp.o)
 .debug_aranges
                0x00001508       0x50 C:/NXP/S32DS_ARM_v2018.R1/S32DS/arm_ewl2/lib/armv7e-m\libhosted.a(semihosted_console_io.o)
 .debug_aranges
                0x00001558       0xe0 C:/NXP/S32DS_ARM_v2018.R1/S32DS/arm_ewl2/lib/armv7e-m\libhosted.a(semihosted_file_io.o)

.debug_ranges   0x00000000      0xf58
 .debug_ranges  0x00000000       0x20 ./Sources/main.o
 .debug_ranges  0x00000020       0x88 ./SDK/rtos/osif/osif_baremetal.o
 .debug_ranges  0x000000a8       0x28 ./SDK/platform/drivers/src/pins/pins_port_hw_access.o
 .debug_ranges  0x000000d0      0x180 ./SDK/platform/drivers/src/pins/pins_driver.o
 .debug_ranges  0x00000250       0x20 ./SDK/platform/drivers/src/lpuart/lpuart_irq.o
 .debug_ranges  0x00000270       0x60 ./SDK/platform/drivers/src/lpuart/lpuart_hw_access.o
 .debug_ranges  0x000002d0      0x140 ./SDK/platform/drivers/src/lpuart/lpuart_driver.o
 .debug_ranges  0x00000410       0x80 ./SDK/platform/drivers/src/lpspi/lpspi_slave_driver.o
 .debug_ranges  0x00000490       0x60 ./SDK/platform/drivers/src/lpspi/lpspi_shared_function.o
 .debug_ranges  0x000004f0       0xd0 ./SDK/platform/drivers/src/lpspi/lpspi_master_driver.o
 .debug_ranges  0x000005c0       0x20 ./SDK/platform/drivers/src/lpspi/lpspi_irq.o
 .debug_ranges  0x000005e0       0xc8 ./SDK/platform/drivers/src/lpspi/lpspi_hw_access.o
 .debug_ranges  0x000006a8       0x60 ./SDK/platform/drivers/src/interrupt/interrupt_manager.o
 .debug_ranges  0x00000708      0x128 ./SDK/platform/drivers/src/flash/flash_driver.o
 .debug_ranges  0x00000830       0x98 ./SDK/platform/drivers/src/edma/edma_irq.o
 .debug_ranges  0x000008c8       0x78 ./SDK/platform/drivers/src/edma/edma_hw_access.o
 .debug_ranges  0x00000940      0x208 ./SDK/platform/drivers/src/edma/edma_driver.o
 .debug_ranges  0x00000b48      0x3e0 ./SDK/platform/drivers/src/clock/S32K1xx/clock_S32K1xx.o
 .debug_ranges  0x00000f28       0x10 ./SDK/platform/devices/startup.o
 .debug_ranges  0x00000f38       0x20 ./SDK/platform/devices/S32K144/startup/system_S32K144.o

.debug_macro    0x00000000    0x119d0
 .debug_macro   0x00000000      0x2aa ./Sources/main.o
 .debug_macro   0x000002aa       0x19 ./Sources/main.o
 .debug_macro   0x000002c3     0xecad ./Sources/main.o
 .debug_macro   0x0000ef70       0x16 ./Sources/main.o
 .debug_macro   0x0000ef86       0x8b ./Sources/main.o
 .debug_macro   0x0000f011       0x22 ./Sources/main.o
 .debug_macro   0x0000f033       0x10 ./Sources/main.o
 .debug_macro   0x0000f043       0x20 ./Sources/main.o
 .debug_macro   0x0000f063      0x155 ./SDK/rtos/osif/osif_baremetal.o
 .debug_macro   0x0000f1b8      0x13c ./SDK/platform/drivers/src/pins/pins_port_hw_access.o
 .debug_macro   0x0000f2f4      0x1af ./SDK/platform/drivers/src/pins/pins_port_hw_access.o
 .debug_macro   0x0000f4a3      0x142 ./SDK/platform/drivers/src/pins/pins_driver.o
 .debug_macro   0x0000f5e5       0xf5 ./SDK/platform/drivers/src/lpuart/lpuart_irq.o
 .debug_macro   0x0000f6da      0x15d ./SDK/platform/drivers/src/lpuart/lpuart_hw_access.o
 .debug_macro   0x0000f837       0x34 ./SDK/platform/drivers/src/lpuart/lpuart_hw_access.o
 .debug_macro   0x0000f86b      0x177 ./SDK/platform/drivers/src/lpuart/lpuart_driver.o
 .debug_macro   0x0000f9e2       0x10 ./SDK/platform/drivers/src/lpuart/lpuart_driver.o
 .debug_macro   0x0000f9f2      0x1a7 ./SDK/platform/drivers/src/lpspi/lpspi_slave_driver.o
 .debug_macro   0x0000fb99       0x10 ./SDK/platform/drivers/src/lpspi/lpspi_slave_driver.o
 .debug_macro   0x0000fba9       0x16 ./SDK/platform/drivers/src/lpspi/lpspi_slave_driver.o
 .debug_macro   0x0000fbbf      0x178 ./SDK/platform/drivers/src/lpspi/lpspi_shared_function.o
 .debug_macro   0x0000fd37      0x1ad ./SDK/platform/drivers/src/lpspi/lpspi_master_driver.o
 .debug_macro   0x0000fee4      0x17a ./SDK/platform/drivers/src/lpspi/lpspi_irq.o
 .debug_macro   0x0001005e      0x15a ./SDK/platform/drivers/src/lpspi/lpspi_hw_access.o
 .debug_macro   0x000101b8       0xeb ./SDK/platform/drivers/src/interrupt/interrupt_manager.o
 .debug_macro   0x000102a3      0x136 ./SDK/platform/drivers/src/flash/flash_driver.o
 .debug_macro   0x000103d9       0x1c ./SDK/platform/drivers/src/flash/flash_driver.o
 .debug_macro   0x000103f5      0x56e ./SDK/platform/drivers/src/flash/flash_driver.o
 .debug_macro   0x00010963      0x134 ./SDK/platform/drivers/src/edma/edma_irq.o
 .debug_macro   0x00010a97      0x130 ./SDK/platform/drivers/src/edma/edma_hw_access.o
 .debug_macro   0x00010bc7      0x151 ./SDK/platform/drivers/src/edma/edma_driver.o
 .debug_macro   0x00010d18      0x2cb ./SDK/platform/drivers/src/clock/S32K1xx/clock_S32K1xx.o
 .debug_macro   0x00010fe3       0xeb ./SDK/platform/devices/startup.o
 .debug_macro   0x000110ce       0xea ./SDK/platform/devices/S32K144/startup/system_S32K144.o
 .debug_macro   0x000111b8      0x141 ./Generated_Code/pin_mux.o
 .debug_macro   0x000112f9      0x249 ./Generated_Code/lpuart0.o
 .debug_macro   0x00011542      0x245 ./Generated_Code/clockManager1.o
 .debug_macro   0x00011787      0x249 ./Generated_Code/Flash.o

.debug_line     0x00000000     0xbf2a
 .debug_line    0x00000000      0x725 ./Sources/main.o
 .debug_line    0x00000725      0x55c ./SDK/rtos/osif/osif_baremetal.o
 .debug_line    0x00000c81      0x45d ./SDK/platform/drivers/src/pins/pins_port_hw_access.o
 .debug_line    0x000010de      0x784 ./SDK/platform/drivers/src/pins/pins_driver.o
 .debug_line    0x00001862      0x384 ./SDK/platform/drivers/src/lpuart/lpuart_irq.o
 .debug_line    0x00001be6      0x5e4 ./SDK/platform/drivers/src/lpuart/lpuart_hw_access.o
 .debug_line    0x000021ca      0x9c2 ./SDK/platform/drivers/src/lpuart/lpuart_driver.o
 .debug_line    0x00002b8c      0x6fb ./SDK/platform/drivers/src/lpspi/lpspi_slave_driver.o
 .debug_line    0x00003287      0x612 ./SDK/platform/drivers/src/lpspi/lpspi_shared_function.o
 .debug_line    0x00003899      0x815 ./SDK/platform/drivers/src/lpspi/lpspi_master_driver.o
 .debug_line    0x000040ae      0x4d9 ./SDK/platform/drivers/src/lpspi/lpspi_irq.o
 .debug_line    0x00004587      0x746 ./SDK/platform/drivers/src/lpspi/lpspi_hw_access.o
 .debug_line    0x00004ccd      0x473 ./SDK/platform/drivers/src/interrupt/interrupt_manager.o
 .debug_line    0x00005140      0x97c ./SDK/platform/drivers/src/flash/flash_driver.o
 .debug_line    0x00005abc      0x519 ./SDK/platform/drivers/src/edma/edma_irq.o
 .debug_line    0x00005fd5      0x56a ./SDK/platform/drivers/src/edma/edma_hw_access.o
 .debug_line    0x0000653f      0xcf2 ./SDK/platform/drivers/src/edma/edma_driver.o
 .debug_line    0x00007231     0x15b7 ./SDK/platform/drivers/src/clock/S32K1xx/clock_S32K1xx.o
 .debug_line    0x000087e8      0x270 ./SDK/platform/devices/startup.o
 .debug_line    0x00008a58      0x364 ./SDK/platform/devices/S32K144/startup/system_S32K144.o
 .debug_line    0x00008dbc       0x83 ./Project_Settings/Startup_Code/startup_S32K144.o
 .debug_line    0x00008e3f      0x37e ./Generated_Code/pin_mux.o
 .debug_line    0x000091bd      0x605 ./Generated_Code/lpuart0.o
 .debug_line    0x000097c2      0x60b ./Generated_Code/clockManager1.o
 .debug_line    0x00009dcd      0x603 ./Generated_Code/Flash.o
 .debug_line    0x0000a3d0       0xe2 C:/NXP/S32DS_ARM_v2018.R1/S32DS/arm_ewl2/lib/armv7e-m\libc99.a(printf.o)
 .debug_line    0x0000a4b2       0xe9 C:/NXP/S32DS_ARM_v2018.R1/S32DS/arm_ewl2/lib/armv7e-m\libc99.a(fwide.o)
 .debug_line    0x0000a59b      0x560 C:/NXP/S32DS_ARM_v2018.R1/S32DS/arm_ewl2/lib/armv7e-m\libc99.a(__printformat.o)
 .debug_line    0x0000aafb      0x180 C:/NXP/S32DS_ARM_v2018.R1/S32DS/arm_ewl2/lib/armv7e-m\libc99.a(ctype_aeabi.o)
 .debug_line    0x0000ac7b       0xd1 C:/NXP/S32DS_ARM_v2018.R1/S32DS/arm_ewl2/lib/armv7e-m\libc99.a(secure_error.o)
 .debug_line    0x0000ad4c       0xcb C:/NXP/S32DS_ARM_v2018.R1/S32DS/arm_ewl2/lib/armv7e-m\libc99.a(ansi_files.o)
 .debug_line    0x0000ae17      0x188 C:/NXP/S32DS_ARM_v2018.R1/S32DS/arm_ewl2/lib/armv7e-m\libc99.a(fwrite.o)
 .debug_line    0x0000af9f      0x16e C:/NXP/S32DS_ARM_v2018.R1/S32DS/arm_ewl2/lib/armv7e-m\libc99.a(mbstowcs_s.o)
 .debug_line    0x0000b10d       0xe1 C:/NXP/S32DS_ARM_v2018.R1/S32DS/arm_ewl2/lib/armv7e-m\libc99.a(wctomb.o)
 .debug_line    0x0000b1ee       0x93 C:/NXP/S32DS_ARM_v2018.R1/S32DS/arm_ewl2/lib/armv7e-m\libc99.a(memchr.o)
 .debug_line    0x0000b281       0x88 C:/NXP/S32DS_ARM_v2018.R1/S32DS/arm_ewl2/lib/armv7e-m\libc99.a(memcpy.o)
 .debug_line    0x0000b309       0x8f C:/NXP/S32DS_ARM_v2018.R1/S32DS/arm_ewl2/lib/armv7e-m\libc99.a(__memrchr.o)
 .debug_line    0x0000b398       0x7c C:/NXP/S32DS_ARM_v2018.R1/S32DS/arm_ewl2/lib/armv7e-m\libc99.a(strchr.o)
 .debug_line    0x0000b414       0x7c C:/NXP/S32DS_ARM_v2018.R1/S32DS/arm_ewl2/lib/armv7e-m\libc99.a(strcpy.o)
 .debug_line    0x0000b490       0x84 C:/NXP/S32DS_ARM_v2018.R1/S32DS/arm_ewl2/lib/armv7e-m\libc99.a(strlen.o)
 .debug_line    0x0000b514       0x8b C:/NXP/S32DS_ARM_v2018.R1/S32DS/arm_ewl2/lib/armv7e-m\libc99.a(strncpy.o)
 .debug_line    0x0000b59f       0xf9 C:/NXP/S32DS_ARM_v2018.R1/S32DS/arm_ewl2/lib/armv7e-m\libc99.a(__buffer_io.o)
 .debug_line    0x0000b698      0x1af C:/NXP/S32DS_ARM_v2018.R1/S32DS/arm_ewl2/lib/armv7e-m\libm.a(ansi_fp.o)
 .debug_line    0x0000b847      0x175 C:/NXP/S32DS_ARM_v2018.R1/S32DS/arm_ewl2/lib/armv7e-m\libm.a(math_api.o)
 .debug_line    0x0000b9bc       0xb9 C:/NXP/S32DS_ARM_v2018.R1/S32DS/arm_ewl2/lib/armv7e-m\libm.a(s_frexp.o)
 .debug_line    0x0000ba75      0x145 C:/NXP/S32DS_ARM_v2018.R1/S32DS/arm_ewl2/lib/armv7e-m\libhosted.a(semihosted_console_io.o)