Archive member included because of file (symbol)

C:/NXP/S32DS_ARM_v2018.R1/S32DS/arm_ewl2/lib/armv7e-m\libc99.a(ansi_files.o)
                              ./Sources/bootloader.o (__files)
C:/NXP/S32DS_ARM_v2018.R1/S32DS/arm_ewl2/lib/armv7e-m\libc99.a(fflush.o)
                              ./Sources/bootloader.o (fflush)
C:/NXP/S32DS_ARM_v2018.R1/S32DS/arm_ewl2/lib/armv7e-m\libc99.a(getc.o)
                              ./Sources/bootloader.o (getc)
C:/NXP/S32DS_ARM_v2018.R1/S32DS/arm_ewl2/lib/armv7e-m\libc99.a(__getchar.o)
                              C:/NXP/S32DS_ARM_v2018.R1/S32DS/arm_ewl2/lib/armv7e-m\libc99.a(getc.o) (__get_char)
C:/NXP/S32DS_ARM_v2018.R1/S32DS/arm_ewl2/lib/armv7e-m\libc99.a(printf.o)
                              ./Sources/pc_communication.o (printf)
C:/NXP/S32DS_ARM_v2018.R1/S32DS/arm_ewl2/lib/armv7e-m\libc99.a(puts.o)
                              ./Sources/bootloader.o (puts)
C:/NXP/S32DS_ARM_v2018.R1/S32DS/arm_ewl2/lib/armv7e-m\libc99.a(exit.o)
                              C:/NXP/S32DS_ARM_v2018.R1/S32DS/arm_ewl2/lib/armv7e-m/__arm_start-hosted.o (exit)
C:/NXP/S32DS_ARM_v2018.R1/S32DS/arm_ewl2/lib/armv7e-m\libc99.a(memcmp.o)
                              ./Sources/bootloader.o (memcmp)
C:/NXP/S32DS_ARM_v2018.R1/S32DS/arm_ewl2/lib/armv7e-m\libc99.a(memset.o)
                              C:/NXP/S32DS_ARM_v2018.R1/S32DS/arm_ewl2/lib/armv7e-m/__arm_start-hosted.o (memset)
C:/NXP/S32DS_ARM_v2018.R1/S32DS/arm_ewl2/lib/armv7e-m\libc99.a(fgetwc.o)
                              C:/NXP/S32DS_ARM_v2018.R1/S32DS/arm_ewl2/lib/armv7e-m\libc99.a(printf.o) (getwc)
C:/NXP/S32DS_ARM_v2018.R1/S32DS/arm_ewl2/lib/armv7e-m\libc99.a(fwide.o)
                              C:/NXP/S32DS_ARM_v2018.R1/S32DS/arm_ewl2/lib/armv7e-m\libc99.a(printf.o) (fwide)
C:/NXP/S32DS_ARM_v2018.R1/S32DS/arm_ewl2/lib/armv7e-m\libc99.a(__wgetchar.o)
                              C:/NXP/S32DS_ARM_v2018.R1/S32DS/arm_ewl2/lib/armv7e-m\libc99.a(fgetwc.o) (__fgetwc)
C:/NXP/S32DS_ARM_v2018.R1/S32DS/arm_ewl2/lib/armv7e-m\libc99.a(__printformat.o)
                              C:/NXP/S32DS_ARM_v2018.R1/S32DS/arm_ewl2/lib/armv7e-m\libc99.a(printf.o) (__pformatter)
C:/NXP/S32DS_ARM_v2018.R1/S32DS/arm_ewl2/lib/armv7e-m\libc99.a(ctype_aeabi.o)
                              C:/NXP/S32DS_ARM_v2018.R1/S32DS/arm_ewl2/lib/armv7e-m\libc99.a(__printformat.o) (isupper)
C:/NXP/S32DS_ARM_v2018.R1/S32DS/arm_ewl2/lib/armv7e-m\libc99.a(secure_error.o)
                              C:/NXP/S32DS_ARM_v2018.R1/S32DS/arm_ewl2/lib/armv7e-m\libc99.a(__printformat.o) (__ewl_runtime_constraint_violation_s)
C:/NXP/S32DS_ARM_v2018.R1/S32DS/arm_ewl2/lib/armv7e-m\libc99.a(__buffer_io.o)
                              C:/NXP/S32DS_ARM_v2018.R1/S32DS/arm_ewl2/lib/armv7e-m\libc99.a(__getchar.o) (__load_buffer)
C:/NXP/S32DS_ARM_v2018.R1/S32DS/arm_ewl2/lib/armv7e-m\libc99.a(fread.o)
                              C:/NXP/S32DS_ARM_v2018.R1/S32DS/arm_ewl2/lib/armv7e-m\libc99.a(__wgetchar.o) (__fread)
C:/NXP/S32DS_ARM_v2018.R1/S32DS/arm_ewl2/lib/armv7e-m\libc99.a(fwrite.o)
                              C:/NXP/S32DS_ARM_v2018.R1/S32DS/arm_ewl2/lib/armv7e-m\libc99.a(printf.o) (__FileWrite)
C:/NXP/S32DS_ARM_v2018.R1/S32DS/arm_ewl2/lib/armv7e-m\libc99.a(__putchar.o)
                              C:/NXP/S32DS_ARM_v2018.R1/S32DS/arm_ewl2/lib/armv7e-m\libc99.a(puts.o) (__put_char)
C:/NXP/S32DS_ARM_v2018.R1/S32DS/arm_ewl2/lib/armv7e-m\libc99.a(abort.o)
                              C:/NXP/S32DS_ARM_v2018.R1/S32DS/arm_ewl2/lib/armv7e-m\libc99.a(secure_error.o) (abort)
C:/NXP/S32DS_ARM_v2018.R1/S32DS/arm_ewl2/lib/armv7e-m\libc99.a(mbstowcs_s.o)
                              C:/NXP/S32DS_ARM_v2018.R1/S32DS/arm_ewl2/lib/armv7e-m\libc99.a(__printformat.o) (wcstombs)
C:/NXP/S32DS_ARM_v2018.R1/S32DS/arm_ewl2/lib/armv7e-m\libc99.a(mbtowc.o)
                              C:/NXP/S32DS_ARM_v2018.R1/S32DS/arm_ewl2/lib/armv7e-m\libc99.a(__wgetchar.o) (mbtowc)
C:/NXP/S32DS_ARM_v2018.R1/S32DS/arm_ewl2/lib/armv7e-m\libc99.a(wctomb.o)
                              C:/NXP/S32DS_ARM_v2018.R1/S32DS/arm_ewl2/lib/armv7e-m\libc99.a(mbstowcs_s.o) (wctomb)
C:/NXP/S32DS_ARM_v2018.R1/S32DS/arm_ewl2/lib/armv7e-m\libc99.a(__filll_mem.o)
                              C:/NXP/S32DS_ARM_v2018.R1/S32DS/arm_ewl2/lib/armv7e-m\libc99.a(memset.o) (__fill_mem)
C:/NXP/S32DS_ARM_v2018.R1/S32DS/arm_ewl2/lib/armv7e-m\libc99.a(memchr.o)
                              C:/NXP/S32DS_ARM_v2018.R1/S32DS/arm_ewl2/lib/armv7e-m\libc99.a(__printformat.o) (memchr)
C:/NXP/S32DS_ARM_v2018.R1/S32DS/arm_ewl2/lib/armv7e-m\libc99.a(memcpy.o)
                              C:/NXP/S32DS_ARM_v2018.R1/S32DS/arm_ewl2/lib/armv7e-m\libc99.a(fread.o) (memcpy)
C:/NXP/S32DS_ARM_v2018.R1/S32DS/arm_ewl2/lib/armv7e-m\libc99.a(__memrchr.o)
                              C:/NXP/S32DS_ARM_v2018.R1/S32DS/arm_ewl2/lib/armv7e-m\libc99.a(fwrite.o) (__memrchr)
C:/NXP/S32DS_ARM_v2018.R1/S32DS/arm_ewl2/lib/armv7e-m\libc99.a(strchr.o)
[...]
Memory Configuration

Name             Origin             Length             Attributes
m_interrupts     0x1fff8000         0x00000400         xr
m_text           0x1fff8400         0x0000c000         xr
m_data           0x20004400         0x00002c00         rw
*default*        0x00000000         0xffffffff

Linker script and memory map

LOAD C:/NXP/S32DS_ARM_v2018.R1/S32DS/arm_ewl2/lib/armv7e-m/__arm_start-hosted.o
LOAD ./Sources/pc_communication.o
LOAD ./Sources/main.o
LOAD ./Sources/bootloader.o
LOAD ./SDK/rtos/osif/osif_baremetal.o
LOAD ./SDK/platform/drivers/src/pins/pins_port_hw_access.o
LOAD ./SDK/platform/drivers/src/pins/pins_driver.o
LOAD ./SDK/platform/drivers/src/lpuart/lpuart_irq.o
LOAD ./SDK/platform/drivers/src/lpuart/lpuart_hw_access.o
LOAD ./SDK/platform/drivers/src/lpuart/lpuart_driver.o
LOAD ./SDK/platform/drivers/src/lptmr/lptmr_hw_access.o
LOAD ./SDK/platform/drivers/src/lptmr/lptmr_driver.o
LOAD ./SDK/platform/drivers/src/lpspi/lpspi_slave_driver.o
LOAD ./SDK/platform/drivers/src/lpspi/lpspi_shared_function.o
LOAD ./SDK/platform/drivers/src/lpspi/lpspi_master_driver.o
LOAD ./SDK/platform/drivers/src/lpspi/lpspi_irq.o
LOAD ./SDK/platform/drivers/src/lpspi/lpspi_hw_access.o
LOAD ./SDK/platform/drivers/src/lpit/lpit_driver.o
LOAD ./SDK/platform/drivers/src/interrupt/interrupt_manager.o
LOAD ./SDK/platform/drivers/src/flash/flash_driver.o
LOAD ./SDK/platform/drivers/src/edma/edma_irq.o
LOAD ./SDK/platform/drivers/src/edma/edma_hw_access.o
LOAD ./SDK/platform/drivers/src/edma/edma_driver.o
LOAD ./SDK/platform/drivers/src/clock/clock_manager.o
LOAD ./SDK/platform/drivers/src/clock/S32K1xx/clock_S32K1xx.o
LOAD ./SDK/platform/devices/startup.o
LOAD ./SDK/platform/devices/S32K144/startup/system_S32K144.o
LOAD ./Project_Settings/Startup_Code/startup_S32K144.o
LOAD ./Generated_Code/pin_mux.o
LOAD ./Generated_Code/lpuart0.o
LOAD ./Generated_Code/lpspi2_dac.o
LOAD ./Generated_Code/lpspi0_adc.o
LOAD ./Generated_Code/lpit1.o
LOAD ./Generated_Code/lpTmr1.o
LOAD ./Generated_Code/dmaController1.o
LOAD ./Generated_Code/clockManager1.o
LOAD ./Generated_Code/Flash.o
LOAD ./Generated_Code/Cpu.o
START GROUP
LOAD C:/NXP/S32DS_ARM_v2018.R1/S32DS/arm_ewl2/lib/armv7e-m\libc99.a
LOAD C:/NXP/S32DS_ARM_v2018.R1/S32DS/arm_ewl2/lib/armv7e-m\libm.a
LOAD c:/nxp/s32ds_arm_v2018.r1/cross_tools/gcc-arm-none-eabi-4_9/bin/../lib/gcc/arm-none-eabi/4.9.3/armv7e-m\libgcc.a
LOAD C:/NXP/S32DS_ARM_v2018.R1/S32DS/arm_ewl2/lib/armv7e-m\librt.a
LOAD C:/NXP/S32DS_ARM_v2018.R1/S32DS/arm_ewl2/lib/armv7e-m\libhosted.a
END GROUP
LOAD C:/NXP/S32DS_ARM_v2018.R1/S32DS/arm_ewl2/lib/armv7e-m/__arm_end-hosted.o
                0x00000400                HEAP_SIZE = DEFINED (__heap_size__)?__heap_size__:0x400
                0x00000400                STACK_SIZE = DEFINED (__stack_size__)?__stack_size__:0x400

.interrupts     0x1fff8000      0x400
                0x1fff8000                __VECTOR_TABLE = .
                0x1fff8000                . = ALIGN (0x4)
 *(.isr_vector)
 .isr_vector    0x1fff8000      0x400 ./Project_Settings/Startup_Code/startup_S32K144.o
                0x1fff8000                __isr_vector
                0x1fff8400                . = ALIGN (0x4)
                0x1fff8000                __VECTOR_RAM = __VECTOR_TABLE
                0x00000000                __RAM_VECTOR_TABLE_SIZE = 0x0

.text           0x1fff8400     0x9680
                0x1fff8400                . = ALIGN (0x4)
 *(.text)
 .text          0x1fff8400       0x44 ./Project_Settings/Startup_Code/startup_S32K144.o
                0x1fff8400                Reset_Handler
                0x1fff8440                DebugMon_Handler
                0x1fff8440                Reserved88_IRQHandler
                0x1fff8440                CAN0_ORed_IRQHandler
                0x1fff8440                HardFault_Handler
                0x1fff8440                Reserved86_IRQHandler
                0x1fff8440                Reserved103_IRQHandler
                0x1fff8440                FTM2_Ovf_Reload_IRQHandler
                0x1fff8440                Reserved50_IRQHandler
                0x1fff8440                FTFC_Fault_IRQHandler
                0x1fff8440                FTM0_Ch6_Ch7_IRQHandler
                0x1fff8440                Reserved114_IRQHandler
                0x1fff8440                PendSV_Handler
                0x1fff8440                NMI_Handler
                0x1fff8440                Reserved89_IRQHandler
                0x1fff8440                ERM_double_fault_IRQHandler
                0x1fff8440                Reserved59_IRQHandler
                0x1fff8440                LPIT0_Ch0_IRQHandler
                0x1fff8440                Reserved99_IRQHandler
                0x1fff8440                FTM3_Ch6_Ch7_IRQHandler
                0x1fff8440                CAN2_ORed_0_15_MB_IRQHandler
                0x1fff8440                LPIT0_Ch3_IRQHandler
                0x1fff8440                Reserved92_IRQHandler
                0x1fff8440                FTM0_Ch4_Ch5_IRQHandler
                0x1fff8440                CAN1_Error_IRQHandler
                0x1fff8440                FTM3_Ch0_Ch1_IRQHandler
                0x1fff8440                SWI_IRQHandler
                0x1fff8440                ADC0_IRQHandler
                0x1fff8440                FTM2_Ch4_Ch5_IRQHandler
                0x1fff8440                UsageFault_Handler
                0x1fff8440                FTM0_Ovf_Reload_IRQHandler
                0x1fff8440                DefaultISR
                0x1fff8440                Reserved58_IRQHandler
                0x1fff8440                CAN1_ORed_0_15_MB_IRQHandler
                0x1fff8440                FTM1_Ch2_Ch3_IRQHandler
                0x1fff8440                Reserved82_IRQHandler
                0x1fff8440                CAN0_ORed_16_31_MB_IRQHandler
                0x1fff8440                LPI2C0_Slave_IRQHandler
                0x1fff8440                Reserved71_IRQHandler
                0x1fff8440                PORTD_IRQHandler
                0x1fff8440                Reserved69_IRQHandler
                0x1fff8440                PORTB_IRQHandler
                0x1fff8440                Reserved70_IRQHandler
                0x1fff8440                ADC1_IRQHandler
                0x1fff8440                FTM2_Ch2_Ch3_IRQHandler
                0x1fff8440                Reserved53_IRQHandler
                0x1fff8440                RTC_IRQHandler
                0x1fff8440                PDB0_IRQHandler
                0x1fff8440                Reserved54_IRQHandler
                0x1fff8440                FTM2_Ch6_Ch7_IRQHandler
                0x1fff8440                FTM3_Ch2_Ch3_IRQHandler
                0x1fff8440                FTM2_Ch0_Ch1_IRQHandler
                0x1fff8440                LPUART1_RxTx_IRQHandler
                0x1fff8440                RTC_Seconds_IRQHandler
                0x1fff8440                CAN2_ORed_IRQHandler
                0x1fff8440                Reserved72_IRQHandler
                0x1fff8440                Reserved110_IRQHandler
                0x1fff8440                Reserved107_IRQHandler
                0x1fff8440                Read_Collision_IRQHandler
                0x1fff8440                CAN2_Error_IRQHandler
                0x1fff8440                FTFC_IRQHandler
                0x1fff8440                FTM1_Ch6_Ch7_IRQHandler
                0x1fff8440                Reserved105_IRQHandler
                0x1fff8440                LPIT0_Ch1_IRQHandler
                0x1fff8440                FTM1_Ch4_Ch5_IRQHandler
                0x1fff8440                FTM3_Ovf_Reload_IRQHandler
                0x1fff8440                LPUART2_RxTx_IRQHandler
                0x1fff8440                WDOG_EWM_IRQHandler
                0x1fff8440                MemManage_Handler
                0x1fff8440                Reserved90_IRQHandler
                0x1fff8440                Reserved83_IRQHandler
                0x1fff8440                FTM0_Fault_IRQHandler
                0x1fff8440                Reserved48_IRQHandler
                0x1fff8440                SVC_Handler
                0x1fff8440                ERM_single_fault_IRQHandler
                0x1fff8440                FTM2_Fault_IRQHandler
                0x1fff8440                FTM0_Ch2_Ch3_IRQHandler
                0x1fff8440                FTM0_Ch0_Ch1_IRQHandler
                0x1fff8440                FTM3_Fault_IRQHandler
                0x1fff8440                RCM_IRQHandler
                0x1fff8440                Reserved100_IRQHandler
                0x1fff8440                Reserved91_IRQHandler
                0x1fff8440                CAN1_ORed_IRQHandler
                0x1fff8440                SCG_IRQHandler
                0x1fff8440                PDB1_IRQHandler
                0x1fff8440                Reserved81_IRQHandler
                0x1fff8440                Reserved46_IRQHandler
                0x1fff8440                Reserved45_IRQHandler
                0x1fff8440                CAN0_Error_IRQHandler
                0x1fff8440                Reserved112_IRQHandler
                0x1fff8440                LPI2C0_Master_IRQHandler
                0x1fff8440                FTM1_Fault_IRQHandler
                0x1fff8440                Reserved106_IRQHandler
                0x1fff8440                LVD_LVW_IRQHandler
                0x1fff8440                LPIT0_Ch2_IRQHandler
                0x1fff8440                PORTA_IRQHandler
                0x1fff8440                MCM_IRQHandler
                0x1fff8440                FTM3_Ch4_Ch5_IRQHandler
                0x1fff8440                CAN0_ORed_0_15_MB_IRQHandler
                0x1fff8440                PORTE_IRQHandler
                0x1fff8440                LPUART0_RxTx_IRQHandler
                0x1fff8440                LPTMR0_IRQHandler
                0x1fff8440                BusFault_Handler
                0x1fff8440                Reserved87_IRQHandler
                0x1fff8440                FTM1_Ovf_Reload_IRQHandler
                0x1fff8440                Reserved93_IRQHandler
                0x1fff8440                CAN0_Wake_Up_IRQHandler
                0x1fff8440                CMP0_IRQHandler
                0x1fff8440                Reserved52_IRQHandler
                0x1fff8440                PORTC_IRQHandler
                0x1fff8440                FTM1_Ch0_Ch1_IRQHandler
                0x1fff8440                FLEXIO_IRQHandler
                0x1fff8440                Reserved113_IRQHandler
 .text          0x1fff8444      0x370 c:/nxp/s32ds_arm_v2018.r1/cross_tools/gcc-arm-none-eabi-4_9/bin/../lib/gcc/arm-none-eabi/4.9.3/armv7e-m\libgcc.a(_arm_addsubdf3.o)
                0x1fff8444                __aeabi_drsub
                0x1fff844c                __aeabi_dsub
                0x1fff844c                __subdf3
                0x1fff8450                __aeabi_dadd
                0x1fff8450                __adddf3
                0x1fff86c8                __floatunsidf
                0x1fff86c8                __aeabi_ui2d
                0x1fff86e8                __floatsidf
                0x1fff86e8                __aeabi_i2d
                0x1fff870c                __aeabi_f2d
                0x1fff870c                __extendsfdf2
                0x1fff8748                __floatundidf
                0x1fff8748                __aeabi_ul2d
                0x1fff8758                __floatdidf
                0x1fff8758                __aeabi_l2d
 .text          0x1fff87b4      0x424 c:/nxp/s32ds_arm_v2018.r1/cross_tools/gcc-arm-none-eabi-4_9/bin/../lib/gcc/arm-none-eabi/4.9.3/armv7e-m\libgcc.a(_arm_muldivdf3.o)
                0x1fff87b4                __aeabi_dmul
                0x1fff87b4                __muldf3
                0x1fff8a08                __divdf3
                0x1fff8a08                __aeabi_ddiv
 .text          0x1fff8bd8      0x110 c:/nxp/s32ds_arm_v2018.r1/cross_tools/gcc-arm-none-eabi-4_9/bin/../lib/gcc/arm-none-eabi/4.9.3/armv7e-m\libgcc.a(_arm_cmpdf2.o)
                0x1fff8bd8                __gtdf2
                0x1fff8bd8                __gedf2
                0x1fff8be0                __ltdf2
                0x1fff8be0                __ledf2
                0x1fff8be8                __nedf2
                0x1fff8be8                __eqdf2
                0x1fff8be8                __cmpdf2
                0x1fff8c64                __aeabi_cdrcmple
                0x1fff8c74                __aeabi_cdcmpeq
                0x1fff8c74                __aeabi_cdcmple
                0x1fff8c84                __aeabi_dcmpeq
                0x1fff8c98                __aeabi_dcmplt
                0x1fff8cac                __aeabi_dcmple
                0x1fff8cc0                __aeabi_dcmpge
                0x1fff8cd4                __aeabi_dcmpgt
 .text          0x1fff8ce8       0x50 c:/nxp/s32ds_arm_v2018.r1/cross_tools/gcc-arm-none-eabi-4_9/bin/../lib/gcc/arm-none-eabi/4.9.3/armv7e-m\libgcc.a(_arm_fixdfsi.o)
                0x1fff8ce8                __aeabi_d2iz
                0x1fff8ce8                __fixdfsi
 .text          0x1fff8d38       0x30 c:/nxp/s32ds_arm_v2018.r1/cross_tools/gcc-arm-none-eabi-4_9/bin/../lib/gcc/arm-none-eabi/4.9.3/armv7e-m\libgcc.a(_aeabi_uldivmod.o)
                0x1fff8d38                __aeabi_uldivmod
 .text          0x1fff8d68       0x60 c:/nxp/s32ds_arm_v2018.r1/cross_tools/gcc-arm-none-eabi-4_9/bin/../lib/gcc/arm-none-eabi/4.9.3/armv7e-m\libgcc.a(bpabi.o)
                0x1fff8d68                __gnu_ldivmod_helper
                0x1fff8d98                __gnu_uldivmod_helper
 .text          0x1fff8dc8        0x4 c:/nxp/s32ds_arm_v2018.r1/cross_tools/gcc-arm-none-eabi-4_9/bin/../lib/gcc/arm-none-eabi/4.9.3/armv7e-m\libgcc.a(_dvmd_tls.o)
                0x1fff8dc8                __aeabi_idiv0
                0x1fff8dc8                __aeabi_ldiv0
 .text          0x1fff8dcc      0x29c c:/nxp/s32ds_arm_v2018.r1/cross_tools/gcc-arm-none-eabi-4_9/bin/../lib/gcc/arm-none-eabi/4.9.3/armv7e-m\libgcc.a(_divdi3.o)
                0x1fff8dcc                __divdi3
 .text          0x1fff9068      0x26c c:/nxp/s32ds_arm_v2018.r1/cross_tools/gcc-arm-none-eabi-4_9/bin/../lib/gcc/arm-none-eabi/4.9.3/armv7e-m\libgcc.a(_udivdi3.o)
                0x1fff9068                __udivdi3
 *(.text*)
 .text.PC2UART_communication_init
                0x1fff92d4       0x34 ./Sources/pc_communication.o
                0x1fff92d4                PC2UART_communication_init
 .text.PC2UART_receiver_run
                0x1fff9308      0x3c8 ./Sources/pc_communication.o
                0x1fff9308                PC2UART_receiver_run
 .text.isRxDataPacketCorrect
                0x1fff96d0       0x58 ./Sources/pc_communication.o
                0x1fff96d0                isRxDataPacketCorrect
 .text.checkDataPacket
                0x1fff9728       0x84 ./Sources/pc_communication.o
                0x1fff9728                checkDataPacket
 .text.printDataPacket
                0x1fff97ac       0x58 ./Sources/pc_communication.o
                0x1fff97ac                printDataPacket
 .text.SendAcknowledge
                0x1fff9804       0x64 ./Sources/pc_communication.o
                0x1fff9804                SendAcknowledge
 .text.SendNoAcknowledge
                0x1fff9868       0x70 ./Sources/pc_communication.o
                0x1fff9868                SendNoAcknowledge
 .text.FifoRingBuffer_IsEmpty
                0x1fff98d8       0x20 ./Sources/pc_communication.o
                0x1fff98d8                FifoRingBuffer_IsEmpty
 .text.FifoRingBuffer_IsFull
                0x1fff98f8       0x24 ./Sources/pc_communication.o
                0x1fff98f8                FifoRingBuffer_IsFull
 .text.FifoRingBuffer_PutByte
                0x1fff991c       0x5c ./Sources/pc_communication.o
                0x1fff991c                FifoRingBuffer_PutByte
 .text.FifoRingBuffer_GetByte
                0x1fff9978       0x64 ./Sources/pc_communication.o
                0x1fff9978                FifoRingBuffer_GetByte
 .text.handleRxByte
                0x1fff99dc       0x30 ./Sources/pc_communication.o
                0x1fff99dc                handleRxByte
 .text.main     0x1fff9a0c       0x50 ./Sources/main.o
                0x1fff9a0c                main
 .text.flash_init
                0x1fff9a5c       0x8c ./Sources/bootloader.o
                0x1fff9a5c                flash_init
 .text.flash_writeBytes
                0x1fff9ae8       0x9c ./Sources/bootloader.o
                0x1fff9ae8                flash_writeBytes
 .text.flash_load_write_buffer
                0x1fff9b84       0x30 ./Sources/bootloader.o
                0x1fff9b84                flash_load_write_buffer
 .text.flash_auto_write_64bytes
                0x1fff9bb4       0x9c ./Sources/bootloader.o
                0x1fff9bb4                flash_auto_write_64bytes
 .text.flash_overwrite_old_firmware
                0x1fff9c50       0xb0 ./Sources/bootloader.o
                0x1fff9c50                flash_overwrite_old_firmware
 .text.flash_erase_sector
                0x1fff9d00       0x54 ./Sources/bootloader.o
                0x1fff9d00                flash_erase_sector
 .text.flash_erase_old_firmware
                0x1fff9d54       0x48 ./Sources/bootloader.o
                0x1fff9d54                flash_erase_old_firmware
 .text.flash_erase_new_firmware
                0x1fff9d9c       0x48 ./Sources/bootloader.o
                0x1fff9d9c                flash_erase_new_firmware
 .text.calculateNewFirmwareSize
                0x1fff9de4       0x24 ./Sources/bootloader.o
                0x1fff9de4                calculateNewFirmwareSize
 .text.calculateNewFirmwareChecksum
                0x1fff9e08       0x50 ./Sources/bootloader.o
                0x1fff9e08                calculateNewFirmwareChecksum
 .text.isOldFirmwareCorrect
                0x1fff9e58       0x54 ./Sources/bootloader.o
                0x1fff9e58                isOldFirmwareCorrect
 .text.eeprom_read_new_firmware_status
                0x1fff9eac       0x48 ./Sources/bootloader.o
                0x1fff9eac                eeprom_read_new_firmware_status
 .text.eeprom_write_new_firmware_status
                0x1fff9ef4       0x94 ./Sources/bootloader.o
                0x1fff9ef4                eeprom_write_new_firmware_status
 .text.firmware_update
                0x1fff9f88       0x80 ./Sources/bootloader.o
                0x1fff9f88                firmware_update
 .text.JumpToOldFirmware
                0x1fffa008       0x5c ./Sources/bootloader.o
                0x1fffa008                JumpToOldFirmware
 .text.auto_flash_reset
                0x1fffa064       0x30 ./Sources/bootloader.o
                0x1fffa064                auto_flash_reset
 .text.JumpToExecute
                0x1fffa094       0x1c ./Sources/bootloader.o
                0x1fffa094                JumpToExecute
 .text.osif_Tick
                0x1fffa0b0       0x1c ./SDK/rtos/osif/osif_baremetal.o
 .text.SysTick_Handler
                0x1fffa0cc        0xc ./SDK/rtos/osif/osif_baremetal.o
                0x1fffa0cc                SysTick_Handler
 .text.osif_DisableIrqGlobal
                0x1fffa0d8        0xc ./SDK/rtos/osif/osif_baremetal.o
 .text.osif_EnableIrqGlobal
                0x1fffa0e4        0xc ./SDK/rtos/osif/osif_baremetal.o
 .text.OSIF_SemaPost
                0x1fffa0f0       0x3c ./SDK/rtos/osif/osif_baremetal.o
                0x1fffa0f0                OSIF_SemaPost
 .text.OSIF_SemaCreate
                0x1fffa12c       0x24 ./SDK/rtos/osif/osif_baremetal.o
                0x1fffa12c                OSIF_SemaCreate
 .text.OSIF_SemaDestroy
                0x1fffa150       0x18 ./SDK/rtos/osif/osif_baremetal.o
                0x1fffa150                OSIF_SemaDestroy
 .text.PINS_GPIO_WritePin
                0x1fffa168       0x44 ./SDK/platform/drivers/src/pins/pins_port_hw_access.o
 .text.PINS_Init
                0x1fffa1ac      0x1a0 ./SDK/platform/drivers/src/pins/pins_port_hw_access.o
                0x1fffa1ac                PINS_Init
 .text.PINS_GPIO_SetPins
                0x1fffa34c       0x1c ./SDK/platform/drivers/src/pins/pins_driver.o
 .text.PINS_GPIO_ClearPins
                0x1fffa368       0x1c ./SDK/platform/drivers/src/pins/pins_driver.o
 .text.PINS_DRV_Init
                0x1fffa384       0x50 ./SDK/platform/drivers/src/pins/pins_driver.o
                0x1fffa384                PINS_DRV_Init
 .text.PINS_DRV_SetPins
                0x1fffa3d4       0x18 ./SDK/platform/drivers/src/pins/pins_driver.o
                0x1fffa3d4                PINS_DRV_SetPins
 .text.PINS_DRV_ClearPins
                0x1fffa3ec       0x18 ./SDK/platform/drivers/src/pins/pins_driver.o
                0x1fffa3ec                PINS_DRV_ClearPins
 .text.LPUART0_IrqHandler
                0x1fffa404        0xc ./SDK/platform/drivers/src/lpuart/lpuart_irq.o
                0x1fffa404                LPUART0_IrqHandler
 .text.LPUART1_IrqHandler
                0x1fffa410        0xc ./SDK/platform/drivers/src/lpuart/lpuart_irq.o
                0x1fffa410                LPUART1_IrqHandler
 .text.LPUART2_IrqHandler
                0x1fffa41c        0xc ./SDK/platform/drivers/src/lpuart/lpuart_irq.o
                0x1fffa41c                LPUART2_IrqHandler
 .text.LPUART_Init
                0x1fffa428       0x48 ./SDK/platform/drivers/src/lpuart/lpuart_hw_access.o
                0x1fffa428                LPUART_Init
 .text.LPUART_SetBitCountPerChar
                0x1fffa470       0x48 ./SDK/platform/drivers/src/lpuart/lpuart_hw_access.o
                0x1fffa470                LPUART_SetBitCountPerChar
 .text.LPUART_SetParityMode
                0x1fffa4b8       0x40 ./SDK/platform/drivers/src/lpuart/lpuart_hw_access.o
                0x1fffa4b8                LPUART_SetParityMode
 .text.LPUART_Putchar9
                0x1fffa4f8       0x44 ./SDK/platform/drivers/src/lpuart/lpuart_hw_access.o
                0x1fffa4f8                LPUART_Putchar9
 .text.LPUART_Putchar10
                0x1fffa53c       0x68 ./SDK/platform/drivers/src/lpuart/lpuart_hw_access.o
                0x1fffa53c                LPUART_Putchar10
 .text.LPUART_Getchar9
                0x1fffa5a4       0x40 ./SDK/platform/drivers/src/lpuart/lpuart_hw_access.o
                0x1fffa5a4                LPUART_Getchar9
 .text.LPUART_Getchar10
                0x1fffa5e4       0x5c ./SDK/platform/drivers/src/lpuart/lpuart_hw_access.o
                0x1fffa5e4                LPUART_Getchar10
 .text.LPUART_SetIntMode
                0x1fffa640      0x188 ./SDK/platform/drivers/src/lpuart/lpuart_hw_access.o
                0x1fffa640                LPUART_SetIntMode
 .text.LPUART_GetIntMode
                0x1fffa7c8      0x108 ./SDK/platform/drivers/src/lpuart/lpuart_hw_access.o
                0x1fffa7c8                LPUART_GetIntMode
 .text.LPUART_GetStatusFlag
                0x1fffa8d0      0x108 ./SDK/platform/drivers/src/lpuart/lpuart_hw_access.o
                0x1fffa8d0                LPUART_GetStatusFlag
 .text.LPUART_ClearStatusFlag
                0x1fffa9d8      0x1a8 ./SDK/platform/drivers/src/lpuart/lpuart_hw_access.o
                0x1fffa9d8                LPUART_ClearStatusFlag
 .text.LPUART_SetTransmitterCmd
                0x1fffab80       0x50 ./SDK/platform/drivers/src/lpuart/lpuart_driver.o
 .text.LPUART_SetReceiverCmd
                0x1fffabd0       0x50 ./SDK/platform/drivers/src/lpuart/lpuart_driver.o
 .text.LPUART_SetBaudRateDivisor
                0x1fffac20       0x38 ./SDK/platform/drivers/src/lpuart/lpuart_driver.o
 .text.LPUART_SetOversamplingRatio
                0x1fffac58       0x38 ./SDK/platform/drivers/src/lpuart/lpuart_driver.o
 .text.LPUART_SetBothEdgeSamplingCmd
                0x1fffac90       0x34 ./SDK/platform/drivers/src/lpuart/lpuart_driver.o
 .text.LPUART_SetStopBitCount
                0x1fffacc4       0x28 ./SDK/platform/drivers/src/lpuart/lpuart_driver.o
 .text.LPUART_SetRxDmaCmd
                0x1fffacec       0x34 ./SDK/platform/drivers/src/lpuart/lpuart_driver.o
 .text.LPUART_Putchar
                0x1fffad20       0x24 ./SDK/platform/drivers/src/lpuart/lpuart_driver.o
 .text.LPUART_Getchar
                0x1fffad44       0x20 ./SDK/platform/drivers/src/lpuart/lpuart_driver.o
 .text.LPUART_DRV_Init
                0x1fffad64      0x13c ./SDK/platform/drivers/src/lpuart/lpuart_driver.o
                0x1fffad64                LPUART_DRV_Init
 .text.LPUART_DRV_Deinit
                0x1fffaea0       0xc0 ./SDK/platform/drivers/src/lpuart/lpuart_driver.o
                0x1fffaea0                LPUART_DRV_Deinit
 .text.LPUART_DRV_InstallRxCallback
                0x1fffaf60       0x3c ./SDK/platform/drivers/src/lpuart/lpuart_driver.o
                0x1fffaf60                LPUART_DRV_InstallRxCallback
 .text.LPUART_DRV_SendDataPolling
                0x1fffaf9c       0x84 ./SDK/platform/drivers/src/lpuart/lpuart_driver.o
                0x1fffaf9c                LPUART_DRV_SendDataPolling
 .text.LPUART_DRV_ReceiveData
                0x1fffb020       0x58 ./SDK/platform/drivers/src/lpuart/lpuart_driver.o
                0x1fffb020                LPUART_DRV_ReceiveData
 .text.LPUART_DRV_AbortReceivingData
                0x1fffb078       0x60 ./SDK/platform/drivers/src/lpuart/lpuart_driver.o
                0x1fffb078                LPUART_DRV_AbortReceivingData
 .text.LPUART_DRV_SetBaudRate
                0x1fffb0d8      0x108 ./SDK/platform/drivers/src/lpuart/lpuart_driver.o
                0x1fffb0d8                LPUART_DRV_SetBaudRate
 .text.LPUART_DRV_IRQHandler
                0x1fffb1e0      0x190 ./SDK/platform/drivers/src/lpuart/lpuart_driver.o
                0x1fffb1e0                LPUART_DRV_IRQHandler
 .text.LPUART_DRV_CompleteSendDataUsingInt
                0x1fffb370       0x58 ./SDK/platform/drivers/src/lpuart/lpuart_driver.o
 .text.LPUART_DRV_StartReceiveDataUsingInt
                0x1fffb3c8       0x7c ./SDK/platform/drivers/src/lpuart/lpuart_driver.o
 .text.LPUART_DRV_StartReceiveDataUsingDma
                0x1fffb444       0xb4 ./SDK/platform/drivers/src/lpuart/lpuart_driver.o
 .text.LPUART_DRV_CompleteReceiveDataUsingInt
                0x1fffb4f8       0x68 ./SDK/platform/drivers/src/lpuart/lpuart_driver.o
 .text.LPUART_DRV_CompleteReceiveDataUsingDma
                0x1fffb560       0x94 ./SDK/platform/drivers/src/lpuart/lpuart_driver.o
 .text.LPUART_DRV_PutData
                0x1fffb5f4       0x9c ./SDK/platform/drivers/src/lpuart/lpuart_driver.o
 .text.LPUART_DRV_GetData
                0x1fffb690       0x98 ./SDK/platform/drivers/src/lpuart/lpuart_driver.o
 .text.LPSPI_GetStatusFlag
                0x1fffb728       0x30 ./SDK/platform/drivers/src/lpspi/lpspi_slave_driver.o
 .text.LPSPI_SetIntMode
                0x1fffb758       0x4c ./SDK/platform/drivers/src/lpspi/lpspi_slave_driver.o
 .text.LPSPI_SetTxDmaCmd
                0x1fffb7a4       0x28 ./SDK/platform/drivers/src/lpspi/lpspi_slave_driver.o
 .text.LPSPI_SetRxDmaCmd
                0x1fffb7cc       0x28 ./SDK/platform/drivers/src/lpspi/lpspi_slave_driver.o
 .text.LPSPI_DRV_SlaveIRQHandler
                0x1fffb7f4      0x11c ./SDK/platform/drivers/src/lpspi/lpspi_slave_driver.o
                0x1fffb7f4                LPSPI_DRV_SlaveIRQHandler
 .text.LPSPI_DRV_SlaveAbortTransfer
                0x1fffb910       0x98 ./SDK/platform/drivers/src/lpspi/lpspi_slave_driver.o
                0x1fffb910                LPSPI_DRV_SlaveAbortTransfer
 .text.LPSPI_IsMaster
                0x1fffb9a8       0x28 ./SDK/platform/drivers/src/lpspi/lpspi_shared_function.o
 .text.LPSPI_SetIntMode
                0x1fffb9d0       0x4c ./SDK/platform/drivers/src/lpspi/lpspi_shared_function.o
 .text.LPSPI_WriteData
                0x1fffba1c       0x1c ./SDK/platform/drivers/src/lpspi/lpspi_shared_function.o
 .text.LPSPI_ReadData
                0x1fffba38       0x18 ./SDK/platform/drivers/src/lpspi/lpspi_shared_function.o
 .text.LPSPI_ReadTxCount
                0x1fffba50       0x1c ./SDK/platform/drivers/src/lpspi/lpspi_shared_function.o
 .text.LPSPI_ReadRxCount
                0x1fffba6c       0x20 ./SDK/platform/drivers/src/lpspi/lpspi_shared_function.o
 .text.LPSPI_ClearContCBit
                0x1fffba8c       0x20 ./SDK/platform/drivers/src/lpspi/lpspi_shared_function.o
 .text.LPSPI_DRV_IRQHandler
                0x1fffbaac       0x3c ./SDK/platform/drivers/src/lpspi/lpspi_shared_function.o
                0x1fffbaac                LPSPI_DRV_IRQHandler
 .text.LPSPI_DRV_FillupTxBuffer
                0x1fffbae8      0x17c ./SDK/platform/drivers/src/lpspi/lpspi_shared_function.o
                0x1fffbae8                LPSPI_DRV_FillupTxBuffer
 .text.LPSPI_DRV_ReadRXBuffer
                0x1fffbc64      0x17c ./SDK/platform/drivers/src/lpspi/lpspi_shared_function.o
                0x1fffbc64                LPSPI_DRV_ReadRXBuffer
 .text.LPSPI_DRV_DisableTEIEInterrupts
                0x1fffbde0       0x40 ./SDK/platform/drivers/src/lpspi/lpspi_shared_function.o
                0x1fffbde0                LPSPI_DRV_DisableTEIEInterrupts
 .text.LPSPI_GetStatusFlag
                0x1fffbe20       0x30 ./SDK/platform/drivers/src/lpspi/lpspi_master_driver.o
 .text.LPSPI_SetIntMode
                0x1fffbe50       0x4c ./SDK/platform/drivers/src/lpspi/lpspi_master_driver.o
 .text.LPSPI_SetTxDmaCmd
                0x1fffbe9c       0x28 ./SDK/platform/drivers/src/lpspi/lpspi_master_driver.o
 .text.LPSPI_SetRxDmaCmd
                0x1fffbec4       0x28 ./SDK/platform/drivers/src/lpspi/lpspi_master_driver.o
 .text.LPSPI_DRV_MasterAbortTransfer
                0x1fffbeec       0x3c ./SDK/platform/drivers/src/lpspi/lpspi_master_driver.o
                0x1fffbeec                LPSPI_DRV_MasterAbortTransfer
 .text.LPSPI_DRV_MasterCompleteTransfer
                0x1fffbf28       0xa8 ./SDK/platform/drivers/src/lpspi/lpspi_master_driver.o
 .text.LPSPI_DRV_MasterIRQHandler
                0x1fffbfd0       0xf8 ./SDK/platform/drivers/src/lpspi/lpspi_master_driver.o
                0x1fffbfd0                LPSPI_DRV_MasterIRQHandler
 .text.LPSPI0_IRQHandler
                0x1fffc0c8        0xc ./SDK/platform/drivers/src/lpspi/lpspi_irq.o
                0x1fffc0c8                LPSPI0_IRQHandler
 .text.LPSPI1_IRQHandler
                0x1fffc0d4        0xc ./SDK/platform/drivers/src/lpspi/lpspi_irq.o
                0x1fffc0d4                LPSPI1_IRQHandler
 .text.LPSPI2_IRQHandler
                0x1fffc0e0        0xc ./SDK/platform/drivers/src/lpspi/lpspi_irq.o
                0x1fffc0e0                LPSPI2_IRQHandler
 .text.LPSPI_SetFlushFifoCmd
                0x1fffc0ec       0x38 ./SDK/platform/drivers/src/lpspi/lpspi_hw_access.o
                0x1fffc0ec                LPSPI_SetFlushFifoCmd
 .text.LPSPI_ClearStatusFlag
                0x1fffc124       0x58 ./SDK/platform/drivers/src/lpspi/lpspi_hw_access.o
                0x1fffc124                LPSPI_ClearStatusFlag
 .text.INT_SYS_InstallHandler
                0x1fffc17c       0x44 ./SDK/platform/drivers/src/interrupt/interrupt_manager.o
                0x1fffc17c                INT_SYS_InstallHandler
 .text.INT_SYS_EnableIRQ
                0x1fffc1c0       0x30 ./SDK/platform/drivers/src/interrupt/interrupt_manager.o
                0x1fffc1c0                INT_SYS_EnableIRQ
 .text.INT_SYS_DisableIRQ
                0x1fffc1f0       0x34 ./SDK/platform/drivers/src/interrupt/interrupt_manager.o
                0x1fffc1f0                INT_SYS_DisableIRQ
 .text.INT_SYS_EnableIRQGlobal
                0x1fffc224       0x2c ./SDK/platform/drivers/src/interrupt/interrupt_manager.o
                0x1fffc224                INT_SYS_EnableIRQGlobal
 .text.INT_SYS_DisableIRQGlobal
                0x1fffc250       0x1c ./SDK/platform/drivers/src/interrupt/interrupt_manager.o
                0x1fffc250                INT_SYS_DisableIRQGlobal
 .text.INT_SYS_SetPriority
                0x1fffc26c       0x8c ./SDK/platform/drivers/src/interrupt/interrupt_manager.o
                0x1fffc26c                INT_SYS_SetPriority
 .text.INT_SYS_ClearPending
                0x1fffc2f8       0x34 ./SDK/platform/drivers/src/interrupt/interrupt_manager.o
                0x1fffc2f8                INT_SYS_ClearPending
 .text.FLASH_DRV_GetDEPartitionCode
                0x1fffc32c      0x110 ./SDK/platform/drivers/src/flash/flash_driver.o
 .text.FLASH_DRV_Init
                0x1fffc43c       0x74 ./SDK/platform/drivers/src/flash/flash_driver.o
                0x1fffc43c                FLASH_DRV_Init
 .text.FLASH_DRV_EraseSector
                0x1fffc4b0      0x100 ./SDK/platform/drivers/src/flash/flash_driver.o
                0x1fffc4b0                FLASH_DRV_EraseSector
 .text.FLASH_DRV_Program
                0x1fffc5b0      0x114 ./SDK/platform/drivers/src/flash/flash_driver.o
                0x1fffc5b0                FLASH_DRV_Program
 .text.FLASH_DRV_ProgramCheck
                0x1fffc6c4      0x14c ./SDK/platform/drivers/src/flash/flash_driver.o
                0x1fffc6c4                FLASH_DRV_ProgramCheck
 .text.FLASH_DRV_CheckSum
                0x1fffc810       0xb4 ./SDK/platform/drivers/src/flash/flash_driver.o
                0x1fffc810                FLASH_DRV_CheckSum
 .text.FLASH_DRV_SetFlexRamFunction
                0x1fffc8c4       0xd4 ./SDK/platform/drivers/src/flash/flash_driver.o
                0x1fffc8c4                FLASH_DRV_SetFlexRamFunction
 .text.FLASH_DRV_WaitEEWriteToFinish
                0x1fffc998       0xc4 ./SDK/platform/drivers/src/flash/flash_driver.o
 .text.FLASH_DRV_EEEWrite
                0x1fffca5c       0xbc ./SDK/platform/drivers/src/flash/flash_driver.o
                0x1fffca5c                FLASH_DRV_EEEWrite
 .text.FLASH_DRV_DEFlashPartition
                0x1fffcb18       0x80 ./SDK/platform/drivers/src/flash/flash_driver.o
                0x1fffcb18                FLASH_DRV_DEFlashPartition
 .text.EDMA_GetErrorIntStatusFlag
                0x1fffcb98       0x18 ./SDK/platform/drivers/src/edma/edma_irq.o
 .text.DMA0_IRQHandler
                0x1fffcbb0        0xc ./SDK/platform/drivers/src/edma/edma_irq.o
                0x1fffcbb0                DMA0_IRQHandler
 .text.DMA1_IRQHandler
                0x1fffcbbc        0xc ./SDK/platform/drivers/src/edma/edma_irq.o
                0x1fffcbbc                DMA1_IRQHandler
 .text.DMA2_IRQHandler
                0x1fffcbc8        0xc ./SDK/platform/drivers/src/edma/edma_irq.o
                0x1fffcbc8                DMA2_IRQHandler
 .text.DMA3_IRQHandler
                0x1fffcbd4        0xc ./SDK/platform/drivers/src/edma/edma_irq.o
                0x1fffcbd4                DMA3_IRQHandler
 .text.DMA4_IRQHandler
                0x1fffcbe0        0xc ./SDK/platform/drivers/src/edma/edma_irq.o
                0x1fffcbe0                DMA4_IRQHandler
 .text.DMA5_IRQHandler
                0x1fffcbec        0xc ./SDK/platform/drivers/src/edma/edma_irq.o
                0x1fffcbec                DMA5_IRQHandler
 .text.DMA6_IRQHandler
                0x1fffcbf8        0xc ./SDK/platform/drivers/src/edma/edma_irq.o
                0x1fffcbf8                DMA6_IRQHandler
 .text.DMA7_IRQHandler
                0x1fffcc04        0xc ./SDK/platform/drivers/src/edma/edma_irq.o
                0x1fffcc04                DMA7_IRQHandler
 .text.DMA8_IRQHandler
                0x1fffcc10        0xc ./SDK/platform/drivers/src/edma/edma_irq.o
                0x1fffcc10                DMA8_IRQHandler
 .text.DMA9_IRQHandler
                0x1fffcc1c        0xc ./SDK/platform/drivers/src/edma/edma_irq.o
                0x1fffcc1c                DMA9_IRQHandler
 .text.DMA10_IRQHandler
                0x1fffcc28        0xc ./SDK/platform/drivers/src/edma/edma_irq.o
                0x1fffcc28                DMA10_IRQHandler
 .text.DMA11_IRQHandler
                0x1fffcc34        0xc ./SDK/platform/drivers/src/edma/edma_irq.o
                0x1fffcc34                DMA11_IRQHandler
 .text.DMA12_IRQHandler
                0x1fffcc40        0xc ./SDK/platform/drivers/src/edma/edma_irq.o
                0x1fffcc40                DMA12_IRQHandler
 .text.DMA13_IRQHandler
                0x1fffcc4c        0xc ./SDK/platform/drivers/src/edma/edma_irq.o
                0x1fffcc4c                DMA13_IRQHandler
 .text.DMA14_IRQHandler
                0x1fffcc58        0xc ./SDK/platform/drivers/src/edma/edma_irq.o
                0x1fffcc58                DMA14_IRQHandler
 .text.DMA15_IRQHandler
                0x1fffcc64        0xc ./SDK/platform/drivers/src/edma/edma_irq.o
                0x1fffcc64                DMA15_IRQHandler
 .text.DMA_Error_IRQHandler
                0x1fffcc70       0x4c ./SDK/platform/drivers/src/edma/edma_irq.o
                0x1fffcc70                DMA_Error_IRQHandler
 .text.EDMA_SetDmaRequestCmd
                0x1fffccbc       0x30 ./SDK/platform/drivers/src/edma/edma_hw_access.o
                0x1fffccbc                EDMA_SetDmaRequestCmd
 .text.EDMA_TCDClearReg
                0x1fffccec       0xd0 ./SDK/platform/drivers/src/edma/edma_hw_access.o
                0x1fffccec                EDMA_TCDClearReg
 .text.EDMA_TCDSetAttribute
                0x1fffcdbc       0x6c ./SDK/platform/drivers/src/edma/edma_hw_access.o
                0x1fffcdbc                EDMA_TCDSetAttribute
 .text.EDMA_TCDSetNbytes
                0x1fffce28       0xd0 ./SDK/platform/drivers/src/edma/edma_hw_access.o
                0x1fffce28                EDMA_TCDSetNbytes
 .text.EDMA_TCDSetMajorCount
                0x1fffcef8      0x140 ./SDK/platform/drivers/src/edma/edma_hw_access.o
                0x1fffcef8                EDMA_TCDSetMajorCount
 .text.EDMA_SetHaltCmd
                0x1fffd038       0x3c ./SDK/platform/drivers/src/edma/edma_driver.o
 .text.EDMA_ClearErrorIntStatusFlag
                0x1fffd074       0x1c ./SDK/platform/drivers/src/edma/edma_driver.o
 .text.EDMA_ClearDoneStatusFlag
                0x1fffd090       0x1c ./SDK/platform/drivers/src/edma/edma_driver.o
 .text.EDMA_ClearIntStatusFlag
                0x1fffd0ac       0x1c ./SDK/platform/drivers/src/edma/edma_driver.o
 .text.EDMA_TCDSetSrcAddr
                0x1fffd0c8       0x28 ./SDK/platform/drivers/src/edma/edma_driver.o
 .text.EDMA_TCDSetSrcOffset
                0x1fffd0f0       0x2c ./SDK/platform/drivers/src/edma/edma_driver.o
 .text.EDMA_TCDSetDestAddr
                0x1fffd11c       0x2c ./SDK/platform/drivers/src/edma/edma_driver.o
 .text.EDMA_TCDSetDestOffset
                0x1fffd148       0x30 ./SDK/platform/drivers/src/edma/edma_driver.o
 .text.EDMA_TCDSetDisableDmaRequestAfterTCDDoneCmd
                0x1fffd178       0x5c ./SDK/platform/drivers/src/edma/edma_driver.o
 .text.EDMA_TCDSetMajorCompleteIntCmd
                0x1fffd1d4       0x5c ./SDK/platform/drivers/src/edma/edma_driver.o
 .text.EDMA_DRV_InstallCallback
                0x1fffd230       0x3c ./SDK/platform/drivers/src/edma/edma_driver.o
                0x1fffd230                EDMA_DRV_InstallCallback
 .text.EDMA_DRV_ClearIntStatus
                0x1fffd26c       0x3c ./SDK/platform/drivers/src/edma/edma_driver.o
 .text.EDMA_DRV_IRQHandler
                0x1fffd2a8       0x4c ./SDK/platform/drivers/src/edma/edma_driver.o
                0x1fffd2a8                EDMA_DRV_IRQHandler
 .text.EDMA_DRV_ErrorIRQHandler
                0x1fffd2f4       0x84 ./SDK/platform/drivers/src/edma/edma_driver.o
                0x1fffd2f4                EDMA_DRV_ErrorIRQHandler
 .text.EDMA_DRV_ConfigSingleBlockTransfer
                0x1fffd378      0x168 ./SDK/platform/drivers/src/edma/edma_driver.o
                0x1fffd378                EDMA_DRV_ConfigSingleBlockTransfer
 .text.EDMA_DRV_ConfigMultiBlockTransfer
                0x1fffd4e0       0x78 ./SDK/platform/drivers/src/edma/edma_driver.o
                0x1fffd4e0                EDMA_DRV_ConfigMultiBlockTransfer
 .text.EDMA_DRV_StartChannel
                0x1fffd558       0x38 ./SDK/platform/drivers/src/edma/edma_driver.o
                0x1fffd558                EDMA_DRV_StartChannel
 .text.EDMA_DRV_StopChannel
                0x1fffd590       0x38 ./SDK/platform/drivers/src/edma/edma_driver.o
                0x1fffd590                EDMA_DRV_StopChannel
 .text.EDMA_DRV_GetDmaRegBaseAddr
                0x1fffd5c8       0x1c ./SDK/platform/drivers/src/edma/edma_driver.o
                0x1fffd5c8                EDMA_DRV_GetDmaRegBaseAddr
 .text.SIM_GetRtcClkSrc
                0x1fffd5e4       0x20 ./SDK/platform/drivers/src/clock/S32K1xx/clock_S32K1xx.o
 .text.SIM_SetLpoClocks
                0x1fffd604       0x70 ./SDK/platform/drivers/src/clock/S32K1xx/clock_S32K1xx.o
 .text.SIM_SetEimClockGate
                0x1fffd674       0x3c ./SDK/platform/drivers/src/clock/S32K1xx/clock_S32K1xx.o
 .text.SIM_GetEimClockGate
                0x1fffd6b0       0x30 ./SDK/platform/drivers/src/clock/S32K1xx/clock_S32K1xx.o
 .text.SIM_SetErmClockGate
                0x1fffd6e0       0x3c ./SDK/platform/drivers/src/clock/S32K1xx/clock_S32K1xx.o
 .text.SIM_GetErmClockGate
                0x1fffd71c       0x30 ./SDK/platform/drivers/src/clock/S32K1xx/clock_S32K1xx.o
 .text.SIM_SetDmaClockGate
                0x1fffd74c       0x3c ./SDK/platform/drivers/src/clock/S32K1xx/clock_S32K1xx.o
 .text.SIM_GetDmaClockGate
                0x1fffd788       0x30 ./SDK/platform/drivers/src/clock/S32K1xx/clock_S32K1xx.o
 .text.SIM_SetMpuClockGate
                0x1fffd7b8       0x3c ./SDK/platform/drivers/src/clock/S32K1xx/clock_S32K1xx.o
 .text.SIM_GetMpuClockGate
                0x1fffd7f4       0x30 ./SDK/platform/drivers/src/clock/S32K1xx/clock_S32K1xx.o
 .text.SIM_SetMscmClockGate
                0x1fffd824       0x3c ./SDK/platform/drivers/src/clock/S32K1xx/clock_S32K1xx.o
 .text.SIM_GetMscmClockGate
                0x1fffd860       0x30 ./SDK/platform/drivers/src/clock/S32K1xx/clock_S32K1xx.o
 .text.SIM_GetFtm0ExternalClkPinMode
                0x1fffd890       0x20 ./SDK/platform/drivers/src/clock/S32K1xx/clock_S32K1xx.o
 .text.SIM_GetFtm1ExternalClkPinMode
                0x1fffd8b0       0x20 ./SDK/platform/drivers/src/clock/S32K1xx/clock_S32K1xx.o
 .text.SIM_GetFtm2ExternalClkPinMode
                0x1fffd8d0       0x20 ./SDK/platform/drivers/src/clock/S32K1xx/clock_S32K1xx.o
 .text.SIM_GetFtm3ExternalClkPinMode
                0x1fffd8f0       0x1c ./SDK/platform/drivers/src/clock/S32K1xx/clock_S32K1xx.o
 .text.SIM_GetLpo32KStatus
                0x1fffd90c       0x28 ./SDK/platform/drivers/src/clock/S32K1xx/clock_S32K1xx.o
 .text.SIM_GetLpo1KStatus
                0x1fffd934       0x28 ./SDK/platform/drivers/src/clock/S32K1xx/clock_S32K1xx.o
 .text.SIM_GetLpoClkSelectorValue
                0x1fffd95c       0x20 ./SDK/platform/drivers/src/clock/S32K1xx/clock_S32K1xx.o
 .text.SIM_GetClockoutStatus
                0x1fffd97c       0x28 ./SDK/platform/drivers/src/clock/S32K1xx/clock_S32K1xx.o
 .text.SIM_GetClockoutDividerValue
                0x1fffd9a4       0x20 ./SDK/platform/drivers/src/clock/S32K1xx/clock_S32K1xx.o
 .text.SIM_GetClockoutSelectorValue
                0x1fffd9c4       0x20 ./SDK/platform/drivers/src/clock/S32K1xx/clock_S32K1xx.o
 .text.SIM_SetClockout
                0x1fffd9e4       0x5c ./SDK/platform/drivers/src/clock/S32K1xx/clock_S32K1xx.o
 .text.SIM_SetTraceClockSource
                0x1fffda40       0x38 ./SDK/platform/drivers/src/clock/S32K1xx/clock_S32K1xx.o
 .text.SIM_ClearTraceClockConfig
                0x1fffda78       0x1c ./SDK/platform/drivers/src/clock/S32K1xx/clock_S32K1xx.o
 .text.SIM_SetTraceClockConfig
                0x1fffda94       0x40 ./SDK/platform/drivers/src/clock/S32K1xx/clock_S32K1xx.o
 .text.SCG_GetClockoutSourceSel
                0x1fffdad4       0x20 ./SDK/platform/drivers/src/clock/S32K1xx/clock_S32K1xx.o
 .text.SCG_GetCurrentSystemClockSource
                0x1fffdaf4       0x20 ./SDK/platform/drivers/src/clock/S32K1xx/clock_S32K1xx.o
 .text.SCG_GetCurrentCoreClockDividerRatio
                0x1fffdb14       0x20 ./SDK/platform/drivers/src/clock/S32K1xx/clock_S32K1xx.o
 .text.SCG_GetCurrentBusClockDividerRatio
                0x1fffdb34       0x20 ./SDK/platform/drivers/src/clock/S32K1xx/clock_S32K1xx.o
 .text.SCG_GetCurrentSlowClockDividerRatio
                0x1fffdb54       0x1c ./SDK/platform/drivers/src/clock/S32K1xx/clock_S32K1xx.o
 .text.SCG_SetRunClockControl
                0x1fffdb70       0x44 ./SDK/platform/drivers/src/clock/S32K1xx/clock_S32K1xx.o
 .text.SCG_SetVlprClockControl
                0x1fffdbb4       0x44 ./SDK/platform/drivers/src/clock/S32K1xx/clock_S32K1xx.o
 .text.SCG_SetHsrunClockControl
                0x1fffdbf8       0x44 ./SDK/platform/drivers/src/clock/S32K1xx/clock_S32K1xx.o
 .text.SCG_GetFircFirstAsyncDivider
                0x1fffdc3c       0x20 ./SDK/platform/drivers/src/clock/S32K1xx/clock_S32K1xx.o
 .text.SCG_GetFircSecondAsyncDivider
                0x1fffdc5c       0x20 ./SDK/platform/drivers/src/clock/S32K1xx/clock_S32K1xx.o
 .text.SCG_SetFircAsyncConfig
                0x1fffdc7c       0x30 ./SDK/platform/drivers/src/clock/S32K1xx/clock_S32K1xx.o
 .text.SCG_GetSircFirstAsyncDivider
                0x1fffdcac       0x20 ./SDK/platform/drivers/src/clock/S32K1xx/clock_S32K1xx.o
 .text.SCG_GetSircSecondAsyncDivider
                0x1fffdccc       0x20 ./SDK/platform/drivers/src/clock/S32K1xx/clock_S32K1xx.o
 .text.SCG_SetSircAsyncConfig
                0x1fffdcec       0x30 ./SDK/platform/drivers/src/clock/S32K1xx/clock_S32K1xx.o
 .text.SCG_GetSoscFirstAsyncDivider
                0x1fffdd1c       0x20 ./SDK/platform/drivers/src/clock/S32K1xx/clock_S32K1xx.o
 .text.SCG_GetSoscSecondAsyncDivider
                0x1fffdd3c       0x20 ./SDK/platform/drivers/src/clock/S32K1xx/clock_S32K1xx.o
 .text.SCG_SetSoscAsyncConfig
                0x1fffdd5c       0x30 ./SDK/platform/drivers/src/clock/S32K1xx/clock_S32K1xx.o
 .text.SCG_GetSpllFirstAsyncDivider
                0x1fffdd8c       0x20 ./SDK/platform/drivers/src/clock/S32K1xx/clock_S32K1xx.o
 .text.SCG_GetSpllSecondAsyncDivider
                0x1fffddac       0x20 ./SDK/platform/drivers/src/clock/S32K1xx/clock_S32K1xx.o
 .text.SCG_SetSpllAsyncConfig
                0x1fffddcc       0x30 ./SDK/platform/drivers/src/clock/S32K1xx/clock_S32K1xx.o
 .text.SCG_SetClockoutSourceSel
                0x1fffddfc       0x38 ./SDK/platform/drivers/src/clock/S32K1xx/clock_S32K1xx.o
 .text.SCG_GetSircSystemClockMode
                0x1fffde34       0x34 ./SDK/platform/drivers/src/clock/S32K1xx/clock_S32K1xx.o
 .text.SCG_GetSircStatus
                0x1fffde68       0x2c ./SDK/platform/drivers/src/clock/S32K1xx/clock_S32K1xx.o
 .text.SCG_GetSircRange
                0x1fffde94       0x20 ./SDK/platform/drivers/src/clock/S32K1xx/clock_S32K1xx.o
 .text.SCG_ClearSircLock
                0x1fffdeb4       0x24 ./SDK/platform/drivers/src/clock/S32K1xx/clock_S32K1xx.o
 .text.SCG_ClearSircControl
                0x1fffded8       0x1c ./SDK/platform/drivers/src/clock/S32K1xx/clock_S32K1xx.o
 .text.SCG_SetSircConfiguration
                0x1fffdef4       0x24 ./SDK/platform/drivers/src/clock/S32K1xx/clock_S32K1xx.o
 .text.SCG_SetSircControl
                0x1fffdf18       0x58 ./SDK/platform/drivers/src/clock/S32K1xx/clock_S32K1xx.o
 .text.SCG_GetFircSystemClockMode
                0x1fffdf70       0x34 ./SDK/platform/drivers/src/clock/S32K1xx/clock_S32K1xx.o
 .text.SCG_GetFircStatus
                0x1fffdfa4       0x2c ./SDK/platform/drivers/src/clock/S32K1xx/clock_S32K1xx.o
 .text.SCG_GetFircRange
                0x1fffdfd0       0x20 ./SDK/platform/drivers/src/clock/S32K1xx/clock_S32K1xx.o
 .text.SCG_ClearFircLock
                0x1fffdff0       0x24 ./SDK/platform/drivers/src/clock/S32K1xx/clock_S32K1xx.o
 .text.SCG_ClearFircControl
                0x1fffe014       0x1c ./SDK/platform/drivers/src/clock/S32K1xx/clock_S32K1xx.o
 .text.SCG_SetFircConfiguration
                0x1fffe030       0x24 ./SDK/platform/drivers/src/clock/S32K1xx/clock_S32K1xx.o
 .text.SCG_SetFircControl
                0x1fffe054       0x40 ./SDK/platform/drivers/src/clock/S32K1xx/clock_S32K1xx.o
 .text.SCG_GetSoscSystemClockMode
                0x1fffe094       0x34 ./SDK/platform/drivers/src/clock/S32K1xx/clock_S32K1xx.o
 .text.SCG_GetSoscStatus
                0x1fffe0c8       0x2c ./SDK/platform/drivers/src/clock/S32K1xx/clock_S32K1xx.o
 .text.SCG_ClearSoscLock
                0x1fffe0f4       0x24 ./SDK/platform/drivers/src/clock/S32K1xx/clock_S32K1xx.o
 .text.SCG_ClearSoscControl
                0x1fffe118       0x1c ./SDK/platform/drivers/src/clock/S32K1xx/clock_S32K1xx.o
 .text.SCG_SetSoscConfiguration
                0x1fffe134       0x3c ./SDK/platform/drivers/src/clock/S32K1xx/clock_S32K1xx.o
 .text.SCG_SetSoscControl
                0x1fffe170       0x5c ./SDK/platform/drivers/src/clock/S32K1xx/clock_S32K1xx.o
 .text.SCG_GetSpllSystemClockMode
                0x1fffe1cc       0x34 ./SDK/platform/drivers/src/clock/S32K1xx/clock_S32K1xx.o
 .text.SCG_GetSpllStatus
                0x1fffe200       0x2c ./SDK/platform/drivers/src/clock/S32K1xx/clock_S32K1xx.o
 .text.SCG_GetSpllPredivider
                0x1fffe22c       0x20 ./SDK/platform/drivers/src/clock/S32K1xx/clock_S32K1xx.o
 .text.SCG_GetSpllMultiplier
                0x1fffe24c       0x20 ./SDK/platform/drivers/src/clock/S32K1xx/clock_S32K1xx.o
 .text.SCG_ClearSpllLock
                0x1fffe26c       0x24 ./SDK/platform/drivers/src/clock/S32K1xx/clock_S32K1xx.o
 .text.SCG_ClearSpllControl
                0x1fffe290       0x1c ./SDK/platform/drivers/src/clock/S32K1xx/clock_S32K1xx.o
 .text.SCG_SetSpllConfiguration
                0x1fffe2ac       0x34 ./SDK/platform/drivers/src/clock/S32K1xx/clock_S32K1xx.o
 .text.SCG_SetSpllControl
                0x1fffe2e0       0x5c ./SDK/platform/drivers/src/clock/S32K1xx/clock_S32K1xx.o
 .text.PCC_SetPeripheralClockControl
                0x1fffe33c       0x60 ./SDK/platform/drivers/src/clock/S32K1xx/clock_S32K1xx.o
 .text.PCC_SetClockMode
                0x1fffe39c       0x70 ./SDK/platform/drivers/src/clock/S32K1xx/clock_S32K1xx.o
 .text.PCC_GetClockMode
                0x1fffe40c       0x44 ./SDK/platform/drivers/src/clock/S32K1xx/clock_S32K1xx.o
 .text.PCC_GetClockSourceSel
                0x1fffe450       0x34 ./SDK/platform/drivers/src/clock/S32K1xx/clock_S32K1xx.o
 .text.PCC_GetFracValueSel
                0x1fffe484       0x34 ./SDK/platform/drivers/src/clock/S32K1xx/clock_S32K1xx.o
 .text.PCC_GetDividerSel
                0x1fffe4b8       0x30 ./SDK/platform/drivers/src/clock/S32K1xx/clock_S32K1xx.o
 .text.PMC_SetLpoMode
                0x1fffe4e8       0x3c ./SDK/platform/drivers/src/clock/S32K1xx/clock_S32K1xx.o
 .text.PMC_GetLpoMode
                0x1fffe524       0x2c ./SDK/platform/drivers/src/clock/S32K1xx/clock_S32K1xx.o
 .text.PMC_SetLpoTrimValue
                0x1fffe550       0x58 ./SDK/platform/drivers/src/clock/S32K1xx/clock_S32K1xx.o
 .text.SMC_GetCurrentRunningMode
                0x1fffe5a8       0x1c ./SDK/platform/drivers/src/clock/S32K1xx/clock_S32K1xx.o
 .text.CLOCK_SYS_SetConfiguration
                0x1fffe5c4       0x70 ./SDK/platform/drivers/src/clock/S32K1xx/clock_S32K1xx.o
                0x1fffe5c4                CLOCK_SYS_SetConfiguration
 .text.CLOCK_SYS_SetScgConfiguration
                0x1fffe634       0xb4 ./SDK/platform/drivers/src/clock/S32K1xx/clock_S32K1xx.o
 .text.CLOCK_SYS_SetPccConfiguration
                0x1fffe6e8       0xb4 ./SDK/platform/drivers/src/clock/S32K1xx/clock_S32K1xx.o
 .text.CLOCK_SYS_SetSimConfiguration
                0x1fffe79c      0x114 ./SDK/platform/drivers/src/clock/S32K1xx/clock_S32K1xx.o
 .text.CLOCK_SYS_SetPmcConfiguration
                0x1fffe8b0       0x34 ./SDK/platform/drivers/src/clock/S32K1xx/clock_S32K1xx.o
 .text.CLOCK_SYS_GetDefaultConfiguration
                0x1fffe8e4      0x24c ./SDK/platform/drivers/src/clock/S32K1xx/clock_S32K1xx.o
 .text.CLOCK_SYS_GetScgClockFreq
                0x1fffeb30      0x144 ./SDK/platform/drivers/src/clock/S32K1xx/clock_S32K1xx.o
 .text.CLOCK_SYS_GetSimClockFreq
                0x1fffec74      0x20c ./SDK/platform/drivers/src/clock/S32K1xx/clock_S32K1xx.o
 .text.CLOCK_SYS_GetPccClockFreq
                0x1fffee80      0x140 ./SDK/platform/drivers/src/clock/S32K1xx/clock_S32K1xx.o
 .text.CLOCK_SYS_GetFreq
                0x1fffefc0       0x5c ./SDK/platform/drivers/src/clock/S32K1xx/clock_S32K1xx.o
                0x1fffefc0                CLOCK_SYS_GetFreq
 .text.CLOCK_SYS_GetPeripheralClock
                0x1ffff01c       0xd8 ./SDK/platform/drivers/src/clock/S32K1xx/clock_S32K1xx.o
 .text.CLOCK_SYS_GetCurrentRunMode
                0x1ffff0f4       0x44 ./SDK/platform/drivers/src/clock/S32K1xx/clock_S32K1xx.o
 .text.CLOCK_SYS_TransitionSystemClock
                0x1ffff138       0x60 ./SDK/platform/drivers/src/clock/S32K1xx/clock_S32K1xx.o
 .text.CLOCK_SYS_GetSimClkOutFreq
                0x1ffff198       0xdc ./SDK/platform/drivers/src/clock/S32K1xx/clock_S32K1xx.o
 .text.CLOCK_SYS_GetScgClkOutFreq
                0x1ffff274       0x74 ./SDK/platform/drivers/src/clock/S32K1xx/clock_S32K1xx.o
 .text.CLOCK_SYS_GetSimRtcClkFreq
                0x1ffff2e8       0x78 ./SDK/platform/drivers/src/clock/S32K1xx/clock_S32K1xx.o
 .text.CLOCK_SYS_ConfigureSIRC
                0x1ffff360       0xcc ./SDK/platform/drivers/src/clock/S32K1xx/clock_S32K1xx.o
 .text.CLOCK_SYS_ConfigureFIRC
                0x1ffff42c       0xd0 ./SDK/platform/drivers/src/clock/S32K1xx/clock_S32K1xx.o
 .text.CLOCK_SYS_ConfigureSOSC
                0x1ffff4fc      0x128 ./SDK/platform/drivers/src/clock/S32K1xx/clock_S32K1xx.o
 .text.CLOCK_SYS_ConfigureSPLL
                0x1ffff624      0x120 ./SDK/platform/drivers/src/clock/S32K1xx/clock_S32K1xx.o
 .text.CLOCK_SYS_ConfigureTemporarySystemClock
                0x1ffff744       0x5c ./SDK/platform/drivers/src/clock/S32K1xx/clock_S32K1xx.o
 .text.CLOCK_SYS_ConfigureModulesFromScg
                0x1ffff7a0      0x1ac ./SDK/platform/drivers/src/clock/S32K1xx/clock_S32K1xx.o
 .text.CLOCK_SYS_GetSystemClockFreq
                0x1ffff94c       0xc0 ./SDK/platform/drivers/src/clock/S32K1xx/clock_S32K1xx.o
 .text.CLOCK_SYS_SetSystemClockConfig
                0x1ffffa0c      0x1a0 ./SDK/platform/drivers/src/clock/S32K1xx/clock_S32K1xx.o
 .text.CLOCK_SYS_GetSysAsyncFreq
                0x1ffffbac      0x11c ./SDK/platform/drivers/src/clock/S32K1xx/clock_S32K1xx.o
 .text.CLOCK_SYS_GetSysOscFreq
                0x1ffffcc8       0x30 ./SDK/platform/drivers/src/clock/S32K1xx/clock_S32K1xx.o
 .text.CLOCK_SYS_GetSircFreq
                0x1ffffcf8       0x44 ./SDK/platform/drivers/src/clock/S32K1xx/clock_S32K1xx.o
 .text.CLOCK_SYS_GetFircFreq
                0x1ffffd3c       0x3c ./SDK/platform/drivers/src/clock/S32K1xx/clock_S32K1xx.o
 .text.CLOCK_SYS_GetSysPllFreq
                0x1ffffd78       0x64 ./SDK/platform/drivers/src/clock/S32K1xx/clock_S32K1xx.o
 .text.CLOCK_SYS_GetLpoFreq
                0x1ffffddc       0x7c ./SDK/platform/drivers/src/clock/S32K1xx/clock_S32K1xx.o
 .text.CLOCK_DRV_Init
                0x1ffffe58       0x18 ./SDK/platform/drivers/src/clock/S32K1xx/clock_S32K1xx.o
                0x1ffffe58                CLOCK_DRV_Init
 .text.init_data_bss
                0x1ffffe70      0x110 ./SDK/platform/devices/startup.o
                0x1ffffe70                init_data_bss
 .text.SystemInit
                0x1fffff80       0x30 ./SDK/platform/devices/S32K144/startup/system_S32K144.o
                0x1fffff80                SystemInit
 .text.printf   0x1fffffb0       0x3c C:/NXP/S32DS_ARM_v2018.R1/S32DS/arm_ewl2/lib/armv7e-m\libc99.a(printf.o)
                0x1fffffb0                printf
 .text.memset   0x1fffffec        0xc C:/NXP/S32DS_ARM_v2018.R1/S32DS/arm_ewl2/lib/armv7e-m\libc99.a(memset.o)
                0x1fffffec                memset
 .text.fwide    0x1ffffff8       0x34 C:/NXP/S32DS_ARM_v2018.R1/S32DS/arm_ewl2/lib/armv7e-m\libc99.a(fwide.o)
                0x1ffffff8                fwide
 .text.long2str.isra.0
                0x2000002c      0x19e C:/NXP/S32DS_ARM_v2018.R1/S32DS/arm_ewl2/lib/armv7e-m\libc99.a(__printformat.o)
 .text.longlong2str.isra.1
                0x200001ca      0x20e C:/NXP/S32DS_ARM_v2018.R1/S32DS/arm_ewl2/lib/armv7e-m\libc99.a(__printformat.o)
 .text.double2hex.isra.2
                0x200003d8      0x234 C:/NXP/S32DS_ARM_v2018.R1/S32DS/arm_ewl2/lib/armv7e-m\libc99.a(__printformat.o)
 .text.__pformatter
                0x2000060c      0x9b8 C:/NXP/S32DS_ARM_v2018.R1/S32DS/arm_ewl2/lib/armv7e-m\libc99.a(__printformat.o)
                0x2000060c                __pformatter
 .text.isupper  0x20000fc4       0x1c C:/NXP/S32DS_ARM_v2018.R1/S32DS/arm_ewl2/lib/armv7e-m\libc99.a(ctype_aeabi.o)
                0x20000fc4                isupper
 .text.__ewl_runtime_constraint_violation_s
                0x20000fe0       0x10 C:/NXP/S32DS_ARM_v2018.R1/S32DS/arm_ewl2/lib/armv7e-m\libc99.a(secure_error.o)
                0x20000fe0                __ewl_runtime_constraint_violation_s
 .text.__prep_buffer
                0x20000ff0       0x16 C:/NXP/S32DS_ARM_v2018.R1/S32DS/arm_ewl2/lib/armv7e-m\libc99.a(__buffer_io.o)
                0x20000ff0                __prep_buffer
 .text.__flush_buffer
                0x20001006       0x34 C:/NXP/S32DS_ARM_v2018.R1/S32DS/arm_ewl2/lib/armv7e-m\libc99.a(__buffer_io.o)
                0x20001006                __flush_buffer
 .text.__fwrite
                0x2000103a      0x16c C:/NXP/S32DS_ARM_v2018.R1/S32DS/arm_ewl2/lib/armv7e-m\libc99.a(fwrite.o)
                0x2000103a                __fwrite
 .text.__FileWrite
                0x200011a6       0x1a C:/NXP/S32DS_ARM_v2018.R1/S32DS/arm_ewl2/lib/armv7e-m\libc99.a(fwrite.o)
                0x200011a6                __FileWrite
 .text.wcstombs
                0x200011c0       0x42 C:/NXP/S32DS_ARM_v2018.R1/S32DS/arm_ewl2/lib/armv7e-m\libc99.a(mbstowcs_s.o)
                0x200011c0                wcstombs
 .text.__wctomb_noconv
                0x20001202       0x12 C:/NXP/S32DS_ARM_v2018.R1/S32DS/arm_ewl2/lib/armv7e-m\libc99.a(wctomb.o)
                0x20001202                __wctomb_noconv
 .text.wctomb   0x20001214        0x4 C:/NXP/S32DS_ARM_v2018.R1/S32DS/arm_ewl2/lib/armv7e-m\libc99.a(wctomb.o)
                0x20001214                wctomb
 .text.__fill_mem
                0x20001218       0x7a C:/NXP/S32DS_ARM_v2018.R1/S32DS/arm_ewl2/lib/armv7e-m\libc99.a(__filll_mem.o)
                0x20001218                __fill_mem
 .text.memchr   0x20001292       0x1c C:/NXP/S32DS_ARM_v2018.R1/S32DS/arm_ewl2/lib/armv7e-m\libc99.a(memchr.o)
                0x20001292                memchr
 .text.memcpy   0x200012ae       0x16 C:/NXP/S32DS_ARM_v2018.R1/S32DS/arm_ewl2/lib/armv7e-m\libc99.a(memcpy.o)
                0x200012ae                memcpy
 .text.__memrchr
                0x200012c4       0x1c C:/NXP/S32DS_ARM_v2018.R1/S32DS/arm_ewl2/lib/armv7e-m\libc99.a(__memrchr.o)
                0x200012c4                __memrchr
 .text.strchr   0x200012e0       0x1a C:/NXP/S32DS_ARM_v2018.R1/S32DS/arm_ewl2/lib/armv7e-m\libc99.a(strchr.o)
                0x200012e0                strchr
 .text.strcpy   0x200012fa       0x12 C:/NXP/S32DS_ARM_v2018.R1/S32DS/arm_ewl2/lib/armv7e-m\libc99.a(strcpy.o)
                0x200012fa                strcpy
 .text.strlen   0x2000130c        0xe C:/NXP/S32DS_ARM_v2018.R1/S32DS/arm_ewl2/lib/armv7e-m\libc99.a(strlen.o)
                0x2000130c                strlen
 .text.strncpy  0x2000131a       0x26 C:/NXP/S32DS_ARM_v2018.R1/S32DS/arm_ewl2/lib/armv7e-m\libc99.a(strncpy.o)
                0x2000131a                strncpy
 .text.__num2dec
                0x20001340      0x200 C:/NXP/S32DS_ARM_v2018.R1/S32DS/arm_ewl2/lib/armv7e-m\libm.a(ansi_fp.o)
                0x20001340                __num2dec
 .text.__round_decimal
                0x20001540       0x98 C:/NXP/S32DS_ARM_v2018.R1/S32DS/arm_ewl2/lib/armv7e-m\libm.a(ansi_fp.o)
                0x20001540                __round_decimal
 .text.__signbitd
                0x200015d8        0x4 C:/NXP/S32DS_ARM_v2018.R1/S32DS/arm_ewl2/lib/armv7e-m\libm.a(math_api.o)
                0x200015d8                __signbitd
 .text.__fpclassifyd
                0x200015dc       0x3c C:/NXP/S32DS_ARM_v2018.R1/S32DS/arm_ewl2/lib/armv7e-m\libm.a(math_api.o)
                0x200015dc                __fpclassifyd
 .text.frexp    0x20001618       0x6c C:/NXP/S32DS_ARM_v2018.R1/S32DS/arm_ewl2/lib/armv7e-m\libm.a(s_frexp.o)
                0x20001618                frexp
 .text.sys_writec
                0x20001684        0xe C:/NXP/S32DS_ARM_v2018.R1/S32DS/arm_ewl2/lib/armv7e-m\libhosted.a(semihosted_console_io.o)
                0x20001684                sys_writec
 .text.sys_readc
                0x20001692       0x10 C:/NXP/S32DS_ARM_v2018.R1/S32DS/arm_ewl2/lib/armv7e-m\libhosted.a(semihosted_console_io.o)
                0x20001692                sys_readc
 .text.__read_console
                0x200016a2       0x1a C:/NXP/S32DS_ARM_v2018.R1/S32DS/arm_ewl2/lib/armv7e-m\libhosted.a(semihosted_console_io.o)
                0x200016a2                __read_console
 .text.__write_console
                0x200016bc       0x18 C:/NXP/S32DS_ARM_v2018.R1/S32DS/arm_ewl2/lib/armv7e-m\libhosted.a(semihosted_console_io.o)
                0x200016bc                __write_console
 .text.__close_console
                0x200016d4        0x4 C:/NXP/S32DS_ARM_v2018.R1/S32DS/arm_ewl2/lib/armv7e-m\libhosted.a(semihosted_console_io.o)
                0x200016d4                __close_console
 .text.sys_write
                0x200016d8        0xe C:/NXP/S32DS_ARM_v2018.R1/S32DS/arm_ewl2/lib/armv7e-m\libhosted.a(semihosted_file_io.o)
                0x200016d8                sys_write
 .text.__write_file
                0x200016e6       0x1e C:/NXP/S32DS_ARM_v2018.R1/S32DS/arm_ewl2/lib/armv7e-m\libhosted.a(semihosted_file_io.o)
                0x200016e6                __write_file
 .text.sys_read
                0x20001704        0xe C:/NXP/S32DS_ARM_v2018.R1/S32DS/arm_ewl2/lib/armv7e-m\libhosted.a(semihosted_file_io.o)
                0x20001704                sys_read
 .text.__read_file
                0x20001712       0x34 C:/NXP/S32DS_ARM_v2018.R1/S32DS/arm_ewl2/lib/armv7e-m\libhosted.a(semihosted_file_io.o)
                0x20001712                __read_file
 *(.rodata)
 *fill*         0x20001746        0x2 
 .rodata        0x20001748       0x39 ./Sources/pc_communication.o
 *(.rodata*)
 *fill*         0x20001781        0x3 
 .rodata.s_lpuartBase
                0x20001784        0xc ./SDK/platform/drivers/src/lpuart/lpuart_driver.o
 .rodata.s_lpuartRxTxIrqId
                0x20001790        0x3 ./SDK/platform/drivers/src/lpuart/lpuart_driver.o
 *fill*         0x20001793        0x1 
 .rodata.s_lpuartClkNames
                0x20001794        0x3 ./SDK/platform/drivers/src/lpuart/lpuart_driver.o
 *fill*         0x20001797        0x1 
 .rodata.clockNameMappings
                0x20001798       0x9e ./SDK/platform/drivers/src/clock/S32K1xx/clock_S32K1xx.o
                0x20001798                clockNameMappings
 *fill*         0x20001836        0x2 
 .rodata.peripheralFeaturesList
                0x20001838       0x4f ./SDK/platform/drivers/src/clock/S32K1xx/clock_S32K1xx.o
                0x20001838                peripheralFeaturesList
 *fill*         0x20001887        0x1 
 .rodata.maxClocksFreq.6397
                0x20001888       0x24 ./SDK/platform/drivers/src/clock/S32K1xx/clock_S32K1xx.o
 .rodata.fircFreq.6452
                0x200018ac       0x10 ./SDK/platform/drivers/src/clock/S32K1xx/clock_S32K1xx.o
 .rodata.lpuart0_InitConfig0
                0x200018bc        0xc ./Generated_Code/lpuart0.o
                0x200018bc                lpuart0_InitConfig0
 .rodata.Flash_InitConfig0
                0x200018c8       0x14 ./Generated_Code/Flash.o
                0x200018c8                Flash_InitConfig0
 .rodata.str1.1
                0x200018dc       0x14 C:/NXP/S32DS_ARM_v2018.R1/S32DS/arm_ewl2/lib/armv7e-m\libc99.a(__printformat.o)
                                 0x25 (size before relaxing)
 .rodata.str4.4
                0x200018f0        0x4 C:/NXP/S32DS_ARM_v2018.R1/S32DS/arm_ewl2/lib/armv7e-m\libc99.a(__printformat.o)
 .rodata.__aeabi_ctype_table_C
                0x200018f4      0x101 C:/NXP/S32DS_ARM_v2018.R1/S32DS/arm_ewl2/lib/armv7e-m\libc99.a(ctype_aeabi.o)
                0x200018f4                __aeabi_ctype_table_C
 *fill*         0x200019f5        0x3 
 .rodata.digit_values
                0x200019f8       0x40 C:/NXP/S32DS_ARM_v2018.R1/S32DS/arm_ewl2/lib/armv7e-m\libm.a(ansi_fp.o)
 .rodata.bit_values
                0x20001a38       0x48 C:/NXP/S32DS_ARM_v2018.R1/S32DS/arm_ewl2/lib/armv7e-m\libm.a(ansi_fp.o)
 *(.glue_7)
 .glue_7        0x00000000        0x0 linker stubs
 *(.glue_7t)
 .glue_7t       0x00000000        0x0 linker stubs
 *(.eh_frame)
 *(.init)
 *(.fini)
                0x20001a80                . = ALIGN (0x4)

.vfp11_veneer   0x20001a80        0x0
 .vfp11_veneer  0x00000000        0x0 linker stubs

.v4_bx          0x20001a80        0x0
 .v4_bx         0x00000000        0x0 linker stubs

.iplt           0x20001a80        0x0
 .iplt          0x00000000        0x0 C:/NXP/S32DS_ARM_v2018.R1/S32DS/arm_ewl2/lib/armv7e-m/__arm_start-hosted.o

.code_ram       0x20001a80       0x5c
                0x20001a80                . = ALIGN (0x4)
                0x20001a80                __CODE_RAM = .
 *(.code_ram)
 .code_ram      0x20001a80       0x5c ./SDK/platform/drivers/src/flash/flash_driver.o
                0x20001adc                __CODE_ROM = .
                0x20001adc                __CODE_END = .
                0x20001adc                . = ALIGN (0x4)

.ARM.extab
 *(.ARM.extab* .gnu.linkonce.armextab.*)

.ARM            0x20001adc        0x8
                0x20001adc                __exidx_start = .
 *(.ARM.exidx*)
 .ARM.exidx     0x20001adc        0x8 c:/nxp/s32ds_arm_v2018.r1/cross_tools/gcc-arm-none-eabi-4_9/bin/../lib/gcc/arm-none-eabi/4.9.3/armv7e-m\libgcc.a(_divdi3.o)
 .ARM.exidx     0x20001ae4        0x0 c:/nxp/s32ds_arm_v2018.r1/cross_tools/gcc-arm-none-eabi-4_9/bin/../lib/gcc/arm-none-eabi/4.9.3/armv7e-m\libgcc.a(_udivdi3.o)
                                  0x8 (size before relaxing)
                0x20001ae4                __exidx_end = .

.rel.dyn        0x20001ae4        0x0
 .rel.iplt      0x00000000        0x0 C:/NXP/S32DS_ARM_v2018.R1/S32DS/arm_ewl2/lib/armv7e-m/__arm_start-hosted.o

.ctors          0x20001ae4        0x0
                0x20001ae4                __CTOR_LIST__ = .
 *crtbegin.o(.ctors)
 *crtbegin?.o(.ctors)
 *(EXCLUDE_FILE(*crtend.o *crtend?.o) .ctors)
 *(SORT(.ctors.*))
 *(.ctors)
                0x20001ae4                __CTOR_END__ = .

.dtors          0x20001ae4        0x0
                0x20001ae4                __DTOR_LIST__ = .
 *crtbegin.o(.dtors)
 *crtbegin?.o(.dtors)
 *(EXCLUDE_FILE(*crtend.o *crtend?.o) .dtors)
 *(SORT(.dtors.*))
 *(.dtors)
                0x20001ae4                __DTOR_END__ = .

.preinit_array  0x20001ae4        0x0
                0x20001ae4                PROVIDE (__preinit_array_start, .)
 *(.preinit_array*)
                0x20001ae4                PROVIDE (__preinit_array_end, .)

.init_array     0x20001ae4        0x0
                0x20001ae4                PROVIDE (__init_array_start, .)
 *(SORT(.init_array.*))
 *(.init_array*)
                0x20001ae4                PROVIDE (__init_array_end, .)

.fini_array     0x20001ae4        0x0
                0x20001ae4                PROVIDE (__fini_array_start, .)
 *(SORT(.fini_array.*))
 *(.fini_array*)
                0x20001ae4                PROVIDE (__fini_array_end, .)
                0x20001ae4                __etext = .
                0x20001ae4                __DATA_ROM = .
                0x20001ae4                __DATA_END = __DATA_ROM

.customSectionBlock
 *(.customSection)

.data           0x20004400      0x7d8
                0x20004400                . = ALIGN (0x4)
                0x20004400                __DATA_RAM = .
                0x20004400                __data_start__ = .
 *(.data)
 *(.data*)
 .data.uart_rx_ring_buffer
                0x20004400        0xc ./Sources/pc_communication.o
                0x20004400                uart_rx_ring_buffer
 .data.g_lpuartIsr
                0x2000440c        0xc ./SDK/platform/drivers/src/lpuart/lpuart_irq.o
                0x2000440c                g_lpuartIsr
 .data.g_lpspiBase
                0x20004418        0xc ./SDK/platform/drivers/src/lpspi/lpspi_shared_function.o
                0x20004418                g_lpspiBase
 .data.peripheralClockConfig.6177
                0x20004424       0xa0 ./SDK/platform/drivers/src/clock/S32K1xx/clock_S32K1xx.o
 .data.g_pin_mux_InitConfigArr
                0x200044c4      0x570 ./Generated_Code/pin_mux.o
                0x200044c4                g_pin_mux_InitConfigArr
 .data.peripheralClockConfig0
                0x20004a34       0x46 ./Generated_Code/clockManager1.o
                0x20004a34                peripheralClockConfig0
 *fill*         0x20004a7a        0x2 
 .data.clockManager1_InitConfig0
                0x20004a7c       0x78 ./Generated_Code/clockManager1.o
                0x20004a7c                clockManager1_InitConfig0
 .data.__files  0x20004af4       0xe4 C:/NXP/S32DS_ARM_v2018.R1/S32DS/arm_ewl2/lib/armv7e-m\libc99.a(ansi_files.o)
                0x20004af4                __files
 *(.jcr*)
                0x20004bd8                . = ALIGN (0x4)
                0x20004bd8                __data_end__ = .

.igot.plt       0x20004bd8        0x0
 .igot.plt      0x00000000        0x0 C:/NXP/S32DS_ARM_v2018.R1/S32DS/arm_ewl2/lib/armv7e-m/__arm_start-hosted.o

.bss            0x20004bd8      0x3b8
                0x20004bd8                . = ALIGN (0x4)
                0x20004bd8                __BSS_START = .
                0x20004bd8                __bss_start__ = .
 *(.bss)
 *(.bss*)
 .bss.uart_rx_buffer
                0x20004bd8      0x100 ./Sources/pc_communication.o
                0x20004bd8                uart_rx_buffer
 .bss.PC2UART_ReceiverStatus
                0x20004cd8        0x1 ./Sources/pc_communication.o
                0x20004cd8                PC2UART_ReceiverStatus
 .bss.isFirmwareDownloading
                0x20004cd9        0x1 ./Sources/pc_communication.o
                0x20004cd9                isFirmwareDownloading
 *fill*         0x20004cda        0x2 
 .bss.byteCount.7420
                0x20004cdc        0x4 ./Sources/pc_communication.o
 .bss.isDataPacketCorrect.7422
                0x20004ce0        0x1 ./Sources/pc_communication.o
 .bss.isWriteSuccessful.7421
                0x20004ce1        0x1 ./Sources/pc_communication.o
 *fill*         0x20004ce2        0x2 
 .bss.exit_code
                0x20004ce4        0x4 ./Sources/main.o
                0x20004ce4                exit_code
 .bss.new_firmware_status
                0x20004ce8        0xc ./Sources/bootloader.o
                0x20004ce8                new_firmware_status
 .bss.flash_WriteBuffer
                0x20004cf4       0x40 ./Sources/bootloader.o
 .bss.flash_LastWrite64BytesStartAddress
                0x20004d34        0x4 ./Sources/bootloader.o
 .bss.flash_CurrentWrite64BytesStartAddress
                0x20004d38        0x4 ./Sources/bootloader.o
 .bss.flash_CurrentSectorIndex
                0x20004d3c        0x4 ./Sources/bootloader.o
 .bss.flash_Write64BytesCount
                0x20004d40        0x4 ./Sources/bootloader.o
 .bss.s_osif_tick_cnt
                0x20004d44        0x4 ./SDK/rtos/osif/osif_baremetal.o
 .bss.s_lpuartStatePtr
                0x20004d48        0xc ./SDK/platform/drivers/src/lpuart/lpuart_driver.o
 .bss.g_lpspiStatePtr
                0x20004d54        0xc ./SDK/platform/drivers/src/lpspi/lpspi_shared_function.o
                0x20004d54                g_lpspiStatePtr
 .bss.g_interruptDisableCount
                0x20004d60        0x4 ./SDK/platform/drivers/src/interrupt/interrupt_manager.o
 .bss.s_virtEdmaState
                0x20004d64        0x4 ./SDK/platform/drivers/src/edma/edma_driver.o
 .bss.__ewl_constraint_handler
                0x20004d68        0x4 C:/NXP/S32DS_ARM_v2018.R1/S32DS/arm_ewl2/lib/armv7e-m\libc99.a(secure_error.o)
 *(COMMON)
 COMMON         0x20004d6c       0xff ./Sources/pc_communication.o
                0x20004d6c                rx_data_packet
 *fill*         0x20004e6b        0x1 
 COMMON         0x20004e6c       0x1c ./Sources/bootloader.o
                0x20004e6c                flashSSDConfig
 COMMON         0x20004e88       0x14 ./SDK/platform/drivers/src/clock/S32K1xx/clock_S32K1xx.o
                0x20004e88                g_xtal0ClkFreq
                0x20004e8c                g_RtcClkInFreq
                0x20004e90                g_TClkFreq
 COMMON         0x20004e9c       0x34 ./Generated_Code/lpuart0.o
                0x20004e9c                lpuart0_State
 COMMON         0x20004ed0       0xc0 C:/NXP/S32DS_ARM_v2018.R1/S32DS/arm_ewl2/lib/armv7e-m\libc99.a(ansi_files.o)
                0x20004ed0                stdout_buff
                0x20004f10                stdin_buff
                0x20004f50                stderr_buff
                0x20004f90                . = ALIGN (0x4)
                0x20004f90                __bss_end__ = .
                0x20004f90                __BSS_END = .

.heap           0x20004f90      0x400
                0x20004f90                . = ALIGN (0x8)
                0x20004f90                __end__ = .
                0x20004f90                PROVIDE (end, .)
                0x20004f90                PROVIDE (_end, .)
                0x20004f90                PROVIDE (__end, .)
                0x20004f90                __HeapBase = .
                0x20005390                . = (. + HEAP_SIZE)
 *fill*         0x20004f90      0x400 
                0x20005390                __HeapLimit = .
                0x20005390                __heap_limit = .

.stack          0x20005390      0x400
                0x20005390                . = ALIGN (0x8)
                0x20005790                . = (. + STACK_SIZE)
 *fill*         0x20005390      0x400 
                0x20007000                __StackTop = (ORIGIN (m_data) + 0x2c00)
                0x20006c00                __StackLimit = (__StackTop - STACK_SIZE)
                0x20007000                PROVIDE (__stack, __StackTop)

.ARM.attributes
                0x00000000       0x31
 *(.ARM.attributes)
 .ARM.attributes
                0x00000000       0x33 ./Sources/pc_communication.o
 .ARM.attributes
                0x00000033       0x33 ./Sources/main.o
 .ARM.attributes
                0x00000066       0x33 ./Sources/bootloader.o
 .ARM.attributes
                0x00000099       0x33 ./SDK/rtos/osif/osif_baremetal.o
 .ARM.attributes
                0x000000cc       0x33 ./SDK/platform/drivers/src/pins/pins_port_hw_access.o
 .ARM.attributes
                0x000000ff       0x33 ./SDK/platform/drivers/src/pins/pins_driver.o
 .ARM.attributes
                0x00000132       0x33 ./SDK/platform/drivers/src/lpuart/lpuart_irq.o
 .ARM.attributes
                0x00000165       0x33 ./SDK/platform/drivers/src/lpuart/lpuart_hw_access.o
 .ARM.attributes
                0x00000198       0x33 ./SDK/platform/drivers/src/lpuart/lpuart_driver.o
 .ARM.attributes
                0x000001cb       0x33 ./SDK/platform/drivers/src/lpspi/lpspi_slave_driver.o
 .ARM.attributes
                0x000001fe       0x33 ./SDK/platform/drivers/src/lpspi/lpspi_shared_function.o
 .ARM.attributes
                0x00000231       0x33 ./SDK/platform/drivers/src/lpspi/lpspi_master_driver.o
 .ARM.attributes
                0x00000264       0x33 ./SDK/platform/drivers/src/lpspi/lpspi_irq.o
 .ARM.attributes
                0x00000297       0x33 ./SDK/platform/drivers/src/lpspi/lpspi_hw_access.o
 .ARM.attributes
                0x000002ca       0x33 ./SDK/platform/drivers/src/interrupt/interrupt_manager.o
 .ARM.attributes
                0x000002fd       0x33 ./SDK/platform/drivers/src/flash/flash_driver.o
 .ARM.attributes
                0x00000330       0x33 ./SDK/platform/drivers/src/edma/edma_irq.o
 .ARM.attributes
                0x00000363       0x33 ./SDK/platform/drivers/src/edma/edma_hw_access.o
 .ARM.attributes
                0x00000396       0x33 ./SDK/platform/drivers/src/edma/edma_driver.o
 .ARM.attributes
                0x000003c9       0x33 ./SDK/platform/drivers/src/clock/S32K1xx/clock_S32K1xx.o
 .ARM.attributes
                0x000003fc       0x33 ./SDK/platform/devices/startup.o
 .ARM.attributes
                0x0000042f       0x33 ./SDK/platform/devices/S32K144/startup/system_S32K144.o
 .ARM.attributes
                0x00000462       0x1b ./Project_Settings/Startup_Code/startup_S32K144.o
 .ARM.attributes
                0x0000047d       0x33 ./Generated_Code/pin_mux.o
 .ARM.attributes
                0x000004b0       0x33 ./Generated_Code/lpuart0.o
 .ARM.attributes
                0x000004e3       0x33 ./Generated_Code/clockManager1.o
 .ARM.attributes
                0x00000516       0x33 ./Generated_Code/Flash.o
 .ARM.attributes
                0x00000549       0x33 C:/NXP/S32DS_ARM_v2018.R1/S32DS/arm_ewl2/lib/armv7e-m\libc99.a(ansi_files.o)
 .ARM.attributes
                0x0000057c       0x33 C:/NXP/S32DS_ARM_v2018.R1/S32DS/arm_ewl2/lib/armv7e-m\libc99.a(printf.o)
 .ARM.attributes
                0x000005af       0x33 C:/NXP/S32DS_ARM_v2018.R1/S32DS/arm_ewl2/lib/armv7e-m\libc99.a(memset.o)
 .ARM.attributes
                0x000005e2       0x33 C:/NXP/S32DS_ARM_v2018.R1/S32DS/arm_ewl2/lib/armv7e-m\libc99.a(fwide.o)
 .ARM.attributes
                0x00000615       0x33 C:/NXP/S32DS_ARM_v2018.R1/S32DS/arm_ewl2/lib/armv7e-m\libc99.a(__printformat.o)
 .ARM.attributes
                0x00000648       0x33 C:/NXP/S32DS_ARM_v2018.R1/S32DS/arm_ewl2/lib/armv7e-m\libc99.a(ctype_aeabi.o)
 .ARM.attributes
                0x0000067b       0x33 C:/NXP/S32DS_ARM_v2018.R1/S32DS/arm_ewl2/lib/armv7e-m\libc99.a(secure_error.o)
 .ARM.attributes
                0x000006ae       0x33 C:/NXP/S32DS_ARM_v2018.R1/S32DS/arm_ewl2/lib/armv7e-m\libc99.a(__buffer_io.o)
 .ARM.attributes
                0x000006e1       0x33 C:/NXP/S32DS_ARM_v2018.R1/S32DS/arm_ewl2/lib/armv7e-m\libc99.a(fwrite.o)
 .ARM.attributes
                0x00000714       0x33 C:/NXP/S32DS_ARM_v2018.R1/S32DS/arm_ewl2/lib/armv7e-m\libc99.a(mbstowcs_s.o)
 .ARM.attributes
                0x00000747       0x33 C:/NXP/S32DS_ARM_v2018.R1/S32DS/arm_ewl2/lib/armv7e-m\libc99.a(wctomb.o)
 .ARM.attributes
                0x0000077a       0x33 C:/NXP/S32DS_ARM_v2018.R1/S32DS/arm_ewl2/lib/armv7e-m\libc99.a(__filll_mem.o)
 .ARM.attributes
                0x000007ad       0x33 C:/NXP/S32DS_ARM_v2018.R1/S32DS/arm_ewl2/lib/armv7e-m\libc99.a(memchr.o)
 .ARM.attributes
                0x000007e0       0x33 C:/NXP/S32DS_ARM_v2018.R1/S32DS/arm_ewl2/lib/armv7e-m\libc99.a(memcpy.o)
 .ARM.attributes
                0x00000813       0x33 C:/NXP/S32DS_ARM_v2018.R1/S32DS/arm_ewl2/lib/armv7e-m\libc99.a(__memrchr.o)
 .ARM.attributes
                0x00000846       0x33 C:/NXP/S32DS_ARM_v2018.R1/S32DS/arm_ewl2/lib/armv7e-m\libc99.a(strchr.o)
 .ARM.attributes
                0x00000879       0x33 C:/NXP/S32DS_ARM_v2018.R1/S32DS/arm_ewl2/lib/armv7e-m\libc99.a(strcpy.o)
 .ARM.attributes
                0x000008ac       0x33 C:/NXP/S32DS_ARM_v2018.R1/S32DS/arm_ewl2/lib/armv7e-m\libc99.a(strlen.o)
 .ARM.attributes
                0x000008df       0x33 C:/NXP/S32DS_ARM_v2018.R1/S32DS/arm_ewl2/lib/armv7e-m\libc99.a(strncpy.o)
 .ARM.attributes
                0x00000912       0x33 C:/NXP/S32DS_ARM_v2018.R1/S32DS/arm_ewl2/lib/armv7e-m\libm.a(ansi_fp.o)
 .ARM.attributes
                0x00000945       0x33 C:/NXP/S32DS_ARM_v2018.R1/S32DS/arm_ewl2/lib/armv7e-m\libm.a(math_api.o)
 .ARM.attributes
                0x00000978       0x33 C:/NXP/S32DS_ARM_v2018.R1/S32DS/arm_ewl2/lib/armv7e-m\libm.a(s_frexp.o)
 .ARM.attributes
                0x000009ab       0x1e c:/nxp/s32ds_arm_v2018.r1/cross_tools/gcc-arm-none-eabi-4_9/bin/../lib/gcc/arm-none-eabi/4.9.3/armv7e-m\libgcc.a(_arm_addsubdf3.o)
 .ARM.attributes
                0x000009c9       0x1e c:/nxp/s32ds_arm_v2018.r1/cross_tools/gcc-arm-none-eabi-4_9/bin/../lib/gcc/arm-none-eabi/4.9.3/armv7e-m\libgcc.a(_arm_muldivdf3.o)
 .ARM.attributes
                0x000009e7       0x1e c:/nxp/s32ds_arm_v2018.r1/cross_tools/gcc-arm-none-eabi-4_9/bin/../lib/gcc/arm-none-eabi/4.9.3/armv7e-m\libgcc.a(_arm_cmpdf2.o)
 .ARM.attributes
                0x00000a05       0x1e c:/nxp/s32ds_arm_v2018.r1/cross_tools/gcc-arm-none-eabi-4_9/bin/../lib/gcc/arm-none-eabi/4.9.3/armv7e-m\libgcc.a(_arm_fixdfsi.o)
 .ARM.attributes
                0x00000a23       0x1e c:/nxp/s32ds_arm_v2018.r1/cross_tools/gcc-arm-none-eabi-4_9/bin/../lib/gcc/arm-none-eabi/4.9.3/armv7e-m\libgcc.a(_aeabi_uldivmod.o)
 .ARM.attributes
                0x00000a41       0x2e c:/nxp/s32ds_arm_v2018.r1/cross_tools/gcc-arm-none-eabi-4_9/bin/../lib/gcc/arm-none-eabi/4.9.3/armv7e-m\libgcc.a(bpabi.o)
 .ARM.attributes
                0x00000a6f       0x1e c:/nxp/s32ds_arm_v2018.r1/cross_tools/gcc-arm-none-eabi-4_9/bin/../lib/gcc/arm-none-eabi/4.9.3/armv7e-m\libgcc.a(_dvmd_tls.o)
 .ARM.attributes
                0x00000a8d       0x2e c:/nxp/s32ds_arm_v2018.r1/cross_tools/gcc-arm-none-eabi-4_9/bin/../lib/gcc/arm-none-eabi/4.9.3/armv7e-m\libgcc.a(_divdi3.o)
 .ARM.attributes
                0x00000abb       0x2e c:/nxp/s32ds_arm_v2018.r1/cross_tools/gcc-arm-none-eabi-4_9/bin/../lib/gcc/arm-none-eabi/4.9.3/armv7e-m\libgcc.a(_udivdi3.o)
 .ARM.attributes
                0x00000ae9       0x33 C:/NXP/S32DS_ARM_v2018.R1/S32DS/arm_ewl2/lib/armv7e-m\libhosted.a(semihosted_console_io.o)
 .ARM.attributes
                0x00000b1c       0x33 C:/NXP/S32DS_ARM_v2018.R1/S32DS/arm_ewl2/lib/armv7e-m\libhosted.a(semihosted_file_io.o)
                0x00000001                ASSERT ((__StackLimit >= __HeapLimit), region m_data overflowed with stack and heap)

/DISCARD/
 *(.FlashConfig)
OUTPUT(AutoLivBootloader.elf elf32-littlearm)

.debug_info     0x00000000    0x1d076
 .debug_info    0x00000000     0x1157 ./Sources/pc_communication.o
 .debug_info    0x00001157     0x1338 ./Sources/main.o
 .debug_info    0x0000248f     0x11d9 ./Sources/bootloader.o
 .debug_info    0x00003668      0x889 ./SDK/rtos/osif/osif_baremetal.o
 .debug_info    0x00003ef1      0x7a5 ./SDK/platform/drivers/src/pins/pins_port_hw_access.o
 .debug_info    0x00004696     0x115b ./SDK/platform/drivers/src/pins/pins_driver.o
 .debug_info    0x000057f1       0xdd ./SDK/platform/drivers/src/lpuart/lpuart_irq.o
 .debug_info    0x000058ce      0x823 ./SDK/platform/drivers/src/lpuart/lpuart_hw_access.o
 .debug_info    0x000060f1     0x1a60 ./SDK/platform/drivers/src/lpuart/lpuart_driver.o
 .debug_info    0x00007b51     0x12b9 ./SDK/platform/drivers/src/lpspi/lpspi_slave_driver.o
 .debug_info    0x00008e0a      0xbc9 ./SDK/platform/drivers/src/lpspi/lpspi_shared_function.o
 .debug_info    0x000099d3     0x1694 ./SDK/platform/drivers/src/lpspi/lpspi_master_driver.o
 .debug_info    0x0000b067       0xb1 ./SDK/platform/drivers/src/lpspi/lpspi_irq.o
 .debug_info    0x0000b118     0x108e ./SDK/platform/drivers/src/lpspi/lpspi_hw_access.o
 .debug_info    0x0000c1a6      0x8c1 ./SDK/platform/drivers/src/interrupt/interrupt_manager.o
 .debug_info    0x0000ca67     0x158a ./SDK/platform/drivers/src/flash/flash_driver.o
 .debug_info    0x0000dff1      0x51b ./SDK/platform/drivers/src/edma/edma_irq.o
 .debug_info    0x0000e50c      0x912 ./SDK/platform/drivers/src/edma/edma_hw_access.o
 .debug_info    0x0000ee1e     0x2a0e ./SDK/platform/drivers/src/edma/edma_driver.o
 .debug_info    0x0001182c     0x37af ./SDK/platform/drivers/src/clock/S32K1xx/clock_S32K1xx.o
 .debug_info    0x00014fdb      0x41d ./SDK/platform/devices/startup.o
 .debug_info    0x000153f8      0x500 ./SDK/platform/devices/S32K144/startup/system_S32K144.o
 .debug_info    0x000158f8       0x8b ./Project_Settings/Startup_Code/startup_S32K144.o
 .debug_info    0x00015983      0x3d2 ./Generated_Code/pin_mux.o
 .debug_info    0x00015d55      0x752 ./Generated_Code/lpuart0.o
 .debug_info    0x000164a7     0x11c8 ./Generated_Code/clockManager1.o
 .debug_info    0x0001766f      0x2d7 ./Generated_Code/Flash.o
 .debug_info    0x00017946      0x514 C:/NXP/S32DS_ARM_v2018.R1/S32DS/arm_ewl2/lib/armv7e-m\libc99.a(ansi_files.o)
 .debug_info    0x00017e5a      0x3e7 C:/NXP/S32DS_ARM_v2018.R1/S32DS/arm_ewl2/lib/armv7e-m\libc99.a(printf.o)
 .debug_info    0x00018241       0xec C:/NXP/S32DS_ARM_v2018.R1/S32DS/arm_ewl2/lib/armv7e-m\libc99.a(memset.o)
 .debug_info    0x0001832d      0x4cc C:/NXP/S32DS_ARM_v2018.R1/S32DS/arm_ewl2/lib/armv7e-m\libc99.a(fwide.o)
 .debug_info    0x000187f9      0xe0d C:/NXP/S32DS_ARM_v2018.R1/S32DS/arm_ewl2/lib/armv7e-m\libc99.a(__printformat.o)
 .debug_info    0x00019606      0x306 C:/NXP/S32DS_ARM_v2018.R1/S32DS/arm_ewl2/lib/armv7e-m\libc99.a(ctype_aeabi.o)
 .debug_info    0x0001990c      0x248 C:/NXP/S32DS_ARM_v2018.R1/S32DS/arm_ewl2/lib/armv7e-m\libc99.a(secure_error.o)
 .debug_info    0x00019b54      0x492 C:/NXP/S32DS_ARM_v2018.R1/S32DS/arm_ewl2/lib/armv7e-m\libc99.a(__buffer_io.o)
 .debug_info    0x00019fe6      0x659 C:/NXP/S32DS_ARM_v2018.R1/S32DS/arm_ewl2/lib/armv7e-m\libc99.a(fwrite.o)
 .debug_info    0x0001a63f      0x570 C:/NXP/S32DS_ARM_v2018.R1/S32DS/arm_ewl2/lib/armv7e-m\libc99.a(mbstowcs_s.o)
 .debug_info    0x0001abaf      0x3e5 C:/NXP/S32DS_ARM_v2018.R1/S32DS/arm_ewl2/lib/armv7e-m\libc99.a(wctomb.o)
 .debug_info    0x0001af94      0x137 C:/NXP/S32DS_ARM_v2018.R1/S32DS/arm_ewl2/lib/armv7e-m\libc99.a(__filll_mem.o)
 .debug_info    0x0001b0cb      0x121 C:/NXP/S32DS_ARM_v2018.R1/S32DS/arm_ewl2/lib/armv7e-m\libc99.a(memchr.o)
 .debug_info    0x0001b1ec      0x111 C:/NXP/S32DS_ARM_v2018.R1/S32DS/arm_ewl2/lib/armv7e-m\libc99.a(memcpy.o)
 .debug_info    0x0001b2fd      0x116 C:/NXP/S32DS_ARM_v2018.R1/S32DS/arm_ewl2/lib/armv7e-m\libc99.a(__memrchr.o)
 .debug_info    0x0001b413      0x106 C:/NXP/S32DS_ARM_v2018.R1/S32DS/arm_ewl2/lib/armv7e-m\libc99.a(strchr.o)
 .debug_info    0x0001b519      0x10e C:/NXP/S32DS_ARM_v2018.R1/S32DS/arm_ewl2/lib/armv7e-m\libc99.a(strcpy.o)
 .debug_info    0x0001b627       0xeb C:/NXP/S32DS_ARM_v2018.R1/S32DS/arm_ewl2/lib/armv7e-m\libc99.a(strlen.o)
 .debug_info    0x0001b712      0x108 C:/NXP/S32DS_ARM_v2018.R1/S32DS/arm_ewl2/lib/armv7e-m\libc99.a(strncpy.o)
 .debug_info    0x0001b81a      0x51d C:/NXP/S32DS_ARM_v2018.R1/S32DS/arm_ewl2/lib/armv7e-m\libm.a(ansi_fp.o)
 .debug_info    0x0001bd37      0x303 C:/NXP/S32DS_ARM_v2018.R1/S32DS/arm_ewl2/lib/armv7e-m\libm.a(math_api.o)
 .debug_info    0x0001c03a      0x1a1 C:/NXP/S32DS_ARM_v2018.R1/S32DS/arm_ewl2/lib/armv7e-m\libm.a(s_frexp.o)
 .debug_info    0x0001c1db      0x232 C:/NXP/S32DS_ARM_v2018.R1/S32DS/arm_ewl2/lib/armv7e-m\libhosted.a(semihosted_console_io.o)
 .debug_info    0x0001c40d      0xc69 C:/NXP/S32DS_ARM_v2018.R1/S32DS/arm_ewl2/lib/armv7e-m\libhosted.a(semihosted_file_io.o)

.debug_abbrev   0x00000000     0x4178
 .debug_abbrev  0x00000000      0x201 ./Sources/pc_communication.o
 .debug_abbrev  0x00000201      0x150 ./Sources/main.o
 .debug_abbrev  0x00000351      0x2ae ./Sources/bootloader.o
 .debug_abbrev  0x000005ff      0x1fc ./SDK/rtos/osif/osif_baremetal.o
 .debug_abbrev  0x000007fb      0x144 ./SDK/platform/drivers/src/pins/pins_port_hw_access.o
 .debug_abbrev  0x0000093f      0x234 ./SDK/platform/drivers/src/pins/pins_driver.o
 .debug_abbrev  0x00000b73       0x85 ./SDK/platform/drivers/src/lpuart/lpuart_irq.o
 .debug_abbrev  0x00000bf8      0x156 ./SDK/platform/drivers/src/lpuart/lpuart_hw_access.o
 .debug_abbrev  0x00000d4e      0x23e ./SDK/platform/drivers/src/lpuart/lpuart_driver.o
 .debug_abbrev  0x00000f8c      0x205 ./SDK/platform/drivers/src/lpspi/lpspi_slave_driver.o
 .debug_abbrev  0x00001191      0x1cb ./SDK/platform/drivers/src/lpspi/lpspi_shared_function.o
 .debug_abbrev  0x0000135c      0x21f ./SDK/platform/drivers/src/lpspi/lpspi_master_driver.o
 .debug_abbrev  0x0000157b       0x45 ./SDK/platform/drivers/src/lpspi/lpspi_irq.o
 .debug_abbrev  0x000015c0      0x215 ./SDK/platform/drivers/src/lpspi/lpspi_hw_access.o
 .debug_abbrev  0x000017d5      0x18e ./SDK/platform/drivers/src/interrupt/interrupt_manager.o
 .debug_abbrev  0x00001963      0x230 ./SDK/platform/drivers/src/flash/flash_driver.o
 .debug_abbrev  0x00001b93      0x169 ./SDK/platform/drivers/src/edma/edma_irq.o
 .debug_abbrev  0x00001cfc      0x1cc ./SDK/platform/drivers/src/edma/edma_hw_access.o
 .debug_abbrev  0x00001ec8      0x28c ./SDK/platform/drivers/src/edma/edma_driver.o
 .debug_abbrev  0x00002154      0x238 ./SDK/platform/drivers/src/clock/S32K1xx/clock_S32K1xx.o
 .debug_abbrev  0x0000238c      0x101 ./SDK/platform/devices/startup.o
 .debug_abbrev  0x0000248d      0x118 ./SDK/platform/devices/S32K144/startup/system_S32K144.o
 .debug_abbrev  0x000025a5       0x14 ./Project_Settings/Startup_Code/startup_S32K144.o
 .debug_abbrev  0x000025b9       0xbe ./Generated_Code/pin_mux.o
 .debug_abbrev  0x00002677       0xb4 ./Generated_Code/lpuart0.o
 .debug_abbrev  0x0000272b      0x10a ./Generated_Code/clockManager1.o
 .debug_abbrev  0x00002835       0x9d ./Generated_Code/Flash.o
 .debug_abbrev  0x000028d2      0x107 C:/NXP/S32DS_ARM_v2018.R1/S32DS/arm_ewl2/lib/armv7e-m\libc99.a(ansi_files.o)
 .debug_abbrev  0x000029d9      0x12b C:/NXP/S32DS_ARM_v2018.R1/S32DS/arm_ewl2/lib/armv7e-m\libc99.a(printf.o)
 .debug_abbrev  0x00002b04       0x62 C:/NXP/S32DS_ARM_v2018.R1/S32DS/arm_ewl2/lib/armv7e-m\libc99.a(memset.o)
 .debug_abbrev  0x00002b66      0x179 C:/NXP/S32DS_ARM_v2018.R1/S32DS/arm_ewl2/lib/armv7e-m\libc99.a(fwide.o)
 .debug_abbrev  0x00002cdf      0x29d C:/NXP/S32DS_ARM_v2018.R1/S32DS/arm_ewl2/lib/armv7e-m\libc99.a(__printformat.o)
 .debug_abbrev  0x00002f7c       0x85 C:/NXP/S32DS_ARM_v2018.R1/S32DS/arm_ewl2/lib/armv7e-m\libc99.a(ctype_aeabi.o)
 .debug_abbrev  0x00003001      0x140 C:/NXP/S32DS_ARM_v2018.R1/S32DS/arm_ewl2/lib/armv7e-m\libc99.a(secure_error.o)
 .debug_abbrev  0x00003141      0x142 C:/NXP/S32DS_ARM_v2018.R1/S32DS/arm_ewl2/lib/armv7e-m\libc99.a(__buffer_io.o)
 .debug_abbrev  0x00003283      0x181 C:/NXP/S32DS_ARM_v2018.R1/S32DS/arm_ewl2/lib/armv7e-m\libc99.a(fwrite.o)
 .debug_abbrev  0x00003404      0x132 C:/NXP/S32DS_ARM_v2018.R1/S32DS/arm_ewl2/lib/armv7e-m\libc99.a(mbstowcs_s.o)
 .debug_abbrev  0x00003536      0x126 C:/NXP/S32DS_ARM_v2018.R1/S32DS/arm_ewl2/lib/armv7e-m\libc99.a(wctomb.o)
 .debug_abbrev  0x0000365c       0x78 C:/NXP/S32DS_ARM_v2018.R1/S32DS/arm_ewl2/lib/armv7e-m\libc99.a(__filll_mem.o)
 .debug_abbrev  0x000036d4       0x95 C:/NXP/S32DS_ARM_v2018.R1/S32DS/arm_ewl2/lib/armv7e-m\libc99.a(memchr.o)
 .debug_abbrev  0x00003769       0x95 C:/NXP/S32DS_ARM_v2018.R1/S32DS/arm_ewl2/lib/armv7e-m\libc99.a(memcpy.o)
 .debug_abbrev  0x000037fe       0x95 C:/NXP/S32DS_ARM_v2018.R1/S32DS/arm_ewl2/lib/armv7e-m\libc99.a(__memrchr.o)
 .debug_abbrev  0x00003893       0x89 C:/NXP/S32DS_ARM_v2018.R1/S32DS/arm_ewl2/lib/armv7e-m\libc99.a(strchr.o)
 .debug_abbrev  0x0000391c       0x96 C:/NXP/S32DS_ARM_v2018.R1/S32DS/arm_ewl2/lib/armv7e-m\libc99.a(strcpy.o)
 .debug_abbrev  0x000039b2       0x7a C:/NXP/S32DS_ARM_v2018.R1/S32DS/arm_ewl2/lib/armv7e-m\libc99.a(strlen.o)
 .debug_abbrev  0x00003a2c       0x89 C:/NXP/S32DS_ARM_v2018.R1/S32DS/arm_ewl2/lib/armv7e-m\libc99.a(strncpy.o)
 .debug_abbrev  0x00003ab5      0x15d C:/NXP/S32DS_ARM_v2018.R1/S32DS/arm_ewl2/lib/armv7e-m\libm.a(ansi_fp.o)
 .debug_abbrev  0x00003c12       0xe8 C:/NXP/S32DS_ARM_v2018.R1/S32DS/arm_ewl2/lib/armv7e-m\libm.a(math_api.o)
 .debug_abbrev  0x00003cfa       0xce C:/NXP/S32DS_ARM_v2018.R1/S32DS/arm_ewl2/lib/armv7e-m\libm.a(s_frexp.o)
 .debug_abbrev  0x00003dc8      0x137 C:/NXP/S32DS_ARM_v2018.R1/S32DS/arm_ewl2/lib/armv7e-m\libhosted.a(semihosted_console_io.o)
 .debug_abbrev  0x00003eff      0x279 C:/NXP/S32DS_ARM_v2018.R1/S32DS/arm_ewl2/lib/armv7e-m\libhosted.a(semihosted_file_io.o)

.debug_aranges  0x00000000     0x17d8
 .debug_aranges
                0x00000000       0x80 ./Sources/pc_communication.o
 .debug_aranges
                0x00000080       0x28 ./Sources/main.o
 .debug_aranges
                0x000000a8       0xe8 ./Sources/bootloader.o
 .debug_aranges
                0x00000190       0x98 ./SDK/rtos/osif/osif_baremetal.o
 .debug_aranges
                0x00000228       0x38 ./SDK/platform/drivers/src/pins/pins_port_hw_access.o
 .debug_aranges
                0x00000260      0x190 ./SDK/platform/drivers/src/pins/pins_driver.o
 .debug_aranges
                0x000003f0       0x30 ./SDK/platform/drivers/src/lpuart/lpuart_irq.o
 .debug_aranges
                0x00000420       0x70 ./SDK/platform/drivers/src/lpuart/lpuart_hw_access.o
 .debug_aranges
                0x00000490      0x150 ./SDK/platform/drivers/src/lpuart/lpuart_driver.o
 .debug_aranges
                0x000005e0       0x90 ./SDK/platform/drivers/src/lpspi/lpspi_slave_driver.o
 .debug_aranges
                0x00000670       0x70 ./SDK/platform/drivers/src/lpspi/lpspi_shared_function.o
 .debug_aranges
                0x000006e0       0xe0 ./SDK/platform/drivers/src/lpspi/lpspi_master_driver.o
 .debug_aranges
                0x000007c0       0x30 ./SDK/platform/drivers/src/lpspi/lpspi_irq.o
 .debug_aranges
                0x000007f0       0xd8 ./SDK/platform/drivers/src/lpspi/lpspi_hw_access.o
 .debug_aranges
                0x000008c8       0x70 ./SDK/platform/drivers/src/interrupt/interrupt_manager.o
 .debug_aranges
                0x00000938      0x138 ./SDK/platform/drivers/src/flash/flash_driver.o
 .debug_aranges
                0x00000a70       0xa8 ./SDK/platform/drivers/src/edma/edma_irq.o
 .debug_aranges
                0x00000b18       0x88 ./SDK/platform/drivers/src/edma/edma_hw_access.o
 .debug_aranges
                0x00000ba0      0x218 ./SDK/platform/drivers/src/edma/edma_driver.o
 .debug_aranges
                0x00000db8      0x3f0 ./SDK/platform/drivers/src/clock/S32K1xx/clock_S32K1xx.o
 .debug_aranges
                0x000011a8       0x20 ./SDK/platform/devices/startup.o
 .debug_aranges
                0x000011c8       0x30 ./SDK/platform/devices/S32K144/startup/system_S32K144.o
 .debug_aranges
                0x000011f8       0x20 ./Project_Settings/Startup_Code/startup_S32K144.o
 .debug_aranges
                0x00001218       0x18 ./Generated_Code/pin_mux.o
 .debug_aranges