Archive member included because of file (symbol)

C:/NXP/S32DS_ARM_v2018.R1/S32DS/arm_ewl2/lib/armv7e-m\libc99.a(ansi_files.o)
                              ./Sources/bootloader.o (__files)
C:/NXP/S32DS_ARM_v2018.R1/S32DS/arm_ewl2/lib/armv7e-m\libc99.a(fflush.o)
                              ./Sources/bootloader.o (fflush)
C:/NXP/S32DS_ARM_v2018.R1/S32DS/arm_ewl2/lib/armv7e-m\libc99.a(getc.o)
                              ./Sources/bootloader.o (getc)
C:/NXP/S32DS_ARM_v2018.R1/S32DS/arm_ewl2/lib/armv7e-m\libc99.a(__getchar.o)
                              C:/NXP/S32DS_ARM_v2018.R1/S32DS/arm_ewl2/lib/armv7e-m\libc99.a(getc.o) (__get_char)
C:/NXP/S32DS_ARM_v2018.R1/S32DS/arm_ewl2/lib/armv7e-m\libc99.a(printf.o)
                              ./Sources/pc_communication.o (printf)
C:/NXP/S32DS_ARM_v2018.R1/S32DS/arm_ewl2/lib/armv7e-m\libc99.a(puts.o)
                              ./Sources/bootloader.o (puts)
C:/NXP/S32DS_ARM_v2018.R1/S32DS/arm_ewl2/lib/armv7e-m\libc99.a(exit.o)
                              C:/NXP/S32DS_ARM_v2018.R1/S32DS/arm_ewl2/lib/armv7e-m/__arm_start-hosted.o (exit)
C:/NXP/S32DS_ARM_v2018.R1/S32DS/arm_ewl2/lib/armv7e-m\libc99.a(memcmp.o)
                              ./Sources/bootloader.o (memcmp)
C:/NXP/S32DS_ARM_v2018.R1/S32DS/arm_ewl2/lib/armv7e-m\libc99.a(memcpy.o)
                              ./SDK/platform/devices/startup.o (memcpy)
C:/NXP/S32DS_ARM_v2018.R1/S32DS/arm_ewl2/lib/armv7e-m\libc99.a(memset.o)
                              C:/NXP/S32DS_ARM_v2018.R1/S32DS/arm_ewl2/lib/armv7e-m/__arm_start-hosted.o (memset)
C:/NXP/S32DS_ARM_v2018.R1/S32DS/arm_ewl2/lib/armv7e-m\libc99.a(fgetwc.o)
                              C:/NXP/S32DS_ARM_v2018.R1/S32DS/arm_ewl2/lib/armv7e-m\libc99.a(printf.o) (getwc)
C:/NXP/S32DS_ARM_v2018.R1/S32DS/arm_ewl2/lib/armv7e-m\libc99.a(fwide.o)
                              C:/NXP/S32DS_ARM_v2018.R1/S32DS/arm_ewl2/lib/armv7e-m\libc99.a(printf.o) (fwide)
C:/NXP/S32DS_ARM_v2018.R1/S32DS/arm_ewl2/lib/armv7e-m\libc99.a(__wgetchar.o)
                              C:/NXP/S32DS_ARM_v2018.R1/S32DS/arm_ewl2/lib/armv7e-m\libc99.a(fgetwc.o) (__fgetwc)
C:/NXP/S32DS_ARM_v2018.R1/S32DS/arm_ewl2/lib/armv7e-m\libc99.a(__printformat.o)
                              C:/NXP/S32DS_ARM_v2018.R1/S32DS/arm_ewl2/lib/armv7e-m\libc99.a(printf.o) (__pformatter)
C:/NXP/S32DS_ARM_v2018.R1/S32DS/arm_ewl2/lib/armv7e-m\libc99.a(ctype_aeabi.o)
                              C:/NXP/S32DS_ARM_v2018.R1/S32DS/arm_ewl2/lib/armv7e-m\libc99.a(__printformat.o) (isupper)
C:/NXP/S32DS_ARM_v2018.R1/S32DS/arm_ewl2/lib/armv7e-m\libc99.a(secure_error.o)
                              C:/NXP/S32DS_ARM_v2018.R1/S32DS/arm_ewl2/lib/armv7e-m\libc99.a(__printformat.o) (__ewl_runtime_constraint_violation_s)
C:/NXP/S32DS_ARM_v2018.R1/S32DS/arm_ewl2/lib/armv7e-m\libc99.a(__buffer_io.o)
                              C:/NXP/S32DS_ARM_v2018.R1/S32DS/arm_ewl2/lib/armv7e-m\libc99.a(__getchar.o) (__load_buffer)
C:/NXP/S32DS_ARM_v2018.R1/S32DS/arm_ewl2/lib/armv7e-m\libc99.a(fread.o)
                              C:/NXP/S32DS_ARM_v2018.R1/S32DS/arm_ewl2/lib/armv7e-m\libc99.a(__wgetchar.o) (__fread)
C:/NXP/S32DS_ARM_v2018.R1/S32DS/arm_ewl2/lib/armv7e-m\libc99.a(fwrite.o)
                              C:/NXP/S32DS_ARM_v2018.R1/S32DS/arm_ewl2/lib/armv7e-m\libc99.a(printf.o) (__FileWrite)
C:/NXP/S32DS_ARM_v2018.R1/S32DS/arm_ewl2/lib/armv7e-m\libc99.a(__putchar.o)
                              C:/NXP/S32DS_ARM_v2018.R1/S32DS/arm_ewl2/lib/armv7e-m\libc99.a(puts.o) (__put_char)
C:/NXP/S32DS_ARM_v2018.R1/S32DS/arm_ewl2/lib/armv7e-m\libc99.a(abort.o)
                              C:/NXP/S32DS_ARM_v2018.R1/S32DS/arm_ewl2/lib/armv7e-m\libc99.a(secure_error.o) (abort)
C:/NXP/S32DS_ARM_v2018.R1/S32DS/arm_ewl2/lib/armv7e-m\libc99.a(mbstowcs_s.o)
                              C:/NXP/S32DS_ARM_v2018.R1/S32DS/arm_ewl2/lib/armv7e-m\libc99.a(__printformat.o) (wcstombs)
C:/NXP/S32DS_ARM_v2018.R1/S32DS/arm_ewl2/lib/armv7e-m\libc99.a(mbtowc.o)
                              C:/NXP/S32DS_ARM_v2018.R1/S32DS/arm_ewl2/lib/armv7e-m\libc99.a(__wgetchar.o) (mbtowc)
C:/NXP/S32DS_ARM_v2018.R1/S32DS/arm_ewl2/lib/armv7e-m\libc99.a(wctomb.o)
                              C:/NXP/S32DS_ARM_v2018.R1/S32DS/arm_ewl2/lib/armv7e-m\libc99.a(mbstowcs_s.o) (wctomb)
C:/NXP/S32DS_ARM_v2018.R1/S32DS/arm_ewl2/lib/armv7e-m\libc99.a(__filll_mem.o)
                              C:/NXP/S32DS_ARM_v2018.R1/S32DS/arm_ewl2/lib/armv7e-m\libc99.a(memset.o) (__fill_mem)
C:/NXP/S32DS_ARM_v2018.R1/S32DS/arm_ewl2/lib/armv7e-m\libc99.a(memchr.o)
                              C:/NXP/S32DS_ARM_v2018.R1/S32DS/arm_ewl2/lib/armv7e-m\libc99.a(__printformat.o) (memchr)
C:/NXP/S32DS_ARM_v2018.R1/S32DS/arm_ewl2/lib/armv7e-m\libc99.a(__memrchr.o)
                              C:/NXP/S32DS_ARM_v2018.R1/S32DS/arm_ewl2/lib/armv7e-m\libc99.a(fwrite.o) (__memrchr)
C:/NXP/S32DS_ARM_v2018.R1/S32DS/arm_ewl2/lib/armv7e-m\libc99.a(strchr.o)
[...]
Memory Configuration

Name             Origin             Length             Attributes
m_interrupts     0x00000000         0x00000400         xr
m_flash_config   0x00000400         0x00000010         xr
m_text           0x00000410         0x0000bbf0         xr
m_data           0x1fff8000         0x00008000         rw
m_data_2         0x20000000         0x00007000         rw
*default*        0x00000000         0xffffffff

Linker script and memory map

LOAD C:/NXP/S32DS_ARM_v2018.R1/S32DS/arm_ewl2/lib/armv7e-m/__arm_start-hosted.o
LOAD ./Sources/pc_communication.o
LOAD ./Sources/main.o
LOAD ./Sources/bootloader.o
LOAD ./SDK/rtos/osif/osif_baremetal.o
LOAD ./SDK/platform/drivers/src/pins/pins_port_hw_access.o
LOAD ./SDK/platform/drivers/src/pins/pins_driver.o
LOAD ./SDK/platform/drivers/src/lpuart/lpuart_irq.o
LOAD ./SDK/platform/drivers/src/lpuart/lpuart_hw_access.o
LOAD ./SDK/platform/drivers/src/lpuart/lpuart_driver.o
LOAD ./SDK/platform/drivers/src/lptmr/lptmr_hw_access.o
LOAD ./SDK/platform/drivers/src/lptmr/lptmr_driver.o
LOAD ./SDK/platform/drivers/src/lpspi/lpspi_slave_driver.o
LOAD ./SDK/platform/drivers/src/lpspi/lpspi_shared_function.o
LOAD ./SDK/platform/drivers/src/lpspi/lpspi_master_driver.o
LOAD ./SDK/platform/drivers/src/lpspi/lpspi_irq.o
LOAD ./SDK/platform/drivers/src/lpspi/lpspi_hw_access.o
LOAD ./SDK/platform/drivers/src/lpit/lpit_driver.o
LOAD ./SDK/platform/drivers/src/interrupt/interrupt_manager.o
LOAD ./SDK/platform/drivers/src/flash/flash_driver.o
LOAD ./SDK/platform/drivers/src/edma/edma_irq.o
LOAD ./SDK/platform/drivers/src/edma/edma_hw_access.o
LOAD ./SDK/platform/drivers/src/edma/edma_driver.o
LOAD ./SDK/platform/drivers/src/clock/clock_manager.o
LOAD ./SDK/platform/drivers/src/clock/S32K1xx/clock_S32K1xx.o
LOAD ./SDK/platform/devices/startup.o
LOAD ./SDK/platform/devices/S32K144/startup/system_S32K144.o
LOAD ./Project_Settings/Startup_Code/startup_S32K144.o
LOAD ./Generated_Code/pin_mux.o
LOAD ./Generated_Code/lpuart0.o
LOAD ./Generated_Code/lpspi2_dac.o
LOAD ./Generated_Code/lpspi0_adc.o
LOAD ./Generated_Code/lpit1.o
LOAD ./Generated_Code/lpTmr1.o
LOAD ./Generated_Code/dmaController1.o
LOAD ./Generated_Code/clockManager1.o
LOAD ./Generated_Code/Flash.o
LOAD ./Generated_Code/Cpu.o
START GROUP
LOAD C:/NXP/S32DS_ARM_v2018.R1/S32DS/arm_ewl2/lib/armv7e-m\libc99.a
LOAD C:/NXP/S32DS_ARM_v2018.R1/S32DS/arm_ewl2/lib/armv7e-m\libm.a
LOAD c:/nxp/s32ds_arm_v2018.r1/cross_tools/gcc-arm-none-eabi-4_9/bin/../lib/gcc/arm-none-eabi/4.9.3/armv7e-m\libgcc.a
LOAD C:/NXP/S32DS_ARM_v2018.R1/S32DS/arm_ewl2/lib/armv7e-m\librt.a
LOAD C:/NXP/S32DS_ARM_v2018.R1/S32DS/arm_ewl2/lib/armv7e-m\libhosted.a
END GROUP
LOAD C:/NXP/S32DS_ARM_v2018.R1/S32DS/arm_ewl2/lib/armv7e-m/__arm_end-hosted.o
                0x00000400                HEAP_SIZE = DEFINED (__heap_size__)?__heap_size__:0x400
                0x00000400                STACK_SIZE = DEFINED (__stack_size__)?__stack_size__:0x400
                0x00000400                M_VECTOR_RAM_SIZE = DEFINED (__flash_vector_table__)?0x0:0x400

.interrupts     0x00000000      0x400
                0x00000000                __VECTOR_TABLE = .
                0x00000000                . = ALIGN (0x4)
 *(.isr_vector)
 .isr_vector    0x00000000      0x400 ./Project_Settings/Startup_Code/startup_S32K144.o
                0x00000000                __isr_vector
                0x00000400                . = ALIGN (0x4)

.flash_config   0x00000400       0x10
                0x00000400                . = ALIGN (0x4)
 *(.FlashConfig)
 .FlashConfig   0x00000400       0x10 ./Project_Settings/Startup_Code/startup_S32K144.o
                0x00000410                . = ALIGN (0x4)

.text           0x00000410     0x40cc
                0x00000410                . = ALIGN (0x4)
 *(.text)
 .text          0x00000410       0x44 ./Project_Settings/Startup_Code/startup_S32K144.o
                0x00000410                Reset_Handler
                0x00000450                DebugMon_Handler
                0x00000450                Reserved88_IRQHandler
                0x00000450                CAN0_ORed_IRQHandler
                0x00000450                HardFault_Handler
                0x00000450                Reserved86_IRQHandler
                0x00000450                Reserved103_IRQHandler
                0x00000450                FTM2_Ovf_Reload_IRQHandler
                0x00000450                Reserved50_IRQHandler
                0x00000450                FTFC_Fault_IRQHandler
                0x00000450                FTM0_Ch6_Ch7_IRQHandler
                0x00000450                Reserved114_IRQHandler
                0x00000450                PendSV_Handler
                0x00000450                NMI_Handler
                0x00000450                Reserved89_IRQHandler
                0x00000450                ERM_double_fault_IRQHandler
                0x00000450                Reserved59_IRQHandler
                0x00000450                LPIT0_Ch0_IRQHandler
                0x00000450                Reserved99_IRQHandler
                0x00000450                FTM3_Ch6_Ch7_IRQHandler
                0x00000450                CAN2_ORed_0_15_MB_IRQHandler
                0x00000450                LPIT0_Ch3_IRQHandler
                0x00000450                Reserved92_IRQHandler
                0x00000450                FTM0_Ch4_Ch5_IRQHandler
                0x00000450                CAN1_Error_IRQHandler
                0x00000450                FTM3_Ch0_Ch1_IRQHandler
                0x00000450                SWI_IRQHandler
                0x00000450                ADC0_IRQHandler
                0x00000450                FTM2_Ch4_Ch5_IRQHandler
                0x00000450                UsageFault_Handler
                0x00000450                FTM0_Ovf_Reload_IRQHandler
                0x00000450                DefaultISR
                0x00000450                Reserved58_IRQHandler
                0x00000450                CAN1_ORed_0_15_MB_IRQHandler
                0x00000450                FTM1_Ch2_Ch3_IRQHandler
                0x00000450                Reserved82_IRQHandler
                0x00000450                CAN0_ORed_16_31_MB_IRQHandler
                0x00000450                LPI2C0_Slave_IRQHandler
                0x00000450                Reserved71_IRQHandler
                0x00000450                PORTD_IRQHandler
                0x00000450                Reserved69_IRQHandler
                0x00000450                PORTB_IRQHandler
                0x00000450                Reserved70_IRQHandler
                0x00000450                ADC1_IRQHandler
                0x00000450                FTM2_Ch2_Ch3_IRQHandler
                0x00000450                Reserved53_IRQHandler
                0x00000450                RTC_IRQHandler
                0x00000450                PDB0_IRQHandler
                0x00000450                Reserved54_IRQHandler
                0x00000450                FTM2_Ch6_Ch7_IRQHandler
                0x00000450                FTM3_Ch2_Ch3_IRQHandler
                0x00000450                FTM2_Ch0_Ch1_IRQHandler
                0x00000450                LPUART1_RxTx_IRQHandler
                0x00000450                RTC_Seconds_IRQHandler
                0x00000450                CAN2_ORed_IRQHandler
                0x00000450                Reserved72_IRQHandler
                0x00000450                Reserved110_IRQHandler
                0x00000450                Reserved107_IRQHandler
                0x00000450                Read_Collision_IRQHandler
                0x00000450                CAN2_Error_IRQHandler
                0x00000450                FTFC_IRQHandler
                0x00000450                FTM1_Ch6_Ch7_IRQHandler
                0x00000450                Reserved105_IRQHandler
                0x00000450                LPIT0_Ch1_IRQHandler
                0x00000450                FTM1_Ch4_Ch5_IRQHandler
                0x00000450                FTM3_Ovf_Reload_IRQHandler
                0x00000450                LPUART2_RxTx_IRQHandler
                0x00000450                WDOG_EWM_IRQHandler
                0x00000450                MemManage_Handler
                0x00000450                Reserved90_IRQHandler
                0x00000450                Reserved83_IRQHandler
                0x00000450                FTM0_Fault_IRQHandler
                0x00000450                Reserved48_IRQHandler
                0x00000450                SVC_Handler
                0x00000450                ERM_single_fault_IRQHandler
                0x00000450                FTM2_Fault_IRQHandler
                0x00000450                FTM0_Ch2_Ch3_IRQHandler
                0x00000450                FTM0_Ch0_Ch1_IRQHandler
                0x00000450                FTM3_Fault_IRQHandler
                0x00000450                RCM_IRQHandler
                0x00000450                Reserved100_IRQHandler
                0x00000450                Reserved91_IRQHandler
                0x00000450                CAN1_ORed_IRQHandler
                0x00000450                SCG_IRQHandler
                0x00000450                PDB1_IRQHandler
                0x00000450                Reserved81_IRQHandler
                0x00000450                Reserved46_IRQHandler
                0x00000450                Reserved45_IRQHandler
                0x00000450                CAN0_Error_IRQHandler
                0x00000450                Reserved112_IRQHandler
                0x00000450                LPI2C0_Master_IRQHandler
                0x00000450                FTM1_Fault_IRQHandler
                0x00000450                Reserved106_IRQHandler
                0x00000450                LVD_LVW_IRQHandler
                0x00000450                LPIT0_Ch2_IRQHandler
                0x00000450                PORTA_IRQHandler
                0x00000450                MCM_IRQHandler
                0x00000450                FTM3_Ch4_Ch5_IRQHandler
                0x00000450                CAN0_ORed_0_15_MB_IRQHandler
                0x00000450                PORTE_IRQHandler
                0x00000450                LPUART0_RxTx_IRQHandler
                0x00000450                LPTMR0_IRQHandler
                0x00000450                BusFault_Handler
                0x00000450                Reserved87_IRQHandler
                0x00000450                FTM1_Ovf_Reload_IRQHandler
                0x00000450                Reserved93_IRQHandler
                0x00000450                CAN0_Wake_Up_IRQHandler
                0x00000450                CMP0_IRQHandler
                0x00000450                Reserved52_IRQHandler
                0x00000450                PORTC_IRQHandler
                0x00000450                FTM1_Ch0_Ch1_IRQHandler
                0x00000450                FLEXIO_IRQHandler
                0x00000450                Reserved113_IRQHandler
 *(.text*)
 .text.handleRxByte
                0x00000454       0x40 ./Sources/pc_communication.o
                0x00000454                handleRxByte
 .text.PC2UART_communication_init
                0x00000494       0x34 ./Sources/pc_communication.o
                0x00000494                PC2UART_communication_init
 .text.PC2UART_receiver_run
                0x000004c8      0x3e0 ./Sources/pc_communication.o
                0x000004c8                PC2UART_receiver_run
 .text.startup.main
                0x000008a8       0x40 ./Sources/main.o
                0x000008a8                main
 .text.flash_init
                0x000008e8       0x5c ./Sources/bootloader.o
                0x000008e8                flash_init
 .text.flash_auto_write_64bytes
                0x00000944       0xec ./Sources/bootloader.o
                0x00000944                flash_auto_write_64bytes
 .text.flash_overwrite_old_firmware
                0x00000a30       0xa0 ./Sources/bootloader.o
                0x00000a30                flash_overwrite_old_firmware
 .text.calculateNewFirmwareSize
                0x00000ad0        0xc ./Sources/bootloader.o
                0x00000ad0                calculateNewFirmwareSize
 .text.calculateNewFirmwareChecksum
                0x00000adc       0x28 ./Sources/bootloader.o
                0x00000adc                calculateNewFirmwareChecksum
 .text.eeprom_write_new_firmware_status
                0x00000b04       0x70 ./Sources/bootloader.o
                0x00000b04                eeprom_write_new_firmware_status
 .text.firmware_update
                0x00000b74      0x12c ./Sources/bootloader.o
                0x00000b74                firmware_update
 .text.auto_flash_reset
                0x00000ca0       0x14 ./Sources/bootloader.o
                0x00000ca0                auto_flash_reset
 .text.SysTick_Handler
                0x00000cb4       0x10 ./SDK/rtos/osif/osif_baremetal.o
                0x00000cb4                SysTick_Handler
 .text.OSIF_SemaPost
                0x00000cc4       0x2c ./SDK/rtos/osif/osif_baremetal.o
                0x00000cc4                OSIF_SemaPost
 .text.OSIF_SemaCreate
                0x00000cf0       0x14 ./SDK/rtos/osif/osif_baremetal.o
                0x00000cf0                OSIF_SemaCreate
 .text.OSIF_SemaDestroy
                0x00000d04        0x4 ./SDK/rtos/osif/osif_baremetal.o
                0x00000d04                OSIF_SemaDestroy
 .text.PINS_Init
                0x00000d08       0xd0 ./SDK/platform/drivers/src/pins/pins_port_hw_access.o
                0x00000d08                PINS_Init
 .text.PINS_DRV_Init
                0x00000dd8       0x2c ./SDK/platform/drivers/src/pins/pins_driver.o
                0x00000dd8                PINS_DRV_Init
 .text.PINS_DRV_SetPins
                0x00000e04        0x4 ./SDK/platform/drivers/src/pins/pins_driver.o
                0x00000e04                PINS_DRV_SetPins
 .text.PINS_DRV_ClearPins
                0x00000e08        0x4 ./SDK/platform/drivers/src/pins/pins_driver.o
                0x00000e08                PINS_DRV_ClearPins
 .text.LPUART0_IrqHandler
                0x00000e0c        0x8 ./SDK/platform/drivers/src/lpuart/lpuart_irq.o
                0x00000e0c                LPUART0_IrqHandler
 .text.LPUART1_IrqHandler
                0x00000e14        0x8 ./SDK/platform/drivers/src/lpuart/lpuart_irq.o
                0x00000e14                LPUART1_IrqHandler
 .text.LPUART2_IrqHandler
                0x00000e1c        0x8 ./SDK/platform/drivers/src/lpuart/lpuart_irq.o
                0x00000e1c                LPUART2_IrqHandler
 .text.LPUART_Init
                0x00000e24       0x24 ./SDK/platform/drivers/src/lpuart/lpuart_hw_access.o
                0x00000e24                LPUART_Init
 .text.LPUART_SetBitCountPerChar
                0x00000e48       0x24 ./SDK/platform/drivers/src/lpuart/lpuart_hw_access.o
                0x00000e48                LPUART_SetBitCountPerChar
 .text.LPUART_SetParityMode
                0x00000e6c       0x20 ./SDK/platform/drivers/src/lpuart/lpuart_hw_access.o
                0x00000e6c                LPUART_SetParityMode
 .text.LPUART_Putchar9
                0x00000e8c       0x18 ./SDK/platform/drivers/src/lpuart/lpuart_hw_access.o
                0x00000e8c                LPUART_Putchar9
 .text.LPUART_Putchar10
                0x00000ea4       0x24 ./SDK/platform/drivers/src/lpuart/lpuart_hw_access.o
                0x00000ea4                LPUART_Putchar10
 .text.LPUART_Getchar9
                0x00000ec8       0x10 ./SDK/platform/drivers/src/lpuart/lpuart_hw_access.o
                0x00000ec8                LPUART_Getchar9
 .text.LPUART_Getchar10
                0x00000ed8       0x20 ./SDK/platform/drivers/src/lpuart/lpuart_hw_access.o
                0x00000ed8                LPUART_Getchar10
 .text.LPUART_SetIntMode
                0x00000ef8       0xb4 ./SDK/platform/drivers/src/lpuart/lpuart_hw_access.o
                0x00000ef8                LPUART_SetIntMode
 .text.LPUART_GetIntMode
                0x00000fac       0x6c ./SDK/platform/drivers/src/lpuart/lpuart_hw_access.o
                0x00000fac                LPUART_GetIntMode
 .text.LPUART_GetStatusFlag
                0x00001018       0x6c ./SDK/platform/drivers/src/lpuart/lpuart_hw_access.o
                0x00001018                LPUART_GetStatusFlag
 .text.LPUART_ClearStatusFlag
                0x00001084      0x130 ./SDK/platform/drivers/src/lpuart/lpuart_hw_access.o
                0x00001084                LPUART_ClearStatusFlag
 .text.LPUART_DRV_CompleteReceiveDataUsingDma
                0x000011b4       0x64 ./SDK/platform/drivers/src/lpuart/lpuart_driver.o
 .text.LPUART_DRV_Deinit
                0x00001218       0x8c ./SDK/platform/drivers/src/lpuart/lpuart_driver.o
                0x00001218                LPUART_DRV_Deinit
 .text.LPUART_DRV_InstallRxCallback
                0x000012a4       0x14 ./SDK/platform/drivers/src/lpuart/lpuart_driver.o
                0x000012a4                LPUART_DRV_InstallRxCallback
 .text.LPUART_DRV_SendDataPolling
                0x000012b8       0x78 ./SDK/platform/drivers/src/lpuart/lpuart_driver.o
                0x000012b8                LPUART_DRV_SendDataPolling
 .text.LPUART_DRV_ReceiveData
                0x00001330       0xd8 ./SDK/platform/drivers/src/lpuart/lpuart_driver.o
                0x00001330                LPUART_DRV_ReceiveData
 .text.LPUART_DRV_AbortReceivingData
                0x00001408       0x8c ./SDK/platform/drivers/src/lpuart/lpuart_driver.o
                0x00001408                LPUART_DRV_AbortReceivingData
 .text.LPUART_DRV_SetBaudRate
                0x00001494       0xbc ./SDK/platform/drivers/src/lpuart/lpuart_driver.o
                0x00001494                LPUART_DRV_SetBaudRate
 .text.LPUART_DRV_Init
                0x00001550       0xdc ./SDK/platform/drivers/src/lpuart/lpuart_driver.o
                0x00001550                LPUART_DRV_Init
 .text.LPUART_DRV_IRQHandler
                0x0000162c      0x1c4 ./SDK/platform/drivers/src/lpuart/lpuart_driver.o
                0x0000162c                LPUART_DRV_IRQHandler
 .text.LPSPI_DRV_SlaveIRQHandler
                0x000017f0      0x114 ./SDK/platform/drivers/src/lpspi/lpspi_slave_driver.o
                0x000017f0                LPSPI_DRV_SlaveIRQHandler
 .text.LPSPI_DRV_IRQHandler
                0x00001904       0x20 ./SDK/platform/drivers/src/lpspi/lpspi_shared_function.o
                0x00001904                LPSPI_DRV_IRQHandler
 .text.LPSPI_DRV_FillupTxBuffer
                0x00001924       0xe0 ./SDK/platform/drivers/src/lpspi/lpspi_shared_function.o
                0x00001924                LPSPI_DRV_FillupTxBuffer
 .text.LPSPI_DRV_ReadRXBuffer
                0x00001a04      0x11c ./SDK/platform/drivers/src/lpspi/lpspi_shared_function.o
                0x00001a04                LPSPI_DRV_ReadRXBuffer
 .text.LPSPI_DRV_DisableTEIEInterrupts
                0x00001b20       0x30 ./SDK/platform/drivers/src/lpspi/lpspi_shared_function.o
                0x00001b20                LPSPI_DRV_DisableTEIEInterrupts
 .text.LPSPI_DRV_MasterIRQHandler
                0x00001b50      0x204 ./SDK/platform/drivers/src/lpspi/lpspi_master_driver.o
                0x00001b50                LPSPI_DRV_MasterIRQHandler
 .text.LPSPI0_IRQHandler
                0x00001d54        0x8 ./SDK/platform/drivers/src/lpspi/lpspi_irq.o
                0x00001d54                LPSPI0_IRQHandler
 .text.LPSPI1_IRQHandler
                0x00001d5c        0x8 ./SDK/platform/drivers/src/lpspi/lpspi_irq.o
                0x00001d5c                LPSPI1_IRQHandler
 .text.LPSPI2_IRQHandler
                0x00001d64        0x8 ./SDK/platform/drivers/src/lpspi/lpspi_irq.o
                0x00001d64                LPSPI2_IRQHandler
 .text.LPSPI_SetFlushFifoCmd
                0x00001d6c       0x10 ./SDK/platform/drivers/src/lpspi/lpspi_hw_access.o
                0x00001d6c                LPSPI_SetFlushFifoCmd
 .text.LPSPI_ClearStatusFlag
                0x00001d7c       0x2c ./SDK/platform/drivers/src/lpspi/lpspi_hw_access.o
                0x00001d7c                LPSPI_ClearStatusFlag
 .text.INT_SYS_InstallHandler
                0x00001da8       0x28 ./SDK/platform/drivers/src/interrupt/interrupt_manager.o
                0x00001da8                INT_SYS_InstallHandler
 .text.INT_SYS_EnableIRQ
                0x00001dd0       0x18 ./SDK/platform/drivers/src/interrupt/interrupt_manager.o
                0x00001dd0                INT_SYS_EnableIRQ
 .text.INT_SYS_DisableIRQ
                0x00001de8       0x18 ./SDK/platform/drivers/src/interrupt/interrupt_manager.o
                0x00001de8                INT_SYS_DisableIRQ
 .text.INT_SYS_EnableIRQGlobal
                0x00001e00       0x18 ./SDK/platform/drivers/src/interrupt/interrupt_manager.o
                0x00001e00                INT_SYS_EnableIRQGlobal
 .text.INT_SYS_DisableIRQGlobal
                0x00001e18       0x10 ./SDK/platform/drivers/src/interrupt/interrupt_manager.o
                0x00001e18                INT_SYS_DisableIRQGlobal
 .text.INT_SYS_SetPriority
                0x00001e28       0x58 ./SDK/platform/drivers/src/interrupt/interrupt_manager.o
                0x00001e28                INT_SYS_SetPriority
 .text.INT_SYS_ClearPending
                0x00001e80       0x18 ./SDK/platform/drivers/src/interrupt/interrupt_manager.o
                0x00001e80                INT_SYS_ClearPending
 .text.FLASH_DRV_Init
                0x00001e98       0x8c ./SDK/platform/drivers/src/flash/flash_driver.o
                0x00001e98                FLASH_DRV_Init
 .text.FLASH_DRV_EraseSector
                0x00001f24       0xb8 ./SDK/platform/drivers/src/flash/flash_driver.o
                0x00001f24                FLASH_DRV_EraseSector
 .text.FLASH_DRV_Program
                0x00001fdc      0x120 ./SDK/platform/drivers/src/flash/flash_driver.o
                0x00001fdc                FLASH_DRV_Program
 .text.FLASH_DRV_ProgramCheck
                0x000020fc      0x110 ./SDK/platform/drivers/src/flash/flash_driver.o
                0x000020fc                FLASH_DRV_ProgramCheck
 .text.FLASH_DRV_CheckSum
                0x0000220c       0x78 ./SDK/platform/drivers/src/flash/flash_driver.o
                0x0000220c                FLASH_DRV_CheckSum
 .text.FLASH_DRV_SetFlexRamFunction
                0x00002284       0x88 ./SDK/platform/drivers/src/flash/flash_driver.o
                0x00002284                FLASH_DRV_SetFlexRamFunction
 .text.FLASH_DRV_EEEWrite
                0x0000230c       0xcc ./SDK/platform/drivers/src/flash/flash_driver.o
                0x0000230c                FLASH_DRV_EEEWrite
 .text.FLASH_DRV_DEFlashPartition
                0x000023d8       0x68 ./SDK/platform/drivers/src/flash/flash_driver.o
                0x000023d8                FLASH_DRV_DEFlashPartition
 .text.DMA0_IRQHandler
                0x00002440        0x8 ./SDK/platform/drivers/src/edma/edma_irq.o
                0x00002440                DMA0_IRQHandler
 .text.DMA1_IRQHandler
                0x00002448        0x8 ./SDK/platform/drivers/src/edma/edma_irq.o
                0x00002448                DMA1_IRQHandler
 .text.DMA2_IRQHandler
                0x00002450        0x8 ./SDK/platform/drivers/src/edma/edma_irq.o
                0x00002450                DMA2_IRQHandler
 .text.DMA3_IRQHandler
                0x00002458        0x8 ./SDK/platform/drivers/src/edma/edma_irq.o
                0x00002458                DMA3_IRQHandler
 .text.DMA4_IRQHandler
                0x00002460        0x8 ./SDK/platform/drivers/src/edma/edma_irq.o
                0x00002460                DMA4_IRQHandler
 .text.DMA5_IRQHandler
                0x00002468        0x8 ./SDK/platform/drivers/src/edma/edma_irq.o
                0x00002468                DMA5_IRQHandler
 .text.DMA6_IRQHandler
                0x00002470        0x8 ./SDK/platform/drivers/src/edma/edma_irq.o
                0x00002470                DMA6_IRQHandler
 .text.DMA7_IRQHandler
                0x00002478        0x8 ./SDK/platform/drivers/src/edma/edma_irq.o
                0x00002478                DMA7_IRQHandler
 .text.DMA8_IRQHandler
                0x00002480        0x8 ./SDK/platform/drivers/src/edma/edma_irq.o
                0x00002480                DMA8_IRQHandler
 .text.DMA9_IRQHandler
                0x00002488        0x8 ./SDK/platform/drivers/src/edma/edma_irq.o
                0x00002488                DMA9_IRQHandler
 .text.DMA10_IRQHandler
                0x00002490        0x8 ./SDK/platform/drivers/src/edma/edma_irq.o
                0x00002490                DMA10_IRQHandler
 .text.DMA11_IRQHandler
                0x00002498        0x8 ./SDK/platform/drivers/src/edma/edma_irq.o
                0x00002498                DMA11_IRQHandler
 .text.DMA12_IRQHandler
                0x000024a0        0x8 ./SDK/platform/drivers/src/edma/edma_irq.o
                0x000024a0                DMA12_IRQHandler
 .text.DMA13_IRQHandler
                0x000024a8        0x8 ./SDK/platform/drivers/src/edma/edma_irq.o
                0x000024a8                DMA13_IRQHandler
 .text.DMA14_IRQHandler
                0x000024b0        0x8 ./SDK/platform/drivers/src/edma/edma_irq.o
                0x000024b0                DMA14_IRQHandler
 .text.DMA15_IRQHandler
                0x000024b8        0x8 ./SDK/platform/drivers/src/edma/edma_irq.o
                0x000024b8                DMA15_IRQHandler
 .text.DMA_Error_IRQHandler
                0x000024c0      0x124 ./SDK/platform/drivers/src/edma/edma_irq.o
                0x000024c0                DMA_Error_IRQHandler
 .text.EDMA_SetDmaRequestCmd
                0x000025e4        0xc ./SDK/platform/drivers/src/edma/edma_hw_access.o
                0x000025e4                EDMA_SetDmaRequestCmd
 .text.EDMA_TCDClearReg
                0x000025f0       0x4c ./SDK/platform/drivers/src/edma/edma_hw_access.o
                0x000025f0                EDMA_TCDClearReg
 .text.EDMA_TCDSetAttribute
                0x0000263c       0x30 ./SDK/platform/drivers/src/edma/edma_hw_access.o
                0x0000263c                EDMA_TCDSetAttribute
 .text.EDMA_TCDSetNbytes
                0x0000266c       0x50 ./SDK/platform/drivers/src/edma/edma_hw_access.o
                0x0000266c                EDMA_TCDSetNbytes
 .text.EDMA_TCDSetMajorCount
                0x000026bc       0x4c ./SDK/platform/drivers/src/edma/edma_hw_access.o
                0x000026bc                EDMA_TCDSetMajorCount
 .text.EDMA_DRV_InstallCallback
                0x00002708       0x20 ./SDK/platform/drivers/src/edma/edma_driver.o
                0x00002708                EDMA_DRV_InstallCallback
 .text.EDMA_DRV_IRQHandler
                0x00002728       0x28 ./SDK/platform/drivers/src/edma/edma_driver.o
                0x00002728                EDMA_DRV_IRQHandler
 .text.EDMA_DRV_ErrorIRQHandler
                0x00002750       0x48 ./SDK/platform/drivers/src/edma/edma_driver.o
                0x00002750                EDMA_DRV_ErrorIRQHandler
 .text.EDMA_DRV_ConfigMultiBlockTransfer
                0x00002798      0x128 ./SDK/platform/drivers/src/edma/edma_driver.o
                0x00002798                EDMA_DRV_ConfigMultiBlockTransfer
 .text.EDMA_DRV_StartChannel
                0x000028c0       0x18 ./SDK/platform/drivers/src/edma/edma_driver.o
                0x000028c0                EDMA_DRV_StartChannel
 .text.EDMA_DRV_StopChannel
                0x000028d8       0x18 ./SDK/platform/drivers/src/edma/edma_driver.o
                0x000028d8                EDMA_DRV_StopChannel
 .text.EDMA_DRV_GetDmaRegBaseAddr
                0x000028f0        0x8 ./SDK/platform/drivers/src/edma/edma_driver.o
                0x000028f0                EDMA_DRV_GetDmaRegBaseAddr
 .text.CLOCK_SYS_ConfigureSOSC
                0x000028f8      0x134 ./SDK/platform/drivers/src/clock/S32K1xx/clock_S32K1xx.o
 .text.CLOCK_SYS_GetSysPllFreq.part.2
                0x00002a2c       0x3c ./SDK/platform/drivers/src/clock/S32K1xx/clock_S32K1xx.o
 .text.CLOCK_SYS_ConfigureFIRC
                0x00002a68       0xe4 ./SDK/platform/drivers/src/clock/S32K1xx/clock_S32K1xx.o
 .text.CLOCK_SYS_ConfigureSIRC
                0x00002b4c       0xd4 ./SDK/platform/drivers/src/clock/S32K1xx/clock_S32K1xx.o
 .text.CLOCK_SYS_ConfigureSPLL
                0x00002c20      0x154 ./SDK/platform/drivers/src/clock/S32K1xx/clock_S32K1xx.o
 .text.CLOCK_SYS_GetSimRtcClkFreq
                0x00002d74       0x8c ./SDK/platform/drivers/src/clock/S32K1xx/clock_S32K1xx.o
 .text.CLOCK_SYS_SetSystemClockConfig
                0x00002e00      0x1a8 ./SDK/platform/drivers/src/clock/S32K1xx/clock_S32K1xx.o
 .text.CLOCK_SYS_TransitionSystemClock
                0x00002fa8      0x290 ./SDK/platform/drivers/src/clock/S32K1xx/clock_S32K1xx.o
 .text.CLOCK_SYS_GetScgClkOutFreq
                0x00003238      0x19c ./SDK/platform/drivers/src/clock/S32K1xx/clock_S32K1xx.o
 .text.CLOCK_SYS_GetSimClkOutFreq.part.5
                0x000033d4      0x15c ./SDK/platform/drivers/src/clock/S32K1xx/clock_S32K1xx.o
 .text.CLOCK_SYS_GetSystemClockFreq
                0x00003530      0x118 ./SDK/platform/drivers/src/clock/S32K1xx/clock_S32K1xx.o
 .text.unlikely.CLOCK_SYS_GetPeripheralClock
                0x00003648      0x1d0 ./SDK/platform/drivers/src/clock/S32K1xx/clock_S32K1xx.o
 .text.CLOCK_SYS_SetConfiguration
                0x00003818      0x568 ./SDK/platform/drivers/src/clock/S32K1xx/clock_S32K1xx.o
                0x00003818                CLOCK_SYS_SetConfiguration
 .text.CLOCK_SYS_GetFreq
                0x00003d80      0x4c0 ./SDK/platform/drivers/src/clock/S32K1xx/clock_S32K1xx.o
                0x00003d80                CLOCK_SYS_GetFreq
 .text.CLOCK_DRV_Init
                0x00004240        0x4 ./SDK/platform/drivers/src/clock/S32K1xx/clock_S32K1xx.o
                0x00004240                CLOCK_DRV_Init
 .text.init_data_bss
                0x00004244       0x84 ./SDK/platform/devices/startup.o
                0x00004244                init_data_bss
 .text.SystemInit
                0x000042c8       0x20 ./SDK/platform/devices/S32K144/startup/system_S32K144.o
                0x000042c8                SystemInit
 .text.memcpy   0x000042e8       0x16 C:/NXP/S32DS_ARM_v2018.R1/S32DS/arm_ewl2/lib/armv7e-m\libc99.a(memcpy.o)
                0x000042e8                memcpy
 .text.memset   0x000042fe        0xc C:/NXP/S32DS_ARM_v2018.R1/S32DS/arm_ewl2/lib/armv7e-m\libc99.a(memset.o)
                0x000042fe                memset
 .text.__fill_mem
                0x0000430a       0x7a C:/NXP/S32DS_ARM_v2018.R1/S32DS/arm_ewl2/lib/armv7e-m\libc99.a(__filll_mem.o)
                0x0000430a                __fill_mem
 *(.rodata)
 *(.rodata*)
 .rodata.s_lpuartBase
                0x00004384        0xc ./SDK/platform/drivers/src/lpuart/lpuart_driver.o
 .rodata.s_lpuartRxTxIrqId
                0x00004390        0x3 ./SDK/platform/drivers/src/lpuart/lpuart_driver.o
 *fill*         0x00004393        0x1 
 .rodata.s_lpuartClkNames
                0x00004394        0x3 ./SDK/platform/drivers/src/lpuart/lpuart_driver.o
 *fill*         0x00004397        0x1 
 .rodata.maxClocksFreq.6397
                0x00004398       0x24 ./SDK/platform/drivers/src/clock/S32K1xx/clock_S32K1xx.o
 .rodata.fircFreq.6452
                0x000043bc       0x10 ./SDK/platform/drivers/src/clock/S32K1xx/clock_S32K1xx.o
 .rodata.clockNameMappings
                0x000043cc       0x9e ./SDK/platform/drivers/src/clock/S32K1xx/clock_S32K1xx.o
                0x000043cc                clockNameMappings
 *fill*         0x0000446a        0x2 
 .rodata.peripheralFeaturesList
                0x0000446c       0x4f ./SDK/platform/drivers/src/clock/S32K1xx/clock_S32K1xx.o
                0x0000446c                peripheralFeaturesList
 *fill*         0x000044bb        0x1 
 .rodata.lpuart0_InitConfig0
                0x000044bc        0xc ./Generated_Code/lpuart0.o
                0x000044bc                lpuart0_InitConfig0
 .rodata.Flash_InitConfig0
                0x000044c8       0x14 ./Generated_Code/Flash.o
                0x000044c8                Flash_InitConfig0
 *(.glue_7)
 .glue_7        0x00000000        0x0 linker stubs
 *(.glue_7t)
 .glue_7t       0x00000000        0x0 linker stubs
 *(.eh_frame)
 *(.init)
 *(.fini)
                0x000044dc                . = ALIGN (0x4)

.vfp11_veneer   0x000044dc        0x0
 .vfp11_veneer  0x00000000        0x0 linker stubs

.v4_bx          0x000044dc        0x0
 .v4_bx         0x00000000        0x0 linker stubs

.iplt           0x000044dc        0x0
 .iplt          0x00000000        0x0 C:/NXP/S32DS_ARM_v2018.R1/S32DS/arm_ewl2/lib/armv7e-m/__arm_start-hosted.o

.rel.dyn        0x000044dc        0x0
 .rel.iplt      0x00000000        0x0 C:/NXP/S32DS_ARM_v2018.R1/S32DS/arm_ewl2/lib/armv7e-m/__arm_start-hosted.o

.ARM.extab
 *(.ARM.extab* .gnu.linkonce.armextab.*)

.ARM            0x000044dc        0x0
                0x000044dc                __exidx_start = .
 *(.ARM.exidx*)
                0x000044dc                __exidx_end = .

.ctors          0x000044dc        0x0
                0x000044dc                __CTOR_LIST__ = .
 *crtbegin.o(.ctors)
 *crtbegin?.o(.ctors)
 *(EXCLUDE_FILE(*crtend.o *crtend?.o) .ctors)
 *(SORT(.ctors.*))
 *(.ctors)
                0x000044dc                __CTOR_END__ = .

.dtors          0x000044dc        0x0
                0x000044dc                __DTOR_LIST__ = .
 *crtbegin.o(.dtors)
 *crtbegin?.o(.dtors)
 *(EXCLUDE_FILE(*crtend.o *crtend?.o) .dtors)
 *(SORT(.dtors.*))
 *(.dtors)
                0x000044dc                __DTOR_END__ = .

.preinit_array  0x000044dc        0x0
                0x000044dc                PROVIDE (__preinit_array_start, .)
 *(.preinit_array*)
                0x000044dc                PROVIDE (__preinit_array_end, .)

.init_array     0x000044dc        0x0
                0x000044dc                PROVIDE (__init_array_start, .)
 *(SORT(.init_array.*))
 *(.init_array*)
                0x000044dc                PROVIDE (__init_array_end, .)

.fini_array     0x000044dc        0x0
                0x000044dc                PROVIDE (__fini_array_start, .)
 *(SORT(.fini_array.*))
 *(.fini_array*)
                0x000044dc                PROVIDE (__fini_array_end, .)
                0x000044dc                __etext = .
                0x000044dc                __DATA_ROM = .

.interrupts_ram
                0x1fff8000      0x400
                0x1fff8000                . = ALIGN (0x4)
                0x1fff8000                __VECTOR_RAM__ = .
                0x1fff8000                __interrupts_ram_start__ = .
 *(.m_interrupts_ram)
                0x1fff8400                . = (. + M_VECTOR_RAM_SIZE)
 *fill*         0x1fff8000      0x400 
                0x1fff8400                . = ALIGN (0x4)
                0x1fff8400                __interrupts_ram_end__ = .
                0x1fff8000                __VECTOR_RAM = DEFINED (__flash_vector_table__)?ORIGIN (m_interrupts):__VECTOR_RAM__
                0x00000400                __RAM_VECTOR_TABLE_SIZE = DEFINED (__flash_vector_table__)?0x0:(__interrupts_ram_end__ - __interrupts_ram_start__)

.data           0x1fff8400      0x6f4 load address 0x000044dc
                0x1fff8400                . = ALIGN (0x4)
                0x1fff8400                __DATA_RAM = .
                0x1fff8400                __data_start__ = .
 *(.data)
 *(.data*)
 .data.uart_rx_ring_buffer
                0x1fff8400        0xc ./Sources/pc_communication.o
                0x1fff8400                uart_rx_ring_buffer
 .data.g_lpuartIsr
                0x1fff840c        0xc ./SDK/platform/drivers/src/lpuart/lpuart_irq.o
                0x1fff840c                g_lpuartIsr
 .data.g_lpspiBase
                0x1fff8418        0xc ./SDK/platform/drivers/src/lpspi/lpspi_shared_function.o
                0x1fff8418                g_lpspiBase
 .data.peripheralClockConfig.6177
                0x1fff8424       0xa0 ./SDK/platform/drivers/src/clock/S32K1xx/clock_S32K1xx.o
 .data.g_pin_mux_InitConfigArr
                0x1fff84c4      0x570 ./Generated_Code/pin_mux.o
                0x1fff84c4                g_pin_mux_InitConfigArr
 .data.peripheralClockConfig0
                0x1fff8a34       0x46 ./Generated_Code/clockManager1.o
                0x1fff8a34                peripheralClockConfig0
 *fill*         0x1fff8a7a        0x2 
 .data.clockManager1_InitConfig0
                0x1fff8a7c       0x78 ./Generated_Code/clockManager1.o
                0x1fff8a7c                clockManager1_InitConfig0
 *(.jcr*)
                0x1fff8af4                . = ALIGN (0x4)
                0x1fff8af4                __data_end__ = .
                0x00004bd0                __DATA_END = (__DATA_ROM + (__data_end__ - __data_start__))
                0x00004bd0                __CODE_ROM = __DATA_END

.igot.plt       0x1fff8af4        0x0 load address 0x00004bd0
 .igot.plt      0x00000000        0x0 C:/NXP/S32DS_ARM_v2018.R1/S32DS/arm_ewl2/lib/armv7e-m/__arm_start-hosted.o

.code           0x1fff8af4        0x0 load address 0x00004bd0
                0x1fff8af4                . = ALIGN (0x4)
                0x1fff8af4                __CODE_RAM = .
                0x1fff8af4                __code_start__ = .
 *(.code_ram)
                0x1fff8af4                . = ALIGN (0x4)
                0x1fff8af4                __code_end__ = .
                0x00004bd0                __CODE_END = (__CODE_ROM + (__code_end__ - __code_start__))

.customSectionBlock
 *(.customSection)

.bss            0x20000000      0x2f8
                0x20000000                . = ALIGN (0x4)
                0x20000000                __BSS_START = .
                0x20000000                __bss_start__ = .
 *(.bss)
 *(.bss*)
 .bss.isFirmwareDownloading
                0x20000000        0x1 ./Sources/pc_communication.o
                0x20000000                isFirmwareDownloading
 *fill*         0x20000001        0x3 
 .bss.byteCount.7420
                0x20000004        0x4 ./Sources/pc_communication.o
 .bss.isDataPacketCorrect.7422
                0x20000008        0x1 ./Sources/pc_communication.o
 *fill*         0x20000009        0x3 
 .bss.uart_rx_buffer
                0x2000000c      0x100 ./Sources/pc_communication.o
                0x2000000c                uart_rx_buffer
 .bss.PC2UART_ReceiverStatus
                0x2000010c        0x1 ./Sources/pc_communication.o
                0x2000010c                PC2UART_ReceiverStatus
 .bss.isWriteSuccessful.7421
                0x2000010d        0x1 ./Sources/pc_communication.o
 *fill*         0x2000010e        0x2 
 .bss.exit_code
                0x20000110        0x4 ./Sources/main.o
                0x20000110                exit_code
 .bss.new_firmware_status
                0x20000114        0xc ./Sources/bootloader.o
                0x20000114                new_firmware_status
 .bss.flash_CurrentWrite64BytesStartAddress
                0x20000120        0x4 ./Sources/bootloader.o
 .bss.flash_Write64BytesCount
                0x20000124        0x4 ./Sources/bootloader.o
 .bss.flash_CurrentSectorIndex
                0x20000128        0x4 ./Sources/bootloader.o
 .bss.flash_LastWrite64BytesStartAddress
                0x2000012c        0x4 ./Sources/bootloader.o
 .bss.flash_WriteBuffer
                0x20000130       0x40 ./Sources/bootloader.o
 .bss.s_osif_tick_cnt
                0x20000170        0x4 ./SDK/rtos/osif/osif_baremetal.o
 .bss.s_lpuartStatePtr
                0x20000174        0xc ./SDK/platform/drivers/src/lpuart/lpuart_driver.o
 .bss.g_lpspiStatePtr
                0x20000180        0xc ./SDK/platform/drivers/src/lpspi/lpspi_shared_function.o
                0x20000180                g_lpspiStatePtr
 .bss.g_interruptDisableCount
                0x2000018c        0x4 ./SDK/platform/drivers/src/interrupt/interrupt_manager.o
 .bss.s_virtEdmaState
                0x20000190        0x4 ./SDK/platform/drivers/src/edma/edma_driver.o
 *(COMMON)
 COMMON         0x20000194       0xff ./Sources/pc_communication.o
                0x20000194                rx_data_packet
 *fill*         0x20000293        0x1 
 COMMON         0x20000294       0x1c ./Sources/bootloader.o
                0x20000294                flashSSDConfig
 COMMON         0x200002b0       0x14 ./SDK/platform/drivers/src/clock/S32K1xx/clock_S32K1xx.o
                0x200002b0                g_xtal0ClkFreq
                0x200002b4                g_RtcClkInFreq
                0x200002b8                g_TClkFreq
 COMMON         0x200002c4       0x34 ./Generated_Code/lpuart0.o
                0x200002c4                lpuart0_State
                0x200002f8                . = ALIGN (0x4)
                0x200002f8                __bss_end__ = .
                0x200002f8                __BSS_END = .

.heap           0x200002f8      0x400
                0x200002f8                . = ALIGN (0x8)
                0x200002f8                __end__ = .
                0x200002f8                PROVIDE (end, .)
                0x200002f8                PROVIDE (_end, .)
                0x200002f8                PROVIDE (__end, .)
                0x200002f8                __HeapBase = .
                0x200006f8                . = (. + HEAP_SIZE)
 *fill*         0x200002f8      0x400 
                0x200006f8                __HeapLimit = .
                0x200006f8                __heap_limit = .

.stack          0x200006f8      0x400
                0x200006f8                . = ALIGN (0x8)
                0x20000af8                . = (. + STACK_SIZE)
 *fill*         0x200006f8      0x400 
                0x20007000                __StackTop = (ORIGIN (m_data_2) + 0x7000)
                0x20006c00                __StackLimit = (__StackTop - STACK_SIZE)
                0x20007000                PROVIDE (__stack, __StackTop)

.ARM.attributes
                0x00000000       0x31
 *(.ARM.attributes)
 .ARM.attributes
                0x00000000       0x33 ./Sources/pc_communication.o
 .ARM.attributes
                0x00000033       0x33 ./Sources/main.o
 .ARM.attributes
                0x00000066       0x33 ./Sources/bootloader.o
 .ARM.attributes
                0x00000099       0x33 ./SDK/rtos/osif/osif_baremetal.o
 .ARM.attributes
                0x000000cc       0x33 ./SDK/platform/drivers/src/pins/pins_port_hw_access.o
 .ARM.attributes
                0x000000ff       0x33 ./SDK/platform/drivers/src/pins/pins_driver.o
 .ARM.attributes
                0x00000132       0x33 ./SDK/platform/drivers/src/lpuart/lpuart_irq.o
 .ARM.attributes
                0x00000165       0x33 ./SDK/platform/drivers/src/lpuart/lpuart_hw_access.o
 .ARM.attributes
                0x00000198       0x33 ./SDK/platform/drivers/src/lpuart/lpuart_driver.o
 .ARM.attributes
                0x000001cb       0x33 ./SDK/platform/drivers/src/lpspi/lpspi_slave_driver.o
 .ARM.attributes
                0x000001fe       0x33 ./SDK/platform/drivers/src/lpspi/lpspi_shared_function.o
 .ARM.attributes
                0x00000231       0x33 ./SDK/platform/drivers/src/lpspi/lpspi_master_driver.o
 .ARM.attributes
                0x00000264       0x33 ./SDK/platform/drivers/src/lpspi/lpspi_irq.o
 .ARM.attributes
                0x00000297       0x33 ./SDK/platform/drivers/src/lpspi/lpspi_hw_access.o
 .ARM.attributes
                0x000002ca       0x33 ./SDK/platform/drivers/src/interrupt/interrupt_manager.o
 .ARM.attributes
                0x000002fd       0x33 ./SDK/platform/drivers/src/flash/flash_driver.o
 .ARM.attributes
                0x00000330       0x33 ./SDK/platform/drivers/src/edma/edma_irq.o
 .ARM.attributes
                0x00000363       0x33 ./SDK/platform/drivers/src/edma/edma_hw_access.o
 .ARM.attributes
                0x00000396       0x33 ./SDK/platform/drivers/src/edma/edma_driver.o
 .ARM.attributes
                0x000003c9       0x33 ./SDK/platform/drivers/src/clock/S32K1xx/clock_S32K1xx.o
 .ARM.attributes
                0x000003fc       0x33 ./SDK/platform/devices/startup.o
 .ARM.attributes
                0x0000042f       0x33 ./SDK/platform/devices/S32K144/startup/system_S32K144.o
 .ARM.attributes
                0x00000462       0x1b ./Project_Settings/Startup_Code/startup_S32K144.o
 .ARM.attributes
                0x0000047d       0x33 ./Generated_Code/pin_mux.o
 .ARM.attributes
                0x000004b0       0x33 ./Generated_Code/lpuart0.o
 .ARM.attributes
                0x000004e3       0x33 ./Generated_Code/clockManager1.o
 .ARM.attributes
                0x00000516       0x33 ./Generated_Code/Flash.o
 .ARM.attributes
                0x00000549       0x33 C:/NXP/S32DS_ARM_v2018.R1/S32DS/arm_ewl2/lib/armv7e-m\libc99.a(memcpy.o)
 .ARM.attributes
                0x0000057c       0x33 C:/NXP/S32DS_ARM_v2018.R1/S32DS/arm_ewl2/lib/armv7e-m\libc99.a(memset.o)
 .ARM.attributes
                0x000005af       0x33 C:/NXP/S32DS_ARM_v2018.R1/S32DS/arm_ewl2/lib/armv7e-m\libc99.a(__filll_mem.o)
                0x00000001                ASSERT ((__StackLimit >= __HeapLimit), region m_data_2 overflowed with stack and heap)
OUTPUT(AutoLivBootloader.elf elf32-littlearm)

.comment        0x00000000       0x70
 .comment       0x00000000       0x70 ./Sources/pc_communication.o
                                 0x71 (size before relaxing)
 .comment       0x00000000       0x71 ./Sources/main.o
 .comment       0x00000000       0x71 ./Sources/bootloader.o
 .comment       0x00000000       0x71 ./SDK/rtos/osif/osif_baremetal.o
 .comment       0x00000000       0x71 ./SDK/platform/drivers/src/pins/pins_port_hw_access.o
 .comment       0x00000000       0x71 ./SDK/platform/drivers/src/pins/pins_driver.o
 .comment       0x00000000       0x71 ./SDK/platform/drivers/src/lpuart/lpuart_irq.o
 .comment       0x00000000       0x71 ./SDK/platform/drivers/src/lpuart/lpuart_hw_access.o
 .comment       0x00000000       0x71 ./SDK/platform/drivers/src/lpuart/lpuart_driver.o
 .comment       0x00000000       0x71 ./SDK/platform/drivers/src/lpspi/lpspi_slave_driver.o
 .comment       0x00000000       0x71 ./SDK/platform/drivers/src/lpspi/lpspi_shared_function.o
 .comment       0x00000000       0x71 ./SDK/platform/drivers/src/lpspi/lpspi_master_driver.o
 .comment       0x00000000       0x71 ./SDK/platform/drivers/src/lpspi/lpspi_irq.o
 .comment       0x00000000       0x71 ./SDK/platform/drivers/src/lpspi/lpspi_hw_access.o
 .comment       0x00000000       0x71 ./SDK/platform/drivers/src/interrupt/interrupt_manager.o
 .comment       0x00000000       0x71 ./SDK/platform/drivers/src/flash/flash_driver.o
 .comment       0x00000000       0x71 ./SDK/platform/drivers/src/edma/edma_irq.o
 .comment       0x00000000       0x71 ./SDK/platform/drivers/src/edma/edma_hw_access.o
 .comment       0x00000000       0x71 ./SDK/platform/drivers/src/edma/edma_driver.o
 .comment       0x00000000       0x71 ./SDK/platform/drivers/src/clock/S32K1xx/clock_S32K1xx.o
 .comment       0x00000000       0x71 ./SDK/platform/devices/startup.o
 .comment       0x00000000       0x71 ./SDK/platform/devices/S32K144/startup/system_S32K144.o
 .comment       0x00000000       0x71 ./Generated_Code/pin_mux.o
 .comment       0x00000000       0x71 ./Generated_Code/lpuart0.o
 .comment       0x00000000       0x71 ./Generated_Code/clockManager1.o
 .comment       0x00000000       0x71 ./Generated_Code/Flash.o
 .comment       0x00000000       0x71 C:/NXP/S32DS_ARM_v2018.R1/S32DS/arm_ewl2/lib/armv7e-m\libc99.a(memcpy.o)
 .comment       0x00000000       0x71 C:/NXP/S32DS_ARM_v2018.R1/S32DS/arm_ewl2/lib/armv7e-m\libc99.a(memset.o)
 .comment       0x00000000       0x71 C:/NXP/S32DS_ARM_v2018.R1/S32DS/arm_ewl2/lib/armv7e-m\libc99.a(__filll_mem.o)

.debug_info     0x00000000      0x334
 .debug_info    0x00000000      0x111 C:/NXP/S32DS_ARM_v2018.R1/S32DS/arm_ewl2/lib/armv7e-m\libc99.a(memcpy.o)
 .debug_info    0x00000111       0xec C:/NXP/S32DS_ARM_v2018.R1/S32DS/arm_ewl2/lib/armv7e-m\libc99.a(memset.o)
 .debug_info    0x000001fd      0x137 C:/NXP/S32DS_ARM_v2018.R1/S32DS/arm_ewl2/lib/armv7e-m\libc99.a(__filll_mem.o)

.debug_abbrev   0x00000000      0x16f
 .debug_abbrev  0x00000000       0x95 C:/NXP/S32DS_ARM_v2018.R1/S32DS/arm_ewl2/lib/armv7e-m\libc99.a(memcpy.o)
 .debug_abbrev  0x00000095       0x62 C:/NXP/S32DS_ARM_v2018.R1/S32DS/arm_ewl2/lib/armv7e-m\libc99.a(memset.o)
 .debug_abbrev  0x000000f7       0x78 C:/NXP/S32DS_ARM_v2018.R1/S32DS/arm_ewl2/lib/armv7e-m\libc99.a(__filll_mem.o)

.debug_loc      0x00000000      0x246
 .debug_loc     0x00000000       0x77 C:/NXP/S32DS_ARM_v2018.R1/S32DS/arm_ewl2/lib/armv7e-m\libc99.a(memcpy.o)
 .debug_loc     0x00000077       0x64 C:/NXP/S32DS_ARM_v2018.R1/S32DS/arm_ewl2/lib/armv7e-m\libc99.a(memset.o)
 .debug_loc     0x000000db      0x16b C:/NXP/S32DS_ARM_v2018.R1/S32DS/arm_ewl2/lib/armv7e-m\libc99.a(__filll_mem.o)

.debug_aranges  0x00000000       0x60
 .debug_aranges
                0x00000000       0x20 C:/NXP/S32DS_ARM_v2018.R1/S32DS/arm_ewl2/lib/armv7e-m\libc99.a(memcpy.o)
 .debug_aranges
                0x00000020       0x20 C:/NXP/S32DS_ARM_v2018.R1/S32DS/arm_ewl2/lib/armv7e-m\libc99.a(memset.o)
 .debug_aranges
                0x00000040       0x20 C:/NXP/S32DS_ARM_v2018.R1/S32DS/arm_ewl2/lib/armv7e-m\libc99.a(__filll_mem.o)

.debug_line     0x00000000      0x1c9
 .debug_line    0x00000000       0x88 C:/NXP/S32DS_ARM_v2018.R1/S32DS/arm_ewl2/lib/armv7e-m\libc99.a(memcpy.o)
 .debug_line    0x00000088       0x8f C:/NXP/S32DS_ARM_v2018.R1/S32DS/arm_ewl2/lib/armv7e-m\libc99.a(memset.o)
 .debug_line    0x00000117       0xb2 C:/NXP/S32DS_ARM_v2018.R1/S32DS/arm_ewl2/lib/armv7e-m\libc99.a(__filll_mem.o)

.debug_str      0x00000000      0x228
 .debug_str     0x00000000      0x1d0 C:/NXP/S32DS_ARM_v2018.R1/S32DS/arm_ewl2/lib/armv7e-m\libc99.a(memcpy.o)
                                0x217 (size before relaxing)
 .debug_str     0x000001d0       0x2b C:/NXP/S32DS_ARM_v2018.R1/S32DS/arm_ewl2/lib/armv7e-m\libc99.a(memset.o)
                                0x21f (size before relaxing)
 .debug_str     0x000001fb       0x2d C:/NXP/S32DS_ARM_v2018.R1/S32DS/arm_ewl2/lib/armv7e-m\libc99.a(__filll_mem.o)
                                0x231 (size before relaxing)

.debug_frame    0x00000000       0x78
 .debug_frame   0x00000000       0x28 C:/NXP/S32DS_ARM_v2018.R1/S32DS/arm_ewl2/lib/armv7e-m\libc99.a(memcpy.o)
 .debug_frame   0x00000028       0x28 C:/NXP/S32DS_ARM_v2018.R1/S32DS/arm_ewl2/lib/armv7e-m\libc99.a(memset.o)
 .debug_frame   0x00000050       0x28 C:/NXP/S32DS_ARM_v2018.R1/S32DS/arm_ewl2/lib/armv7e-m\libc99.a(__filll_mem.o)
